Looking in indexes: http://mirrors.aliyun.com/pypi/simple
Collecting spacy<3.9,>=3.8
  Downloading http://mirrors.aliyun.com/pypi/packages/b9/9c/3b5d64a72ac40cf584134c6639ac67f8f2d504eb081c91da3ad2ffae5c04/spacy-3.8.16-cp312-cp312-manylinux_2_24_x86_64.manylinux_2_28_x86_64.whl (35.5 MB)
     ━━━━━━━━━━━━━━━━━━━━━━━━━━━━━━━━━━━━━━━━ 35.5/35.5 MB 1.8 MB/s eta 0:00:00
Collecting spacy-legacy<3.1.0,>=3.0.11 (from spacy<3.9,>=3.8)
  Downloading http://mirrors.aliyun.com/pypi/packages/c3/55/12e842c70ff8828e34e543a2c7176dac4da006ca6901c9e8b43efab8bc6b/spacy_legacy-3.0.12-py2.py3-none-any.whl (29 kB)
Collecting spacy-loggers<2.0.0,>=1.0.0 (from spacy<3.9,>=3.8)
  Downloading http://mirrors.aliyun.com/pypi/packages/33/78/d1a1a026ef3af911159398c939b1509d5c36fe524c7b644f34a5146c4e16/spacy_loggers-1.0.5-py3-none-any.whl (22 kB)
Collecting murmurhash<1.1.0,>=0.28.0 (from spacy<3.9,>=3.8)
  Downloading http://mirrors.aliyun.com/pypi/packages/ff/30/ea8f601a9bf44db99468696efd59eb9cff1157cd55cb586d67116697583f/murmurhash-1.0.15-cp312-cp312-manylinux1_x86_64.manylinux2014_x86_64.manylinux_2_17_x86_64.manylinux_2_5_x86_64.whl (134 kB)
Collecting cymem<2.1.0,>=2.0.2 (from spacy<3.9,>=3.8)
  Downloading http://mirrors.aliyun.com/pypi/packages/eb/12/678d16f7aa1996f947bf17b8cfb917ea9c9674ef5e2bd3690c04123d5680/cymem-2.0.13-cp312-cp312-manylinux2014_x86_64.manylinux_2_17_x86_64.whl (260 kB)
Collecting preshed<3.1.0,>=3.0.2 (from spacy<3.9,>=3.8)
  Downloading http://mirrors.aliyun.com/pypi/packages/51/94/8c9bc48a6ea4903f53a1a0031ce8e35687526949f25821762ef21493c007/preshed-3.0.13-cp312-cp312-manylinux2014_x86_64.manylinux_2_17_x86_64.whl (868 kB)
     ━━━━━━━━━━━━━━━━━━━━━━━━━━━━━━━━━━━━━━━ 869.0/869.0 kB 1.6 MB/s eta 0:00:00
Collecting thinc<8.4.0,>=8.3.12 (from spacy<3.9,>=3.8)
  Downloading http://mirrors.aliyun.com/pypi/packages/f9/ff/6914bf370bd1d604d89e6dfb46b97d10cd9b00d42ff8c036283e92314a8c/thinc-8.3.13-cp312-cp312-manylinux2014_x86_64.manylinux_2_17_x86_64.whl (3.9 MB)
     ━━━━━━━━━━━━━━━━━━━━━━━━━━━━━━━━━━━━━━━━ 3.9/3.9 MB 1.9 MB/s eta 0:00:00
Collecting wasabi<1.2.0,>=0.9.1 (from spacy<3.9,>=3.8)
  Downloading http://mirrors.aliyun.com/pypi/packages/06/7c/34330a89da55610daa5f245ddce5aab81244321101614751e7537f125133/wasabi-1.1.3-py3-none-any.whl (27 kB)
Collecting srsly<3.0.0,>=2.5.3 (from spacy<3.9,>=3.8)
  Downloading http://mirrors.aliyun.com/pypi/packages/4e/c9/741e29f534919a944a16da4184924b1d3404c4bf60716ab2b91be771d1e3/srsly-2.5.3-cp312-cp312-manylinux2014_x86_64.manylinux_2_17_x86_64.whl (1.2 MB)
     ━━━━━━━━━━━━━━━━━━━━━━━━━━━━━━━━━━━━━━━━ 1.2/1.2 MB 1.7 MB/s eta 0:00:00
Collecting catalogue<2.1.0,>=2.0.6 (from spacy<3.9,>=3.8)
  Downloading http://mirrors.aliyun.com/pypi/packages/9e/96/d32b941a501ab566a16358d68b6eb4e4acc373fab3c3c4d7d9e649f7b4bb/catalogue-2.0.10-py3-none-any.whl (17 kB)
Collecting weasel<2.0.0,>=1.0.0 (from spacy<3.9,>=3.8)
  Downloading http://mirrors.aliyun.com/pypi/packages/0a/07/57ebf7a6798b016c064bd0ca81b4c6a99daa4dc377b898bc7b41eb6b5af0/weasel-1.0.0-py3-none-any.whl (50 kB)
Collecting confection<2.0.0,>=1.3.2 (from spacy<3.9,>=3.8)
  Downloading http://mirrors.aliyun.com/pypi/packages/8d/e4/d66708bdf0d92fb4d49b22cdff4b10cec38aca5dcd7e81d909bb55c65cd7/confection-1.3.3-py3-none-any.whl (35 kB)
Requirement already satisfied: typer<1.0.0,>=0.3.0 in ${SITE_PACKAGES} (from spacy<3.9,>=3.8) (0.24.1)
Requirement already satisfied: click<9.0.0,>=8.2.1 in ${ARTIFACT_ROOT}/codex_qwen35_isolated_import_20260908_v1/env/lib/python3.12/site-packages (from spacy<3.9,>=3.8) (8.4.2)
Requirement already satisfied: tqdm<5.0.0,>=4.38.0 in ${SITE_PACKAGES} (from spacy<3.9,>=3.8) (4.67.1)
Requirement already satisfied: numpy>=1.19.0 in ${SITE_PACKAGES} (from spacy<3.9,>=3.8) (1.26.4)
Requirement already satisfied: requests<3.0.0,>=2.13.0 in ${SITE_PACKAGES} (from spacy<3.9,>=3.8) (2.32.3)
Requirement already satisfied: pydantic<3.0.0,>=2.0.0 in ${SITE_PACKAGES} (from spacy<3.9,>=3.8) (2.12.3)
Requirement already satisfied: jinja2 in ${SITE_PACKAGES} (from spacy<3.9,>=3.8) (3.1.6)
Requirement already satisfied: setuptools in ${SITE_PACKAGES} (from spacy<3.9,>=3.8) (80.10.2)
Requirement already satisfied: packaging>=20.0 in ${SITE_PACKAGES} (from spacy<3.9,>=3.8) (26.0)
Requirement already satisfied: annotated-types>=0.6.0 in ${SITE_PACKAGES} (from pydantic<3.0.0,>=2.0.0->spacy<3.9,>=3.8) (0.7.0)
Requirement already satisfied: pydantic-core==2.41.4 in ${SITE_PACKAGES} (from pydantic<3.0.0,>=2.0.0->spacy<3.9,>=3.8) (2.41.4)
Requirement already satisfied: typing-extensions>=4.14.1 in ${SITE_PACKAGES} (from pydantic<3.0.0,>=2.0.0->spacy<3.9,>=3.8) (4.15.0)
Requirement already satisfied: typing-inspection>=0.4.2 in ${SITE_PACKAGES} (from pydantic<3.0.0,>=2.0.0->spacy<3.9,>=3.8) (0.4.2)
Requirement already satisfied: charset_normalizer<4,>=2 in ${SITE_PACKAGES} (from requests<3.0.0,>=2.13.0->spacy<3.9,>=3.8) (3.4.1)
Requirement already satisfied: idna<4,>=2.5 in ${SITE_PACKAGES} (from requests<3.0.0,>=2.13.0->spacy<3.9,>=3.8) (3.10)
Requirement already satisfied: urllib3<3,>=1.21.1 in ${SITE_PACKAGES} (from requests<3.0.0,>=2.13.0->spacy<3.9,>=3.8) (2.3.0)
Requirement already satisfied: certifi>=2017.4.17 in ${SITE_PACKAGES} (from requests<3.0.0,>=2.13.0->spacy<3.9,>=3.8) (2026.2.25)
Collecting blis<1.4.0,>=1.3.0 (from thinc<8.4.0,>=8.3.12->spacy<3.9,>=3.8)
  Downloading http://mirrors.aliyun.com/pypi/packages/d5/ad/58deaa3ad856dd3cc96493e40ffd2ed043d18d4d304f85a65cde1ccbf644/blis-1.3.3-cp312-cp312-manylinux2014_x86_64.manylinux_2_17_x86_64.whl (11.4 MB)
     ━━━━━━━━━━━━━━━━━━━━━━━━━━━━━━━━━━━━━━━━ 11.4/11.4 MB 1.8 MB/s eta 0:00:00
Requirement already satisfied: shellingham>=1.3.0 in ${SITE_PACKAGES} (from typer<1.0.0,>=0.3.0->spacy<3.9,>=3.8) (1.5.4)
Requirement already satisfied: rich>=12.3.0 in ${SITE_PACKAGES} (from typer<1.0.0,>=0.3.0->spacy<3.9,>=3.8) (15.0.0)
Requirement already satisfied: annotated-doc>=0.0.2 in ${SITE_PACKAGES} (from typer<1.0.0,>=0.3.0->spacy<3.9,>=3.8) (0.0.4)
Collecting cloudpathlib>=0.7.0 (from weasel<2.0.0,>=1.0.0->spacy<3.9,>=3.8)
  Downloading http://mirrors.aliyun.com/pypi/packages/37/f9/9084c945d0b3ef8f129b4f0dd21baec759761a337902b70f17a3945015dd/cloudpathlib-0.25.0-py3-none-any.whl (66 kB)
Collecting smart-open>=5.2.1 (from weasel<2.0.0,>=1.0.0->spacy<3.9,>=3.8)
  Downloading http://mirrors.aliyun.com/pypi/packages/c3/96/325b8c507ccecc50421fecc0345a502ee6e4a44785af3c4e6ecbadad624a/smart_open-8.0.1-py3-none-any.whl (73 kB)
Requirement already satisfied: httpx>=0.24.0 in ${SITE_PACKAGES} (from weasel<2.0.0,>=1.0.0->spacy<3.9,>=3.8) (0.28.1)
Requirement already satisfied: MarkupSafe>=2.0 in ${SITE_PACKAGES} (from jinja2->spacy<3.9,>=3.8) (3.0.2)
Requirement already satisfied: anyio in ${SITE_PACKAGES} (from httpx>=0.24.0->weasel<2.0.0,>=1.0.0->spacy<3.9,>=3.8) (4.13.0)
Requirement already satisfied: httpcore==1.* in ${SITE_PACKAGES} (from httpx>=0.24.0->weasel<2.0.0,>=1.0.0->spacy<3.9,>=3.8) (1.0.9)
Requirement already satisfied: h11>=0.16 in ${SITE_PACKAGES} (from httpcore==1.*->httpx>=0.24.0->weasel<2.0.0,>=1.0.0->spacy<3.9,>=3.8) (0.16.0)
Requirement already satisfied: markdown-it-py>=2.2.0 in ${SITE_PACKAGES} (from rich>=12.3.0->typer<1.0.0,>=0.3.0->spacy<3.9,>=3.8) (4.0.0)
Requirement already satisfied: pygments<3.0.0,>=2.13.0 in ${SITE_PACKAGES} (from rich>=12.3.0->typer<1.0.0,>=0.3.0->spacy<3.9,>=3.8) (2.19.2)
Requirement already satisfied: wrapt in ${SITE_PACKAGES} (from smart-open>=5.2.1->weasel<2.0.0,>=1.0.0->spacy<3.9,>=3.8) (2.1.2)
Requirement already satisfied: mdurl~=0.1 in ${SITE_PACKAGES} (from markdown-it-py>=2.2.0->rich>=12.3.0->typer<1.0.0,>=0.3.0->spacy<3.9,>=3.8) (0.1.2)
Would install blis-1.3.3 catalogue-2.0.10 cloudpathlib-0.25.0 confection-1.3.3 cymem-2.0.13 murmurhash-1.0.15 preshed-3.0.13 smart_open-8.0.1 spacy-3.8.16 spacy-legacy-3.0.12 spacy-loggers-1.0.5 srsly-2.5.3 thinc-8.3.13 wasabi-1.1.3 weasel-1.0.0
Looking in indexes: http://mirrors.aliyun.com/pypi/simple
Collecting spacy==3.8.16
  Using cached http://mirrors.aliyun.com/pypi/packages/b9/9c/3b5d64a72ac40cf584134c6639ac67f8f2d504eb081c91da3ad2ffae5c04/spacy-3.8.16-cp312-cp312-manylinux_2_24_x86_64.manylinux_2_28_x86_64.whl (35.5 MB)
Collecting catalogue==2.0.10
  Using cached http://mirrors.aliyun.com/pypi/packages/9e/96/d32b941a501ab566a16358d68b6eb4e4acc373fab3c3c4d7d9e649f7b4bb/catalogue-2.0.10-py3-none-any.whl (17 kB)
Collecting confection==1.3.3
  Using cached http://mirrors.aliyun.com/pypi/packages/8d/e4/d66708bdf0d92fb4d49b22cdff4b10cec38aca5dcd7e81d909bb55c65cd7/confection-1.3.3-py3-none-any.whl (35 kB)
Collecting cymem==2.0.13
  Using cached http://mirrors.aliyun.com/pypi/packages/eb/12/678d16f7aa1996f947bf17b8cfb917ea9c9674ef5e2bd3690c04123d5680/cymem-2.0.13-cp312-cp312-manylinux2014_x86_64.manylinux_2_17_x86_64.whl (260 kB)
Collecting murmurhash==1.0.15
  Using cached http://mirrors.aliyun.com/pypi/packages/ff/30/ea8f601a9bf44db99468696efd59eb9cff1157cd55cb586d67116697583f/murmurhash-1.0.15-cp312-cp312-manylinux1_x86_64.manylinux2014_x86_64.manylinux_2_17_x86_64.manylinux_2_5_x86_64.whl (134 kB)
Collecting preshed==3.0.13
  Using cached http://mirrors.aliyun.com/pypi/packages/51/94/8c9bc48a6ea4903f53a1a0031ce8e35687526949f25821762ef21493c007/preshed-3.0.13-cp312-cp312-manylinux2014_x86_64.manylinux_2_17_x86_64.whl (868 kB)
Collecting spacy-legacy==3.0.12
  Using cached http://mirrors.aliyun.com/pypi/packages/c3/55/12e842c70ff8828e34e543a2c7176dac4da006ca6901c9e8b43efab8bc6b/spacy_legacy-3.0.12-py2.py3-none-any.whl (29 kB)
Collecting spacy-loggers==1.0.5
  Using cached http://mirrors.aliyun.com/pypi/packages/33/78/d1a1a026ef3af911159398c939b1509d5c36fe524c7b644f34a5146c4e16/spacy_loggers-1.0.5-py3-none-any.whl (22 kB)
Collecting srsly==2.5.3
  Using cached http://mirrors.aliyun.com/pypi/packages/4e/c9/741e29f534919a944a16da4184924b1d3404c4bf60716ab2b91be771d1e3/srsly-2.5.3-cp312-cp312-manylinux2014_x86_64.manylinux_2_17_x86_64.whl (1.2 MB)
Collecting thinc==8.3.13
  Using cached http://mirrors.aliyun.com/pypi/packages/f9/ff/6914bf370bd1d604d89e6dfb46b97d10cd9b00d42ff8c036283e92314a8c/thinc-8.3.13-cp312-cp312-manylinux2014_x86_64.manylinux_2_17_x86_64.whl (3.9 MB)
Collecting wasabi==1.1.3
  Using cached http://mirrors.aliyun.com/pypi/packages/06/7c/34330a89da55610daa5f245ddce5aab81244321101614751e7537f125133/wasabi-1.1.3-py3-none-any.whl (27 kB)
Collecting weasel==1.0.0
  Using cached http://mirrors.aliyun.com/pypi/packages/0a/07/57ebf7a6798b016c064bd0ca81b4c6a99daa4dc377b898bc7b41eb6b5af0/weasel-1.0.0-py3-none-any.whl (50 kB)
Collecting blis==1.3.3
  Using cached http://mirrors.aliyun.com/pypi/packages/d5/ad/58deaa3ad856dd3cc96493e40ffd2ed043d18d4d304f85a65cde1ccbf644/blis-1.3.3-cp312-cp312-manylinux2014_x86_64.manylinux_2_17_x86_64.whl (11.4 MB)
Collecting cloudpathlib==0.25.0
  Using cached http://mirrors.aliyun.com/pypi/packages/37/f9/9084c945d0b3ef8f129b4f0dd21baec759761a337902b70f17a3945015dd/cloudpathlib-0.25.0-py3-none-any.whl (66 kB)
Collecting smart_open==8.0.1
  Using cached http://mirrors.aliyun.com/pypi/packages/c3/96/325b8c507ccecc50421fecc0345a502ee6e4a44785af3c4e6ecbadad624a/smart_open-8.0.1-py3-none-any.whl (73 kB)
Installing collected packages: weasel, wasabi, thinc, srsly, spacy-loggers, spacy-legacy, spacy, smart_open, preshed, murmurhash, cymem, confection, cloudpathlib, catalogue, blis
Successfully installed blis-1.3.3 catalogue-2.0.10 cloudpathlib-0.25.0 confection-1.3.3 cymem-2.0.13 murmurhash-1.0.15 preshed-3.0.13 smart_open-8.0.1 spacy-3.8.16 spacy-legacy-3.0.12 spacy-loggers-1.0.5 srsly-2.5.3 thinc-8.3.13 wasabi-1.1.3 weasel-1.0.0
