Traceback (most recent call last):
  File "/tmp/codex_source_v2_gpu_20260910_v1/repo/research/temporary/all_baselines_20260910/preflight.py", line 69, in <module>
    if __name__=='__main__':main()
                            ^^^^^^
  File "/tmp/codex_source_v2_gpu_20260910_v1/repo/research/temporary/all_baselines_20260910/preflight.py", line 25, in main
    from transformers import AutoTokenizer
  File "<frozen importlib._bootstrap>", line 1412, in _handle_fromlist
  File "/opt/conda/lib/python3.12/site-packages/transformers/utils/import_utils.py", line 2317, in __getattr__
    module = self._get_module(self._class_to_module[name])
             ^^^^^^^^^^^^^^^^^^^^^^^^^^^^^^^^^^^^^^^^^^^^^
  File "/opt/conda/lib/python3.12/site-packages/transformers/utils/import_utils.py", line 2347, in _get_module
    raise e
  File "/opt/conda/lib/python3.12/site-packages/transformers/utils/import_utils.py", line 2345, in _get_module
    return importlib.import_module("." + module_name, self.__name__)
           ^^^^^^^^^^^^^^^^^^^^^^^^^^^^^^^^^^^^^^^^^^^^^^^^^^^^^^^^^
  File "/opt/conda/lib/python3.12/importlib/__init__.py", line 90, in import_module
    return _bootstrap._gcd_import(name[level:], package, level)
           ^^^^^^^^^^^^^^^^^^^^^^^^^^^^^^^^^^^^^^^^^^^^^^^^^^^^
  File "/opt/conda/lib/python3.12/site-packages/transformers/models/auto/tokenization_auto.py", line 40, in <module>
    from .auto_factory import _LazyAutoMapping
  File "/opt/conda/lib/python3.12/site-packages/transformers/models/auto/auto_factory.py", line 43, in <module>
    from ...generation import GenerationMixin
  File "<frozen importlib._bootstrap>", line 1412, in _handle_fromlist
  File "/opt/conda/lib/python3.12/site-packages/transformers/utils/import_utils.py", line 2317, in __getattr__
    module = self._get_module(self._class_to_module[name])
             ^^^^^^^^^^^^^^^^^^^^^^^^^^^^^^^^^^^^^^^^^^^^^
  File "/opt/conda/lib/python3.12/site-packages/transformers/utils/import_utils.py", line 2347, in _get_module
    raise e
  File "/opt/conda/lib/python3.12/site-packages/transformers/utils/import_utils.py", line 2345, in _get_module
    return importlib.import_module("." + module_name, self.__name__)
           ^^^^^^^^^^^^^^^^^^^^^^^^^^^^^^^^^^^^^^^^^^^^^^^^^^^^^^^^^
  File "/opt/conda/lib/python3.12/importlib/__init__.py", line 90, in import_module
    return _bootstrap._gcd_import(name[level:], package, level)
           ^^^^^^^^^^^^^^^^^^^^^^^^^^^^^^^^^^^^^^^^^^^^^^^^^^^^
  File "/opt/conda/lib/python3.12/site-packages/transformers/generation/utils.py", line 43, in <module>
    from ..masking_utils import create_masks_for_generate
  File "/opt/conda/lib/python3.12/site-packages/transformers/masking_utils.py", line 40, in <module>
    from torch._dynamo._trace_wrapped_higher_order_op import TransformGetItemToIndex
  File "/opt/conda/lib/python3.12/site-packages/torch/_dynamo/__init__.py", line 13, in <module>
    from . import config, convert_frame, eval_frame, resume_execution
  File "/opt/conda/lib/python3.12/site-packages/torch/_dynamo/convert_frame.py", line 53, in <module>
    from torch._dynamo.symbolic_convert import TensorifyState
  File "/opt/conda/lib/python3.12/site-packages/torch/_dynamo/symbolic_convert.py", line 52, in <module>
    from torch._dynamo.exc import TensorifyScalarRestartAnalysis
  File "/opt/conda/lib/python3.12/site-packages/torch/_dynamo/exc.py", line 41, in <module>
    from .utils import counters
  File "/opt/conda/lib/python3.12/site-packages/torch/_dynamo/utils.py", line 2341, in <module>
    if has_triton_package():
       ^^^^^^^^^^^^^^^^^^^^
  File "/opt/conda/lib/python3.12/site-packages/torch/utils/_triton.py", line 9, in has_triton_package
    from triton.compiler.compiler import triton_key
  File "/opt/conda/lib/python3.12/site-packages/triton/__init__.py", line 8, in <module>
    from .runtime import (
  File "/opt/conda/lib/python3.12/site-packages/triton/runtime/__init__.py", line 1, in <module>
    from .autotuner import (Autotuner, Config, Heuristics, autotune, heuristics)
  File "/opt/conda/lib/python3.12/site-packages/triton/runtime/autotuner.py", line 13, in <module>
    from ..testing import do_bench, do_bench_cudagraph
  File "/opt/conda/lib/python3.12/site-packages/triton/testing.py", line 7, in <module>
    from . import language as tl
  File "/opt/conda/lib/python3.12/site-packages/triton/language/__init__.py", line 4, in <module>
    from . import math
  File "/opt/conda/lib/python3.12/site-packages/triton/language/math.py", line 1, in <module>
    from . import core
  File "/opt/conda/lib/python3.12/site-packages/triton/language/core.py", line 10, in <module>
    from ..runtime.jit import jit
  File "/opt/conda/lib/python3.12/site-packages/triton/runtime/jit.py", line 12, in <module>
    from ..runtime.driver import driver
  File "/opt/conda/lib/python3.12/site-packages/triton/runtime/driver.py", line 1, in <module>
    from ..backends import backends
  File "/opt/conda/lib/python3.12/site-packages/triton/backends/__init__.py", line 50, in <module>
    backends = _discover_backends()
               ^^^^^^^^^^^^^^^^^^^^
  File "/opt/conda/lib/python3.12/site-packages/triton/backends/__init__.py", line 44, in _discover_backends
    driver = _load_module(name, os.path.join(root, name, 'driver.py'))
             ^^^^^^^^^^^^^^^^^^^^^^^^^^^^^^^^^^^^^^^^^^^^^^^^^^^^^^^^^
  File "/opt/conda/lib/python3.12/site-packages/triton/backends/__init__.py", line 12, in _load_module
    spec.loader.exec_module(module)
  File "/opt/conda/lib/python3.12/site-packages/triton/backends/metax/driver.py", line 30, in <module>
    maca_include_dir = [os.path.join(maca_home_dirs(), "include")]
                        ^^^^^^^^^^^^^^^^^^^^^^^^^^^^^^^^^^^^^^^^^
  File "<frozen posixpath>", line 76, in join
TypeError: expected str, bytes or os.PathLike object, not NoneType
