In file included from ${ARTIFACT_ROOT}/codex_qwen35_finite_fa_build_20260908_v1/vendor_fa_finite_p1_bf16_d256.cu:16:
In file included from ${ARTIFACT_ROOT}/codex_vendor_fa_source_gpu_language_20260907_v1/vendor_source/csrc/flash_attn/src/kernel_traits.h:7:
In file included from /opt/maca/include/cute/algorithm/copy.hpp:35:
In file included from /opt/maca/include/cute/tensor.hpp:956:
In file included from /opt/maca/include/cute/algorithm/gemm.hpp:40:
In file included from /opt/maca/include/cute/atom/mma_atom.hpp:1060:
In file included from /opt/maca/include/cute/atom/mma_traits_sm80.hpp:33:
/opt/maca/include/cute/arch/mma_sm80.hpp:334:16: warning: variable 'cc0' is used uninitialized whenever 'if' condition is false [-Wsometimes-uninitialized]
  334 |     } else if (lane_id < 64) {
      |                ^~~~~~~~~~~~
/opt/maca/include/cute/arch/mma_sm80.hpp:352:50: note: uninitialized use occurs here
  352 |                                                 {cc0, cc1, cc2, cc3});
      |                                                  ^~~
/opt/maca/include/cute/arch/mma_sm80.hpp:334:12: note: remove the 'if' if its condition is always true
  334 |     } else if (lane_id < 64) {
      |            ^~~~~~~~~~~~~~~~~
/opt/maca/include/cute/arch/mma_sm80.hpp:321:14: note: initialize the variable 'cc0' to silence this warning
  321 |     float cc0, cc1, cc2, cc3;
      |              ^
      |               = 0.0
/opt/maca/include/cute/arch/mma_sm80.hpp:334:16: warning: variable 'cc1' is used uninitialized whenever 'if' condition is false [-Wsometimes-uninitialized]
  334 |     } else if (lane_id < 64) {
      |                ^~~~~~~~~~~~
/opt/maca/include/cute/arch/mma_sm80.hpp:352:55: note: uninitialized use occurs here
  352 |                                                 {cc0, cc1, cc2, cc3});
      |                                                       ^~~
/opt/maca/include/cute/arch/mma_sm80.hpp:334:12: note: remove the 'if' if its condition is always true
  334 |     } else if (lane_id < 64) {
      |            ^~~~~~~~~~~~~~~~~
/opt/maca/include/cute/arch/mma_sm80.hpp:321:19: note: initialize the variable 'cc1' to silence this warning
  321 |     float cc0, cc1, cc2, cc3;
      |                   ^
      |                    = 0.0
/opt/maca/include/cute/arch/mma_sm80.hpp:334:16: warning: variable 'cc2' is used uninitialized whenever 'if' condition is false [-Wsometimes-uninitialized]
  334 |     } else if (lane_id < 64) {
      |                ^~~~~~~~~~~~
/opt/maca/include/cute/arch/mma_sm80.hpp:352:60: note: uninitialized use occurs here
  352 |                                                 {cc0, cc1, cc2, cc3});
      |                                                            ^~~
/opt/maca/include/cute/arch/mma_sm80.hpp:334:12: note: remove the 'if' if its condition is always true
  334 |     } else if (lane_id < 64) {
      |            ^~~~~~~~~~~~~~~~~
/opt/maca/include/cute/arch/mma_sm80.hpp:321:24: note: initialize the variable 'cc2' to silence this warning
  321 |     float cc0, cc1, cc2, cc3;
      |                        ^
      |                         = 0.0
/opt/maca/include/cute/arch/mma_sm80.hpp:334:16: warning: variable 'cc3' is used uninitialized whenever 'if' condition is false [-Wsometimes-uninitialized]
  334 |     } else if (lane_id < 64) {
      |                ^~~~~~~~~~~~
/opt/maca/include/cute/arch/mma_sm80.hpp:352:65: note: uninitialized use occurs here
  352 |                                                 {cc0, cc1, cc2, cc3});
      |                                                                 ^~~
/opt/maca/include/cute/arch/mma_sm80.hpp:334:12: note: remove the 'if' if its condition is always true
  334 |     } else if (lane_id < 64) {
      |            ^~~~~~~~~~~~~~~~~
/opt/maca/include/cute/arch/mma_sm80.hpp:321:29: note: initialize the variable 'cc3' to silence this warning
  321 |     float cc0, cc1, cc2, cc3;
      |                             ^
      |                              = 0.0
/opt/maca/include/cute/arch/mma_sm80.hpp:608:16: warning: variable 'cc0' is used uninitialized whenever 'if' condition is false [-Wsometimes-uninitialized]
  608 |     } else if (lane_id < 64) {
      |                ^~~~~~~~~~~~
/opt/maca/include/cute/arch/mma_sm80.hpp:626:50: note: uninitialized use occurs here
  626 |                                                 {cc0, cc1, cc2, cc3});
      |                                                  ^~~
/opt/maca/include/cute/arch/mma_sm80.hpp:608:12: note: remove the 'if' if its condition is always true
  608 |     } else if (lane_id < 64) {
      |            ^~~~~~~~~~~~~~~~~
/opt/maca/include/cute/arch/mma_sm80.hpp:595:14: note: initialize the variable 'cc0' to silence this warning
  595 |     float cc0, cc1, cc2, cc3;
      |              ^
      |               = 0.0
/opt/maca/include/cute/arch/mma_sm80.hpp:608:16: warning: variable 'cc1' is used uninitialized whenever 'if' condition is false [-Wsometimes-uninitialized]
  608 |     } else if (lane_id < 64) {
      |                ^~~~~~~~~~~~
/opt/maca/include/cute/arch/mma_sm80.hpp:626:55: note: uninitialized use occurs here
  626 |                                                 {cc0, cc1, cc2, cc3});
      |                                                       ^~~
/opt/maca/include/cute/arch/mma_sm80.hpp:608:12: note: remove the 'if' if its condition is always true
  608 |     } else if (lane_id < 64) {
      |            ^~~~~~~~~~~~~~~~~
/opt/maca/include/cute/arch/mma_sm80.hpp:595:19: note: initialize the variable 'cc1' to silence this warning
  595 |     float cc0, cc1, cc2, cc3;
      |                   ^
      |                    = 0.0
/opt/maca/include/cute/arch/mma_sm80.hpp:608:16: warning: variable 'cc2' is used uninitialized whenever 'if' condition is false [-Wsometimes-uninitialized]
  608 |     } else if (lane_id < 64) {
      |                ^~~~~~~~~~~~
/opt/maca/include/cute/arch/mma_sm80.hpp:626:60: note: uninitialized use occurs here
  626 |                                                 {cc0, cc1, cc2, cc3});
      |                                                            ^~~
/opt/maca/include/cute/arch/mma_sm80.hpp:608:12: note: remove the 'if' if its condition is always true
  608 |     } else if (lane_id < 64) {
      |            ^~~~~~~~~~~~~~~~~
/opt/maca/include/cute/arch/mma_sm80.hpp:595:24: note: initialize the variable 'cc2' to silence this warning
  595 |     float cc0, cc1, cc2, cc3;
      |                        ^
      |                         = 0.0
/opt/maca/include/cute/arch/mma_sm80.hpp:608:16: warning: variable 'cc3' is used uninitialized whenever 'if' condition is false [-Wsometimes-uninitialized]
  608 |     } else if (lane_id < 64) {
      |                ^~~~~~~~~~~~
/opt/maca/include/cute/arch/mma_sm80.hpp:626:65: note: uninitialized use occurs here
  626 |                                                 {cc0, cc1, cc2, cc3});
      |                                                                 ^~~
/opt/maca/include/cute/arch/mma_sm80.hpp:608:12: note: remove the 'if' if its condition is always true
  608 |     } else if (lane_id < 64) {
      |            ^~~~~~~~~~~~~~~~~
/opt/maca/include/cute/arch/mma_sm80.hpp:595:29: note: initialize the variable 'cc3' to silence this warning
  595 |     float cc0, cc1, cc2, cc3;
      |                             ^
      |                              = 0.0
8 warnings generated when compiling for xcore1000.
In file included from ${ARTIFACT_ROOT}/codex_qwen35_finite_fa_build_20260908_v1/vendor_fa_finite_p1_bf16_d256.cu:16:
In file included from ${ARTIFACT_ROOT}/codex_vendor_fa_source_gpu_language_20260907_v1/vendor_source/csrc/flash_attn/src/kernel_traits.h:7:
In file included from /opt/maca/include/cute/algorithm/copy.hpp:35:
In file included from /opt/maca/include/cute/tensor.hpp:956:
In file included from /opt/maca/include/cute/algorithm/gemm.hpp:40:
In file included from /opt/maca/include/cute/atom/mma_atom.hpp:1060:
In file included from /opt/maca/include/cute/atom/mma_traits_sm80.hpp:33:
/opt/maca/include/cute/arch/mma_sm80.hpp:334:16: warning: variable 'cc0' is used uninitialized whenever 'if' condition is false [-Wsometimes-uninitialized]
  334 |     } else if (lane_id < 64) {
      |                ^~~~~~~~~~~~
/opt/maca/include/cute/arch/mma_sm80.hpp:352:50: note: uninitialized use occurs here
  352 |                                                 {cc0, cc1, cc2, cc3});
      |                                                  ^~~
/opt/maca/include/cute/arch/mma_sm80.hpp:334:12: note: remove the 'if' if its condition is always true
  334 |     } else if (lane_id < 64) {
      |            ^~~~~~~~~~~~~~~~~
/opt/maca/include/cute/arch/mma_sm80.hpp:321:14: note: initialize the variable 'cc0' to silence this warning
  321 |     float cc0, cc1, cc2, cc3;
      |              ^
      |               = 0.0
/opt/maca/include/cute/arch/mma_sm80.hpp:334:16: warning: variable 'cc1' is used uninitialized whenever 'if' condition is false [-Wsometimes-uninitialized]
  334 |     } else if (lane_id < 64) {
      |                ^~~~~~~~~~~~
/opt/maca/include/cute/arch/mma_sm80.hpp:352:55: note: uninitialized use occurs here
  352 |                                                 {cc0, cc1, cc2, cc3});
      |                                                       ^~~
/opt/maca/include/cute/arch/mma_sm80.hpp:334:12: note: remove the 'if' if its condition is always true
  334 |     } else if (lane_id < 64) {
      |            ^~~~~~~~~~~~~~~~~
/opt/maca/include/cute/arch/mma_sm80.hpp:321:19: note: initialize the variable 'cc1' to silence this warning
  321 |     float cc0, cc1, cc2, cc3;
      |                   ^
      |                    = 0.0
/opt/maca/include/cute/arch/mma_sm80.hpp:334:16: warning: variable 'cc2' is used uninitialized whenever 'if' condition is false [-Wsometimes-uninitialized]
  334 |     } else if (lane_id < 64) {
      |                ^~~~~~~~~~~~
/opt/maca/include/cute/arch/mma_sm80.hpp:352:60: note: uninitialized use occurs here
  352 |                                                 {cc0, cc1, cc2, cc3});
      |                                                            ^~~
/opt/maca/include/cute/arch/mma_sm80.hpp:334:12: note: remove the 'if' if its condition is always true
  334 |     } else if (lane_id < 64) {
      |            ^~~~~~~~~~~~~~~~~
/opt/maca/include/cute/arch/mma_sm80.hpp:321:24: note: initialize the variable 'cc2' to silence this warning
  321 |     float cc0, cc1, cc2, cc3;
      |                        ^
      |                         = 0.0
/opt/maca/include/cute/arch/mma_sm80.hpp:334:16: warning: variable 'cc3' is used uninitialized whenever 'if' condition is false [-Wsometimes-uninitialized]
  334 |     } else if (lane_id < 64) {
      |                ^~~~~~~~~~~~
/opt/maca/include/cute/arch/mma_sm80.hpp:352:65: note: uninitialized use occurs here
  352 |                                                 {cc0, cc1, cc2, cc3});
      |                                                                 ^~~
/opt/maca/include/cute/arch/mma_sm80.hpp:334:12: note: remove the 'if' if its condition is always true
  334 |     } else if (lane_id < 64) {
      |            ^~~~~~~~~~~~~~~~~
/opt/maca/include/cute/arch/mma_sm80.hpp:321:29: note: initialize the variable 'cc3' to silence this warning
  321 |     float cc0, cc1, cc2, cc3;
      |                             ^
      |                              = 0.0
/opt/maca/include/cute/arch/mma_sm80.hpp:608:16: warning: variable 'cc0' is used uninitialized whenever 'if' condition is false [-Wsometimes-uninitialized]
  608 |     } else if (lane_id < 64) {
      |                ^~~~~~~~~~~~
/opt/maca/include/cute/arch/mma_sm80.hpp:626:50: note: uninitialized use occurs here
  626 |                                                 {cc0, cc1, cc2, cc3});
      |                                                  ^~~
/opt/maca/include/cute/arch/mma_sm80.hpp:608:12: note: remove the 'if' if its condition is always true
  608 |     } else if (lane_id < 64) {
      |            ^~~~~~~~~~~~~~~~~
/opt/maca/include/cute/arch/mma_sm80.hpp:595:14: note: initialize the variable 'cc0' to silence this warning
  595 |     float cc0, cc1, cc2, cc3;
      |              ^
      |               = 0.0
/opt/maca/include/cute/arch/mma_sm80.hpp:608:16: warning: variable 'cc1' is used uninitialized whenever 'if' condition is false [-Wsometimes-uninitialized]
  608 |     } else if (lane_id < 64) {
      |                ^~~~~~~~~~~~
/opt/maca/include/cute/arch/mma_sm80.hpp:626:55: note: uninitialized use occurs here
  626 |                                                 {cc0, cc1, cc2, cc3});
      |                                                       ^~~
/opt/maca/include/cute/arch/mma_sm80.hpp:608:12: note: remove the 'if' if its condition is always true
  608 |     } else if (lane_id < 64) {
      |            ^~~~~~~~~~~~~~~~~
/opt/maca/include/cute/arch/mma_sm80.hpp:595:19: note: initialize the variable 'cc1' to silence this warning
  595 |     float cc0, cc1, cc2, cc3;
      |                   ^
      |                    = 0.0
/opt/maca/include/cute/arch/mma_sm80.hpp:608:16: warning: variable 'cc2' is used uninitialized whenever 'if' condition is false [-Wsometimes-uninitialized]
  608 |     } else if (lane_id < 64) {
      |                ^~~~~~~~~~~~
/opt/maca/include/cute/arch/mma_sm80.hpp:626:60: note: uninitialized use occurs here
  626 |                                                 {cc0, cc1, cc2, cc3});
      |                                                            ^~~
/opt/maca/include/cute/arch/mma_sm80.hpp:608:12: note: remove the 'if' if its condition is always true
  608 |     } else if (lane_id < 64) {
      |            ^~~~~~~~~~~~~~~~~
/opt/maca/include/cute/arch/mma_sm80.hpp:595:24: note: initialize the variable 'cc2' to silence this warning
  595 |     float cc0, cc1, cc2, cc3;
      |                        ^
      |                         = 0.0
/opt/maca/include/cute/arch/mma_sm80.hpp:608:16: warning: variable 'cc3' is used uninitialized whenever 'if' condition is false [-Wsometimes-uninitialized]
  608 |     } else if (lane_id < 64) {
      |                ^~~~~~~~~~~~
/opt/maca/include/cute/arch/mma_sm80.hpp:626:65: note: uninitialized use occurs here
  626 |                                                 {cc0, cc1, cc2, cc3});
      |                                                                 ^~~
/opt/maca/include/cute/arch/mma_sm80.hpp:608:12: note: remove the 'if' if its condition is always true
  608 |     } else if (lane_id < 64) {
      |            ^~~~~~~~~~~~~~~~~
/opt/maca/include/cute/arch/mma_sm80.hpp:595:29: note: initialize the variable 'cc3' to silence this warning
  595 |     float cc0, cc1, cc2, cc3;
      |                             ^
      |                              = 0.0
8 warnings generated when compiling for xcore1000.
In file included from ${ARTIFACT_ROOT}/codex_qwen35_finite_fa_build_20260908_v1/vendor_fa_finite_p1_bf16_d256.cu:17:
In file included from ${ARTIFACT_ROOT}/codex_vendor_fa_source_gpu_language_20260907_v1/vendor_source/csrc/flash_attn/src/utils.h:22:
/opt/maca/include/mctlass/numeric_conversion.h:1715:5: warning: non-void function does not return a value [-Wreturn-type]
 1715 |     }
      |     ^
${ARTIFACT_ROOT}/codex_qwen35_finite_fa_build_20260908_v1/vendor_fa_finite_p1_bf16_d256.cu:141:13: error: no matching function for call to object of type '(lambda at ${ARTIFACT_ROOT}/codex_qwen35_finite_fa_build_20260908_v1/vendor_fa_finite_p1_bf16_d256.cu:113:19)'
  141 |             pair(p.q0,p.k0,a0,0);pair(p.q1,p.k1,a1,1);pair(p.u,p.v0,at,-1);
      |             ^~~~
${ARTIFACT_ROOT}/codex_qwen35_finite_fa_build_20260908_v1/vendor_fa_finite_p1_bf16_d256.cu:227:5: note: in instantiation of function template specialization 'deltatrace_fa_finite_p1_kernel<0, Flash_fwd_kernel_traits<256, 32, 32, 2, false, false, mctlass::bfloat16_t>>' requested here
  227 |     deltatrace_fa_finite_p1_kernel<0><<<grid,FiniteTraits::kNThreads,shared,stream>>>(p);
      |     ^
${ARTIFACT_ROOT}/codex_qwen35_finite_fa_build_20260908_v1/vendor_fa_finite_p1_bf16_d256.cu:113:19: note: candidate function template not viable: no known conversion from 'const mctlass::bfloat16_t *' to 'const E *' (aka 'const mctlass::half_t *') for 1st argument
  113 |         auto pair=[&](const E *left,const E *right,auto &acc,int endpoint) {
      |                   ^   ~~~~~~~~~~~~~
${ARTIFACT_ROOT}/codex_qwen35_finite_fa_build_20260908_v1/vendor_fa_finite_p1_bf16_d256.cu:141:34: error: no matching function for call to object of type '(lambda at ${ARTIFACT_ROOT}/codex_qwen35_finite_fa_build_20260908_v1/vendor_fa_finite_p1_bf16_d256.cu:113:19)'
  141 |             pair(p.q0,p.k0,a0,0);pair(p.q1,p.k1,a1,1);pair(p.u,p.v0,at,-1);
      |                                  ^~~~
${ARTIFACT_ROOT}/codex_qwen35_finite_fa_build_20260908_v1/vendor_fa_finite_p1_bf16_d256.cu:113:19: note: candidate function template not viable: no known conversion from 'const mctlass::bfloat16_t *' to 'const E *' (aka 'const mctlass::half_t *') for 1st argument
  113 |         auto pair=[&](const E *left,const E *right,auto &acc,int endpoint) {
      |                   ^   ~~~~~~~~~~~~~
${ARTIFACT_ROOT}/codex_qwen35_finite_fa_build_20260908_v1/vendor_fa_finite_p1_bf16_d256.cu:141:55: error: no matching function for call to object of type '(lambda at ${ARTIFACT_ROOT}/codex_qwen35_finite_fa_build_20260908_v1/vendor_fa_finite_p1_bf16_d256.cu:113:19)'
  141 |             pair(p.q0,p.k0,a0,0);pair(p.q1,p.k1,a1,1);pair(p.u,p.v0,at,-1);
      |                                                       ^~~~
${ARTIFACT_ROOT}/codex_qwen35_finite_fa_build_20260908_v1/vendor_fa_finite_p1_bf16_d256.cu:113:19: note: candidate function template not viable: no known conversion from 'const mctlass::bfloat16_t *' to 'const E *' (aka 'const mctlass::half_t *') for 1st argument
  113 |         auto pair=[&](const E *left,const E *right,auto &acc,int endpoint) {
      |                   ^   ~~~~~~~~~~~~~
${ARTIFACT_ROOT}/codex_qwen35_finite_fa_build_20260908_v1/vendor_fa_finite_p1_bf16_d256.cu:57:16: error: cannot initialize a variable of type 'E *' (aka 'mctlass::half_t *') with an lvalue of type 'mctlass::bfloat16_t *'
   57 |             E *out=Phase==1?p.dq:p.dk;
      |                ^   ~~~~~~~~~~~~~~~~~~
${ARTIFACT_ROOT}/codex_qwen35_finite_fa_build_20260908_v1/vendor_fa_finite_p1_bf16_d256.cu:229:5: note: in instantiation of function template specialization 'deltatrace_fa_finite_p1_kernel<1, Flash_fwd_kernel_traits<256, 32, 32, 2, false, false, mctlass::bfloat16_t>>' requested here
  229 |     deltatrace_fa_finite_p1_kernel<1><<<grid,FiniteTraits::kNThreads,shared,stream>>>(p);
      |     ^
${ARTIFACT_ROOT}/codex_qwen35_finite_fa_build_20260908_v1/vendor_fa_finite_p1_bf16_d256.cu:141:13: error: no matching function for call to object of type '(lambda at ${ARTIFACT_ROOT}/codex_qwen35_finite_fa_build_20260908_v1/vendor_fa_finite_p1_bf16_d256.cu:113:19)'
  141 |             pair(p.q0,p.k0,a0,0);pair(p.q1,p.k1,a1,1);pair(p.u,p.v0,at,-1);
      |             ^~~~
${ARTIFACT_ROOT}/codex_qwen35_finite_fa_build_20260908_v1/vendor_fa_finite_p1_bf16_d256.cu:113:19: note: candidate function template not viable: no known conversion from 'const mctlass::bfloat16_t *' to 'const E *' (aka 'const mctlass::half_t *') for 1st argument
  113 |         auto pair=[&](const E *left,const E *right,auto &acc,int endpoint) {
      |                   ^   ~~~~~~~~~~~~~
${ARTIFACT_ROOT}/codex_qwen35_finite_fa_build_20260908_v1/vendor_fa_finite_p1_bf16_d256.cu:141:34: error: no matching function for call to object of type '(lambda at ${ARTIFACT_ROOT}/codex_qwen35_finite_fa_build_20260908_v1/vendor_fa_finite_p1_bf16_d256.cu:113:19)'
  141 |             pair(p.q0,p.k0,a0,0);pair(p.q1,p.k1,a1,1);pair(p.u,p.v0,at,-1);
      |                                  ^~~~
${ARTIFACT_ROOT}/codex_qwen35_finite_fa_build_20260908_v1/vendor_fa_finite_p1_bf16_d256.cu:113:19: note: candidate function template not viable: no known conversion from 'const mctlass::bfloat16_t *' to 'const E *' (aka 'const mctlass::half_t *') for 1st argument
  113 |         auto pair=[&](const E *left,const E *right,auto &acc,int endpoint) {
      |                   ^   ~~~~~~~~~~~~~
${ARTIFACT_ROOT}/codex_qwen35_finite_fa_build_20260908_v1/vendor_fa_finite_p1_bf16_d256.cu:141:55: error: no matching function for call to object of type '(lambda at ${ARTIFACT_ROOT}/codex_qwen35_finite_fa_build_20260908_v1/vendor_fa_finite_p1_bf16_d256.cu:113:19)'
  141 |             pair(p.q0,p.k0,a0,0);pair(p.q1,p.k1,a1,1);pair(p.u,p.v0,at,-1);
      |                                                       ^~~~
${ARTIFACT_ROOT}/codex_qwen35_finite_fa_build_20260908_v1/vendor_fa_finite_p1_bf16_d256.cu:113:19: note: candidate function template not viable: no known conversion from 'const mctlass::bfloat16_t *' to 'const E *' (aka 'const mctlass::half_t *') for 1st argument
  113 |         auto pair=[&](const E *left,const E *right,auto &acc,int endpoint) {
      |                   ^   ~~~~~~~~~~~~~
${ARTIFACT_ROOT}/codex_qwen35_finite_fa_build_20260908_v1/vendor_fa_finite_p1_bf16_d256.cu:201:12: error: cannot initialize a variable of type 'E *' (aka 'mctlass::half_t *') with an lvalue of type 'mctlass::bfloat16_t *'
  201 |         E *out=Phase==1?p.dq:p.dk;
      |            ^   ~~~~~~~~~~~~~~~~~~
${ARTIFACT_ROOT}/codex_qwen35_finite_fa_build_20260908_v1/vendor_fa_finite_p1_bf16_d256.cu:57:16: error: cannot initialize a variable of type 'E *' (aka 'mctlass::half_t *') with an lvalue of type 'mctlass::bfloat16_t *'
   57 |             E *out=Phase==1?p.dq:p.dk;
      |                ^   ~~~~~~~~~~~~~~~~~~
${ARTIFACT_ROOT}/codex_qwen35_finite_fa_build_20260908_v1/vendor_fa_finite_p1_bf16_d256.cu:231:5: note: in instantiation of function template specialization 'deltatrace_fa_finite_p1_kernel<2, Flash_fwd_kernel_traits<256, 32, 32, 2, false, false, mctlass::bfloat16_t>>' requested here
  231 |     deltatrace_fa_finite_p1_kernel<2><<<grid,FiniteTraits::kNThreads,shared,stream>>>(p);
      |     ^
${ARTIFACT_ROOT}/codex_qwen35_finite_fa_build_20260908_v1/vendor_fa_finite_p1_bf16_d256.cu:61:49: error: no viable overloaded '='
   61 |                 if constexpr(Phase==2) p.dv[pos]=E(0.f);
      |                                        ~~~~~~~~~^~~~~~~
/opt/maca/include/mctlass/bfloat16.h:53:19: note: candidate function (the implicit copy assignment operator) not viable: no known conversion from 'E' (aka 'mctlass::half_t') to 'const bfloat16_t' for 1st argument
   53 | struct alignas(2) bfloat16_t {
      |                   ^~~~~~~~~~
/opt/maca/include/mctlass/bfloat16.h:53:19: note: candidate function (the implicit move assignment operator) not viable: no known conversion from 'E' (aka 'mctlass::half_t') to 'bfloat16_t' for 1st argument
   53 | struct alignas(2) bfloat16_t {
      |                   ^~~~~~~~~~
${ARTIFACT_ROOT}/codex_qwen35_finite_fa_build_20260908_v1/vendor_fa_finite_p1_bf16_d256.cu:139:13: error: no matching function for call to object of type '(lambda at ${ARTIFACT_ROOT}/codex_qwen35_finite_fa_build_20260908_v1/vendor_fa_finite_p1_bf16_d256.cu:113:19)'
  139 |             pair(p.k0,p.q0,a0,0);pair(p.k1,p.q1,a1,1);pair(p.v0,p.u,at,-1);
      |             ^~~~
${ARTIFACT_ROOT}/codex_qwen35_finite_fa_build_20260908_v1/vendor_fa_finite_p1_bf16_d256.cu:113:19: note: candidate function template not viable: no known conversion from 'const mctlass::bfloat16_t *' to 'const E *' (aka 'const mctlass::half_t *') for 1st argument
  113 |         auto pair=[&](const E *left,const E *right,auto &acc,int endpoint) {
      |                   ^   ~~~~~~~~~~~~~
${ARTIFACT_ROOT}/codex_qwen35_finite_fa_build_20260908_v1/vendor_fa_finite_p1_bf16_d256.cu:139:34: error: no matching function for call to object of type '(lambda at ${ARTIFACT_ROOT}/codex_qwen35_finite_fa_build_20260908_v1/vendor_fa_finite_p1_bf16_d256.cu:113:19)'
  139 |             pair(p.k0,p.q0,a0,0);pair(p.k1,p.q1,a1,1);pair(p.v0,p.u,at,-1);
      |                                  ^~~~
${ARTIFACT_ROOT}/codex_qwen35_finite_fa_build_20260908_v1/vendor_fa_finite_p1_bf16_d256.cu:113:19: note: candidate function template not viable: no known conversion from 'const mctlass::bfloat16_t *' to 'const E *' (aka 'const mctlass::half_t *') for 1st argument
  113 |         auto pair=[&](const E *left,const E *right,auto &acc,int endpoint) {
      |                   ^   ~~~~~~~~~~~~~
${ARTIFACT_ROOT}/codex_qwen35_finite_fa_build_20260908_v1/vendor_fa_finite_p1_bf16_d256.cu:139:55: error: no matching function for call to object of type '(lambda at ${ARTIFACT_ROOT}/codex_qwen35_finite_fa_build_20260908_v1/vendor_fa_finite_p1_bf16_d256.cu:113:19)'
  139 |             pair(p.k0,p.q0,a0,0);pair(p.k1,p.q1,a1,1);pair(p.v0,p.u,at,-1);
      |                                                       ^~~~
${ARTIFACT_ROOT}/codex_qwen35_finite_fa_build_20260908_v1/vendor_fa_finite_p1_bf16_d256.cu:113:19: note: candidate function template not viable: no known conversion from 'const mctlass::bfloat16_t *' to 'const E *' (aka 'const mctlass::half_t *') for 1st argument
  113 |         auto pair=[&](const E *left,const E *right,auto &acc,int endpoint) {
      |                   ^   ~~~~~~~~~~~~~
${ARTIFACT_ROOT}/codex_qwen35_finite_fa_build_20260908_v1/vendor_fa_finite_p1_bf16_d256.cu:184:50: error: no matching function for call to object of type '(lambda at ${ARTIFACT_ROOT}/codex_qwen35_finite_fa_build_20260908_v1/vendor_fa_finite_p1_bf16_d256.cu:168:27)'
  184 |             else {multiply(a0,nullptr,accQ,true);multiply(a1,p.u,accV,false);}
      |                                                  ^~~~~~~~
${ARTIFACT_ROOT}/codex_qwen35_finite_fa_build_20260908_v1/vendor_fa_finite_p1_bf16_d256.cu:168:27: note: candidate function template not viable: no known conversion from 'const mctlass::bfloat16_t *' to 'const E *' (aka 'const mctlass::half_t *') for 2nd argument
  168 |             auto multiply=[&](auto &weights,const E *values,auto &acc,bool shared_mean) {
      |                           ^                 ~~~~~~~~~~~~~~~
${ARTIFACT_ROOT}/codex_qwen35_finite_fa_build_20260908_v1/vendor_fa_finite_p1_bf16_d256.cu:201:12: error: cannot initialize a variable of type 'E *' (aka 'mctlass::half_t *') with an lvalue of type 'mctlass::bfloat16_t *'
  201 |         E *out=Phase==1?p.dq:p.dk;
      |            ^   ~~~~~~~~~~~~~~~~~~
${ARTIFACT_ROOT}/codex_qwen35_finite_fa_build_20260908_v1/vendor_fa_finite_p1_bf16_d256.cu:208:49: error: no viable overloaded '='
  208 |                 if constexpr(Phase==2) p.dv[pos]=E(r<valid?accV(i):0.f);
      |                                        ~~~~~~~~~^~~~~~~~~~~~~~~~~~~~~~~
/opt/maca/include/mctlass/bfloat16.h:53:19: note: candidate function (the implicit copy assignment operator) not viable: no known conversion from 'E' (aka 'mctlass::half_t') to 'const bfloat16_t' for 1st argument
   53 | struct alignas(2) bfloat16_t {
      |                   ^~~~~~~~~~
/opt/maca/include/mctlass/bfloat16.h:53:19: note: candidate function (the implicit move assignment operator) not viable: no known conversion from 'E' (aka 'mctlass::half_t') to 'bfloat16_t' for 1st argument
   53 | struct alignas(2) bfloat16_t {
      |                   ^~~~~~~~~~
1 warning and 16 errors generated when compiling for host.
