Current Triton version 3.0.0 is below the recommended 3.2.0 version. Errors may occur and these issues will not be fixed. Please consider upgrading Triton.
${SITE_PACKAGES}/torchvision/datapoints/__init__.py:12: UserWarning: The torchvision.datapoints and torchvision.transforms.v2 namespaces are still Beta. While we do not expect major breaking changes, some APIs may still change according to user feedback. Please submit any feedback you may have in this issue: https://github.com/pytorch/vision/issues/6753, and you can also check out https://github.com/pytorch/vision/issues/7319 to learn more about the APIs that we suspect might involve future changes. You can silence this warning by calling torchvision.disable_beta_transforms_warning().
  warnings.warn(_BETA_TRANSFORMS_WARNING)
${SITE_PACKAGES}/torchvision/transforms/v2/__init__.py:54: UserWarning: The torchvision.datapoints and torchvision.transforms.v2 namespaces are still Beta. While we do not expect major breaking changes, some APIs may still change according to user feedback. Please submit any feedback you may have in this issue: https://github.com/pytorch/vision/issues/6753, and you can also check out https://github.com/pytorch/vision/issues/7319 to learn more about the APIs that we suspect might involve future changes. You can silence this warning by calling torchvision.disable_beta_transforms_warning().
  warnings.warn(_BETA_TRANSFORMS_WARNING)
loc("${ARTIFACT_ROOT}/codex_qwen35_isolated_import_20260908_v1/env/lib/python3.12/site-packages/fla/ops/gated_delta_rule/wy_fast.py":223:23): error: 'arith.mulf' op requires the same encoding for all operands and results
Traceback (most recent call last):
  File "${ARTIFACT_ROOT}/codex_qwen35_fla_backward_20260908_v1/study.py", line 125, in <module>
    gradients=torch.autograd.grad(output,[gpu[key] for key in names],grad_outputs=seed)
              ^^^^^^^^^^^^^^^^^^^^^^^^^^^^^^^^^^^^^^^^^^^^^^^^^^^^^^^^^^^^^^^^^^^^^^^^^
  File "${SITE_PACKAGES}/torch/autograd/__init__.py", line 503, in grad
    result = _engine_run_backward(
             ^^^^^^^^^^^^^^^^^^^^^
  File "${SITE_PACKAGES}/torch/autograd/graph.py", line 829, in _engine_run_backward
    return Variable._execution_engine.run_backward(  # Calls into the C++ engine to run the backward pass
           ^^^^^^^^^^^^^^^^^^^^^^^^^^^^^^^^^^^^^^^^^^^^^^^^^^^^^^^^^^^^^^^^^^^^^^^^^^^^^^^^^^^^^^^^^^^^^^
  File "${SITE_PACKAGES}/torch/autograd/function.py", line 311, in apply
    return user_fn(self, *args)
           ^^^^^^^^^^^^^^^^^^^^
  File "${ARTIFACT_ROOT}/codex_qwen35_isolated_import_20260908_v1/env/lib/python3.12/site-packages/fla/utils.py", line 166, in wrapper
    return fn(*contiguous_args, **contiguous_kwargs)
           ^^^^^^^^^^^^^^^^^^^^^^^^^^^^^^^^^^^^^^^^^
  File "${SITE_PACKAGES}/torch/amp/autocast_mode.py", line 563, in decorate_bwd
    return bwd(*args, **kwargs)
           ^^^^^^^^^^^^^^^^^^^^
  File "${ARTIFACT_ROOT}/codex_qwen35_isolated_import_20260908_v1/env/lib/python3.12/site-packages/fla/ops/gated_delta_rule/chunk.py", line 197, in backward
    dq, dk, dv, db, dg, dh0 = chunk_gated_delta_rule_bwd(
                              ^^^^^^^^^^^^^^^^^^^^^^^^^^^
  File "${ARTIFACT_ROOT}/codex_qwen35_isolated_import_20260908_v1/env/lib/python3.12/site-packages/fla/ops/gated_delta_rule/chunk.py", line 133, in chunk_gated_delta_rule_bwd
    dk2, dv, db, dg2 = prepare_wy_repr_bwd(
                       ^^^^^^^^^^^^^^^^^^^^
  File "${ARTIFACT_ROOT}/codex_qwen35_isolated_import_20260908_v1/env/lib/python3.12/site-packages/fla/ops/gated_delta_rule/wy_fast.py", line 303, in prepare_wy_repr_bwd
    prepare_wy_repr_bwd_kernel[(NT, B * H)](
  File "${SITE_PACKAGES}/triton/runtime/jit.py", line 345, in <lambda>
    return lambda *args, **kwargs: self.run(grid=grid, warmup=False, *args, **kwargs)
                                   ^^^^^^^^^^^^^^^^^^^^^^^^^^^^^^^^^^^^^^^^^^^^^^^^^^
  File "${SITE_PACKAGES}/triton/runtime/autotuner.py", line 396, in run
    return self.fn.run(*args, **kwargs)
           ^^^^^^^^^^^^^^^^^^^^^^^^^^^^
  File "${SITE_PACKAGES}/triton/runtime/autotuner.py", line 212, in run
    timings = {config: self._bench(*args, config=config, **kwargs) for config in pruned_configs}
                       ^^^^^^^^^^^^^^^^^^^^^^^^^^^^^^^^^^^^^^^^^^^
  File "${SITE_PACKAGES}/triton/runtime/autotuner.py", line 137, in _bench
    return do_bench(kernel_call, warmup=self.num_warmups, rep=self.num_reps, quantiles=(0.5, 0.2, 0.8))
           ^^^^^^^^^^^^^^^^^^^^^^^^^^^^^^^^^^^^^^^^^^^^^^^^^^^^^^^^^^^^^^^^^^^^^^^^^^^^^^^^^^^^^^^^^^^^
  File "${SITE_PACKAGES}/triton/testing.py", line 152, in do_bench
    fn()
  File "${SITE_PACKAGES}/triton/runtime/autotuner.py", line 118, in kernel_call
    self.fn.run(
  File "${SITE_PACKAGES}/triton/runtime/jit.py", line 662, in run
    kernel = self.compile(
             ^^^^^^^^^^^^^
  File "${SITE_PACKAGES}/triton/compiler/compiler.py", line 283, in compile
    next_module = compile_ir(module, metadata)
                  ^^^^^^^^^^^^^^^^^^^^^^^^^^^^
  File "${SITE_PACKAGES}/triton/backends/metax/compiler.py", line 433, in <lambda>
    stages["ttgir"] = lambda src, metadata: self.make_ttgir(src, metadata, options, self.capability)
                                            ^^^^^^^^^^^^^^^^^^^^^^^^^^^^^^^^^^^^^^^^^^^^^^^^^^^^^^^^
  File "${SITE_PACKAGES}/triton/backends/metax/compiler.py", line 303, in make_ttgir
    pm.run(mod)
RuntimeError: PassManager::run failed
