Looking in indexes: http://mirrors.aliyun.com/pypi/simple
Collecting wordfreq==3.1.1
  Downloading http://mirrors.aliyun.com/pypi/packages/24/61/62835c475d69872d30689f284497853fe33fe1d6dd18f57346d13305861d/wordfreq-3.1.1-py3-none-any.whl (56.8 MB)
     ━━━━━━━━━━━━━━━━━━━━━━━━━━━━━━━━━━━━━━━ 56.8/56.8 MB 784.4 kB/s eta 0:00:00
Collecting ftfy==6.3.1
  Downloading http://mirrors.aliyun.com/pypi/packages/ab/6e/81d47999aebc1b155f81eca4477a616a70f238a2549848c38983f3c22a82/ftfy-6.3.1-py3-none-any.whl (44 kB)
Collecting langcodes==3.5.1
  Downloading http://mirrors.aliyun.com/pypi/packages/dd/c1/d10b371bcba7abce05e2b33910e39c33cfa496a53f13640b7b8e10bb4d2b/langcodes-3.5.1-py3-none-any.whl (183 kB)
Collecting locate==1.1.1
  Downloading http://mirrors.aliyun.com/pypi/packages/ab/0d/9b6f11382b2f9080b5a366d20e90b4c08e547b6cd08c2a206729e6bad47a/locate-1.1.1-py3-none-any.whl (5.4 kB)
Collecting msgpack==1.2.2
  Downloading http://mirrors.aliyun.com/pypi/packages/41/f0/29f591bea185616cf417645ac03bd3ad9b317483ad8572160e325f7fe777/msgpack-1.2.2-cp312-cp312-manylinux2014_x86_64.manylinux_2_17_x86_64.manylinux_2_28_x86_64.whl (420 kB)
Collecting regex==2026.9.3
  Downloading http://mirrors.aliyun.com/pypi/packages/4b/8b/9cc6d4123033f7cb82df6cd8ce19eb0fc18a964afe060a03c9b26757c9f3/regex-2026.9.3-cp312-cp312-manylinux2014_x86_64.manylinux_2_17_x86_64.manylinux_2_28_x86_64.whl (801 kB)
     ━━━━━━━━━━━━━━━━━━━━━━━━━━━━━━━━━━━━━ 802.0/802.0 kB 667.3 kB/s eta 0:00:00
Collecting wcwidth==0.8.3
  Downloading http://mirrors.aliyun.com/pypi/packages/c4/0e/57f6bb3024a597b2e8ec4aee710ffe62ddc95af2e2bb1ee7a7abdc22c68c/wcwidth-0.8.3-py3-none-any.whl (331 kB)
Collecting spacy==3.8.16
  Downloading http://mirrors.aliyun.com/pypi/packages/b9/9c/3b5d64a72ac40cf584134c6639ac67f8f2d504eb081c91da3ad2ffae5c04/spacy-3.8.16-cp312-cp312-manylinux_2_24_x86_64.manylinux_2_28_x86_64.whl (35.5 MB)
     ━━━━━━━━━━━━━━━━━━━━━━━━━━━━━━━━━━━━━━━ 35.5/35.5 MB 820.5 kB/s eta 0:00:00
Collecting catalogue==2.0.10
  Downloading http://mirrors.aliyun.com/pypi/packages/9e/96/d32b941a501ab566a16358d68b6eb4e4acc373fab3c3c4d7d9e649f7b4bb/catalogue-2.0.10-py3-none-any.whl (17 kB)
Collecting confection==1.3.3
  Downloading http://mirrors.aliyun.com/pypi/packages/8d/e4/d66708bdf0d92fb4d49b22cdff4b10cec38aca5dcd7e81d909bb55c65cd7/confection-1.3.3-py3-none-any.whl (35 kB)
Collecting cymem==2.0.13
  Downloading http://mirrors.aliyun.com/pypi/packages/eb/12/678d16f7aa1996f947bf17b8cfb917ea9c9674ef5e2bd3690c04123d5680/cymem-2.0.13-cp312-cp312-manylinux2014_x86_64.manylinux_2_17_x86_64.whl (260 kB)
Collecting murmurhash==1.0.15
  Downloading http://mirrors.aliyun.com/pypi/packages/ff/30/ea8f601a9bf44db99468696efd59eb9cff1157cd55cb586d67116697583f/murmurhash-1.0.15-cp312-cp312-manylinux1_x86_64.manylinux2014_x86_64.manylinux_2_17_x86_64.manylinux_2_5_x86_64.whl (134 kB)
Collecting preshed==3.0.13
  Downloading http://mirrors.aliyun.com/pypi/packages/51/94/8c9bc48a6ea4903f53a1a0031ce8e35687526949f25821762ef21493c007/preshed-3.0.13-cp312-cp312-manylinux2014_x86_64.manylinux_2_17_x86_64.whl (868 kB)
     ━━━━━━━━━━━━━━━━━━━━━━━━━━━━━━━━━━━━━ 869.0/869.0 kB 929.5 kB/s eta 0:00:00
Collecting spacy-legacy==3.0.12
  Downloading http://mirrors.aliyun.com/pypi/packages/c3/55/12e842c70ff8828e34e543a2c7176dac4da006ca6901c9e8b43efab8bc6b/spacy_legacy-3.0.12-py2.py3-none-any.whl (29 kB)
Collecting spacy-loggers==1.0.5
  Downloading http://mirrors.aliyun.com/pypi/packages/33/78/d1a1a026ef3af911159398c939b1509d5c36fe524c7b644f34a5146c4e16/spacy_loggers-1.0.5-py3-none-any.whl (22 kB)
Collecting srsly==2.5.3
  Downloading http://mirrors.aliyun.com/pypi/packages/4e/c9/741e29f534919a944a16da4184924b1d3404c4bf60716ab2b91be771d1e3/srsly-2.5.3-cp312-cp312-manylinux2014_x86_64.manylinux_2_17_x86_64.whl (1.2 MB)
     ━━━━━━━━━━━━━━━━━━━━━━━━━━━━━━━━━━━━━━━━ 1.2/1.2 MB 899.9 kB/s eta 0:00:00
Collecting thinc==8.3.13
  Downloading http://mirrors.aliyun.com/pypi/packages/f9/ff/6914bf370bd1d604d89e6dfb46b97d10cd9b00d42ff8c036283e92314a8c/thinc-8.3.13-cp312-cp312-manylinux2014_x86_64.manylinux_2_17_x86_64.whl (3.9 MB)
     ━━━━━━━━━━━━━━━━━━━━━━━━━━━━━━━━━━━━━━━━ 3.9/3.9 MB 854.0 kB/s eta 0:00:00
Collecting wasabi==1.1.3
  Downloading http://mirrors.aliyun.com/pypi/packages/06/7c/34330a89da55610daa5f245ddce5aab81244321101614751e7537f125133/wasabi-1.1.3-py3-none-any.whl (27 kB)
Collecting weasel==1.0.0
  Downloading http://mirrors.aliyun.com/pypi/packages/0a/07/57ebf7a6798b016c064bd0ca81b4c6a99daa4dc377b898bc7b41eb6b5af0/weasel-1.0.0-py3-none-any.whl (50 kB)
Collecting blis==1.3.3
  Downloading http://mirrors.aliyun.com/pypi/packages/d5/ad/58deaa3ad856dd3cc96493e40ffd2ed043d18d4d304f85a65cde1ccbf644/blis-1.3.3-cp312-cp312-manylinux2014_x86_64.manylinux_2_17_x86_64.whl (11.4 MB)
     ━━━━━━━━━━━━━━━━━━━━━━━━━━━━━━━━━━━━━━━ 11.4/11.4 MB 872.2 kB/s eta 0:00:00
Collecting cloudpathlib==0.25.0
  Downloading http://mirrors.aliyun.com/pypi/packages/37/f9/9084c945d0b3ef8f129b4f0dd21baec759761a337902b70f17a3945015dd/cloudpathlib-0.25.0-py3-none-any.whl (66 kB)
Collecting smart-open==8.0.1
  Downloading http://mirrors.aliyun.com/pypi/packages/c3/96/325b8c507ccecc50421fecc0345a502ee6e4a44785af3c4e6ecbadad624a/smart_open-8.0.1-py3-none-any.whl (73 kB)
Installing collected packages: wordfreq, weasel, wcwidth, wasabi, thinc, srsly, spacy-loggers, spacy-legacy, spacy, smart-open, regex, preshed, murmurhash, msgpack, locate, langcodes, ftfy, cymem, confection, cloudpathlib, catalogue, blis
Successfully installed blis-1.3.3 catalogue-2.0.10 cloudpathlib-0.25.0 confection-1.3.3 cymem-2.0.13 ftfy-6.3.1 langcodes-3.5.1 locate-1.1.1 msgpack-1.2.2 murmurhash-1.0.15 preshed-3.0.13 regex-2026.9.3 smart-open-8.0.1 spacy-3.8.16 spacy-legacy-3.0.12 spacy-loggers-1.0.5 srsly-2.5.3 thinc-8.3.13 wasabi-1.1.3 wcwidth-0.8.3 weasel-1.0.0 wordfreq-3.1.1
