{
  "aggregate": {
    "baseline": {
      "mean_complete_seconds_per_16": 15.959890150465071,
      "peak_allocated_bytes": 21644362240,
      "stage_mean_seconds_per_16": {
        "native_root_with_CPU_checkpoints": 3.1985533693805337,
        "pack_actual_target_logits": 0.03026917204260826,
        "actual_root_FP32_logprob_diagnostic": 0.03470879327505827,
        "finite_seed": 0.11520473007112741,
        "finite_final_norm": 0.005169331096112728,
        "native_replay": 5.484550985507667,
        "public_FA_LSE": 0.03549457062035799,
        "finite_decoder": 4.974136808887124,
        "outside_controller_timed_stages": 2.0818023895844817
      }
    },
    "accelerated": {
      "mean_complete_seconds_per_16": 12.403273841366172,
      "peak_allocated_bytes": 23627545600,
      "stage_mean_seconds_per_16": {
        "native_root_with_cuda_checkpoints": 2.590816986747086,
        "pack_actual_target_logits": 0.02947020810097456,
        "actual_root_FP32_logprob_diagnostic": 0.033985852263867855,
        "finite_seed": 0.10825085919350386,
        "finite_final_norm": 0.003489534370601177,
        "native_replay": 3.7162002297118306,
        "public_FA_LSE": 0.026858053170144558,
        "finite_decoder": 4.845184673555195,
        "outside_controller_timed_stages": 1.0490174442529678
      }
    },
    "speedup": 1.286748188791674
  },
  "rounds": [
    {
      "baseline": 16.081232326105237,
      "accelerated": 12.462600629776716,
      "speedup": 1.2903592760312463
    },
    {
      "baseline": 15.838547974824905,
      "accelerated": 12.343947052955627,
      "speedup": 1.2831023907407746
    }
  ]
}
