In file included from ${ARTIFACT_ROOT}/codex_dt_fa19_qk_softmax_diagnostic_20260908_v1/vendor_fa_finite_p1_bf16_d256_conditional_diag_20260908.cu:20:
In file included from ${ARTIFACT_ROOT}/codex_vendor_fa_source_gpu_language_20260907_v1/vendor_source/csrc/flash_attn/src/kernel_traits.h:7:
In file included from /opt/maca/include/cute/algorithm/copy.hpp:35:
In file included from /opt/maca/include/cute/tensor.hpp:956:
In file included from /opt/maca/include/cute/algorithm/gemm.hpp:40:
In file included from /opt/maca/include/cute/atom/mma_atom.hpp:1060:
In file included from /opt/maca/include/cute/atom/mma_traits_sm80.hpp:33:
/opt/maca/include/cute/arch/mma_sm80.hpp:334:16: warning: variable 'cc0' is used uninitialized whenever 'if' condition is false [-Wsometimes-uninitialized]
  334 |     } else if (lane_id < 64) {
      |                ^~~~~~~~~~~~
/opt/maca/include/cute/arch/mma_sm80.hpp:352:50: note: uninitialized use occurs here
  352 |                                                 {cc0, cc1, cc2, cc3});
      |                                                  ^~~
/opt/maca/include/cute/arch/mma_sm80.hpp:334:12: note: remove the 'if' if its condition is always true
  334 |     } else if (lane_id < 64) {
      |            ^~~~~~~~~~~~~~~~~
/opt/maca/include/cute/arch/mma_sm80.hpp:321:14: note: initialize the variable 'cc0' to silence this warning
  321 |     float cc0, cc1, cc2, cc3;
      |              ^
      |               = 0.0
/opt/maca/include/cute/arch/mma_sm80.hpp:334:16: warning: variable 'cc1' is used uninitialized whenever 'if' condition is false [-Wsometimes-uninitialized]
  334 |     } else if (lane_id < 64) {
      |                ^~~~~~~~~~~~
/opt/maca/include/cute/arch/mma_sm80.hpp:352:55: note: uninitialized use occurs here
  352 |                                                 {cc0, cc1, cc2, cc3});
      |                                                       ^~~
/opt/maca/include/cute/arch/mma_sm80.hpp:334:12: note: remove the 'if' if its condition is always true
  334 |     } else if (lane_id < 64) {
      |            ^~~~~~~~~~~~~~~~~
/opt/maca/include/cute/arch/mma_sm80.hpp:321:19: note: initialize the variable 'cc1' to silence this warning
  321 |     float cc0, cc1, cc2, cc3;
      |                   ^
      |                    = 0.0
/opt/maca/include/cute/arch/mma_sm80.hpp:334:16: warning: variable 'cc2' is used uninitialized whenever 'if' condition is false [-Wsometimes-uninitialized]
  334 |     } else if (lane_id < 64) {
      |                ^~~~~~~~~~~~
/opt/maca/include/cute/arch/mma_sm80.hpp:352:60: note: uninitialized use occurs here
  352 |                                                 {cc0, cc1, cc2, cc3});
      |                                                            ^~~
/opt/maca/include/cute/arch/mma_sm80.hpp:334:12: note: remove the 'if' if its condition is always true
  334 |     } else if (lane_id < 64) {
      |            ^~~~~~~~~~~~~~~~~
/opt/maca/include/cute/arch/mma_sm80.hpp:321:24: note: initialize the variable 'cc2' to silence this warning
  321 |     float cc0, cc1, cc2, cc3;
      |                        ^
      |                         = 0.0
/opt/maca/include/cute/arch/mma_sm80.hpp:334:16: warning: variable 'cc3' is used uninitialized whenever 'if' condition is false [-Wsometimes-uninitialized]
  334 |     } else if (lane_id < 64) {
      |                ^~~~~~~~~~~~
/opt/maca/include/cute/arch/mma_sm80.hpp:352:65: note: uninitialized use occurs here
  352 |                                                 {cc0, cc1, cc2, cc3});
      |                                                                 ^~~
/opt/maca/include/cute/arch/mma_sm80.hpp:334:12: note: remove the 'if' if its condition is always true
  334 |     } else if (lane_id < 64) {
      |            ^~~~~~~~~~~~~~~~~
/opt/maca/include/cute/arch/mma_sm80.hpp:321:29: note: initialize the variable 'cc3' to silence this warning
  321 |     float cc0, cc1, cc2, cc3;
      |                             ^
      |                              = 0.0
/opt/maca/include/cute/arch/mma_sm80.hpp:608:16: warning: variable 'cc0' is used uninitialized whenever 'if' condition is false [-Wsometimes-uninitialized]
  608 |     } else if (lane_id < 64) {
      |                ^~~~~~~~~~~~
/opt/maca/include/cute/arch/mma_sm80.hpp:626:50: note: uninitialized use occurs here
  626 |                                                 {cc0, cc1, cc2, cc3});
      |                                                  ^~~
/opt/maca/include/cute/arch/mma_sm80.hpp:608:12: note: remove the 'if' if its condition is always true
  608 |     } else if (lane_id < 64) {
      |            ^~~~~~~~~~~~~~~~~
/opt/maca/include/cute/arch/mma_sm80.hpp:595:14: note: initialize the variable 'cc0' to silence this warning
  595 |     float cc0, cc1, cc2, cc3;
      |              ^
      |               = 0.0
/opt/maca/include/cute/arch/mma_sm80.hpp:608:16: warning: variable 'cc1' is used uninitialized whenever 'if' condition is false [-Wsometimes-uninitialized]
  608 |     } else if (lane_id < 64) {
      |                ^~~~~~~~~~~~
/opt/maca/include/cute/arch/mma_sm80.hpp:626:55: note: uninitialized use occurs here
  626 |                                                 {cc0, cc1, cc2, cc3});
      |                                                       ^~~
/opt/maca/include/cute/arch/mma_sm80.hpp:608:12: note: remove the 'if' if its condition is always true
  608 |     } else if (lane_id < 64) {
      |            ^~~~~~~~~~~~~~~~~
/opt/maca/include/cute/arch/mma_sm80.hpp:595:19: note: initialize the variable 'cc1' to silence this warning
  595 |     float cc0, cc1, cc2, cc3;
      |                   ^
      |                    = 0.0
/opt/maca/include/cute/arch/mma_sm80.hpp:608:16: warning: variable 'cc2' is used uninitialized whenever 'if' condition is false [-Wsometimes-uninitialized]
  608 |     } else if (lane_id < 64) {
      |                ^~~~~~~~~~~~
/opt/maca/include/cute/arch/mma_sm80.hpp:626:60: note: uninitialized use occurs here
  626 |                                                 {cc0, cc1, cc2, cc3});
      |                                                            ^~~
/opt/maca/include/cute/arch/mma_sm80.hpp:608:12: note: remove the 'if' if its condition is always true
  608 |     } else if (lane_id < 64) {
      |            ^~~~~~~~~~~~~~~~~
/opt/maca/include/cute/arch/mma_sm80.hpp:595:24: note: initialize the variable 'cc2' to silence this warning
  595 |     float cc0, cc1, cc2, cc3;
      |                        ^
      |                         = 0.0
/opt/maca/include/cute/arch/mma_sm80.hpp:608:16: warning: variable 'cc3' is used uninitialized whenever 'if' condition is false [-Wsometimes-uninitialized]
  608 |     } else if (lane_id < 64) {
      |                ^~~~~~~~~~~~
/opt/maca/include/cute/arch/mma_sm80.hpp:626:65: note: uninitialized use occurs here
  626 |                                                 {cc0, cc1, cc2, cc3});
      |                                                                 ^~~
/opt/maca/include/cute/arch/mma_sm80.hpp:608:12: note: remove the 'if' if its condition is always true
  608 |     } else if (lane_id < 64) {
      |            ^~~~~~~~~~~~~~~~~
/opt/maca/include/cute/arch/mma_sm80.hpp:595:29: note: initialize the variable 'cc3' to silence this warning
  595 |     float cc0, cc1, cc2, cc3;
      |                             ^
      |                              = 0.0
8 warnings generated when compiling for xcore1000.
In file included from ${ARTIFACT_ROOT}/codex_dt_fa19_qk_softmax_diagnostic_20260908_v1/vendor_fa_finite_p1_bf16_d256_conditional_diag_20260908.cu:20:
In file included from ${ARTIFACT_ROOT}/codex_vendor_fa_source_gpu_language_20260907_v1/vendor_source/csrc/flash_attn/src/kernel_traits.h:7:
In file included from /opt/maca/include/cute/algorithm/copy.hpp:35:
In file included from /opt/maca/include/cute/tensor.hpp:956:
In file included from /opt/maca/include/cute/algorithm/gemm.hpp:40:
In file included from /opt/maca/include/cute/atom/mma_atom.hpp:1060:
In file included from /opt/maca/include/cute/atom/mma_traits_sm80.hpp:33:
/opt/maca/include/cute/arch/mma_sm80.hpp:334:16: warning: variable 'cc0' is used uninitialized whenever 'if' condition is false [-Wsometimes-uninitialized]
  334 |     } else if (lane_id < 64) {
      |                ^~~~~~~~~~~~
/opt/maca/include/cute/arch/mma_sm80.hpp:352:50: note: uninitialized use occurs here
  352 |                                                 {cc0, cc1, cc2, cc3});
      |                                                  ^~~
/opt/maca/include/cute/arch/mma_sm80.hpp:334:12: note: remove the 'if' if its condition is always true
  334 |     } else if (lane_id < 64) {
      |            ^~~~~~~~~~~~~~~~~
/opt/maca/include/cute/arch/mma_sm80.hpp:321:14: note: initialize the variable 'cc0' to silence this warning
  321 |     float cc0, cc1, cc2, cc3;
      |              ^
      |               = 0.0
/opt/maca/include/cute/arch/mma_sm80.hpp:334:16: warning: variable 'cc1' is used uninitialized whenever 'if' condition is false [-Wsometimes-uninitialized]
  334 |     } else if (lane_id < 64) {
      |                ^~~~~~~~~~~~
/opt/maca/include/cute/arch/mma_sm80.hpp:352:55: note: uninitialized use occurs here
  352 |                                                 {cc0, cc1, cc2, cc3});
      |                                                       ^~~
/opt/maca/include/cute/arch/mma_sm80.hpp:334:12: note: remove the 'if' if its condition is always true
  334 |     } else if (lane_id < 64) {
      |            ^~~~~~~~~~~~~~~~~
/opt/maca/include/cute/arch/mma_sm80.hpp:321:19: note: initialize the variable 'cc1' to silence this warning
  321 |     float cc0, cc1, cc2, cc3;
      |                   ^
      |                    = 0.0
/opt/maca/include/cute/arch/mma_sm80.hpp:334:16: warning: variable 'cc2' is used uninitialized whenever 'if' condition is false [-Wsometimes-uninitialized]
  334 |     } else if (lane_id < 64) {
      |                ^~~~~~~~~~~~
/opt/maca/include/cute/arch/mma_sm80.hpp:352:60: note: uninitialized use occurs here
  352 |                                                 {cc0, cc1, cc2, cc3});
      |                                                            ^~~
/opt/maca/include/cute/arch/mma_sm80.hpp:334:12: note: remove the 'if' if its condition is always true
  334 |     } else if (lane_id < 64) {
      |            ^~~~~~~~~~~~~~~~~
/opt/maca/include/cute/arch/mma_sm80.hpp:321:24: note: initialize the variable 'cc2' to silence this warning
  321 |     float cc0, cc1, cc2, cc3;
      |                        ^
      |                         = 0.0
/opt/maca/include/cute/arch/mma_sm80.hpp:334:16: warning: variable 'cc3' is used uninitialized whenever 'if' condition is false [-Wsometimes-uninitialized]
  334 |     } else if (lane_id < 64) {
      |                ^~~~~~~~~~~~
/opt/maca/include/cute/arch/mma_sm80.hpp:352:65: note: uninitialized use occurs here
  352 |                                                 {cc0, cc1, cc2, cc3});
      |                                                                 ^~~
/opt/maca/include/cute/arch/mma_sm80.hpp:334:12: note: remove the 'if' if its condition is always true
  334 |     } else if (lane_id < 64) {
      |            ^~~~~~~~~~~~~~~~~
/opt/maca/include/cute/arch/mma_sm80.hpp:321:29: note: initialize the variable 'cc3' to silence this warning
  321 |     float cc0, cc1, cc2, cc3;
      |                             ^
      |                              = 0.0
/opt/maca/include/cute/arch/mma_sm80.hpp:608:16: warning: variable 'cc0' is used uninitialized whenever 'if' condition is false [-Wsometimes-uninitialized]
  608 |     } else if (lane_id < 64) {
      |                ^~~~~~~~~~~~
/opt/maca/include/cute/arch/mma_sm80.hpp:626:50: note: uninitialized use occurs here
  626 |                                                 {cc0, cc1, cc2, cc3});
      |                                                  ^~~
/opt/maca/include/cute/arch/mma_sm80.hpp:608:12: note: remove the 'if' if its condition is always true
  608 |     } else if (lane_id < 64) {
      |            ^~~~~~~~~~~~~~~~~
/opt/maca/include/cute/arch/mma_sm80.hpp:595:14: note: initialize the variable 'cc0' to silence this warning
  595 |     float cc0, cc1, cc2, cc3;
      |              ^
      |               = 0.0
/opt/maca/include/cute/arch/mma_sm80.hpp:608:16: warning: variable 'cc1' is used uninitialized whenever 'if' condition is false [-Wsometimes-uninitialized]
  608 |     } else if (lane_id < 64) {
      |                ^~~~~~~~~~~~
/opt/maca/include/cute/arch/mma_sm80.hpp:626:55: note: uninitialized use occurs here
  626 |                                                 {cc0, cc1, cc2, cc3});
      |                                                       ^~~
/opt/maca/include/cute/arch/mma_sm80.hpp:608:12: note: remove the 'if' if its condition is always true
  608 |     } else if (lane_id < 64) {
      |            ^~~~~~~~~~~~~~~~~
/opt/maca/include/cute/arch/mma_sm80.hpp:595:19: note: initialize the variable 'cc1' to silence this warning
  595 |     float cc0, cc1, cc2, cc3;
      |                   ^
      |                    = 0.0
/opt/maca/include/cute/arch/mma_sm80.hpp:608:16: warning: variable 'cc2' is used uninitialized whenever 'if' condition is false [-Wsometimes-uninitialized]
  608 |     } else if (lane_id < 64) {
      |                ^~~~~~~~~~~~
/opt/maca/include/cute/arch/mma_sm80.hpp:626:60: note: uninitialized use occurs here
  626 |                                                 {cc0, cc1, cc2, cc3});
      |                                                            ^~~
/opt/maca/include/cute/arch/mma_sm80.hpp:608:12: note: remove the 'if' if its condition is always true
  608 |     } else if (lane_id < 64) {
      |            ^~~~~~~~~~~~~~~~~
/opt/maca/include/cute/arch/mma_sm80.hpp:595:24: note: initialize the variable 'cc2' to silence this warning
  595 |     float cc0, cc1, cc2, cc3;
      |                        ^
      |                         = 0.0
/opt/maca/include/cute/arch/mma_sm80.hpp:608:16: warning: variable 'cc3' is used uninitialized whenever 'if' condition is false [-Wsometimes-uninitialized]
  608 |     } else if (lane_id < 64) {
      |                ^~~~~~~~~~~~
/opt/maca/include/cute/arch/mma_sm80.hpp:626:65: note: uninitialized use occurs here
  626 |                                                 {cc0, cc1, cc2, cc3});
      |                                                                 ^~~
/opt/maca/include/cute/arch/mma_sm80.hpp:608:12: note: remove the 'if' if its condition is always true
  608 |     } else if (lane_id < 64) {
      |            ^~~~~~~~~~~~~~~~~
/opt/maca/include/cute/arch/mma_sm80.hpp:595:29: note: initialize the variable 'cc3' to silence this warning
  595 |     float cc0, cc1, cc2, cc3;
      |                             ^
      |                              = 0.0
8 warnings generated when compiling for xcore1000.
In file included from ${ARTIFACT_ROOT}/codex_dt_fa19_qk_softmax_diagnostic_20260908_v1/vendor_fa_finite_p1_bf16_d256_conditional_diag_20260908.cu:21:
In file included from ${ARTIFACT_ROOT}/codex_vendor_fa_source_gpu_language_20260907_v1/vendor_source/csrc/flash_attn/src/utils.h:22:
/opt/maca/include/mctlass/numeric_conversion.h:1715:5: warning: non-void function does not return a value [-Wreturn-type]
 1715 |     }
      |     ^
1 warning generated when compiling for host.
