2026-10-06 08:43:18,882	INFO worker.py:2007 -- Started a local Ray instance.
WARNING:2026-10-06 08:43:19,714:Waiting for register center actor W6stdg_register_center to be ready. Elapsed time: 0 seconds out of 300 seconds.
[33m(raylet)[0m Traceback (most recent call last):
  File "python/ray/_raylet.pyx", line 2164, in ray._raylet.task_execution_handler
  File "python/ray/_raylet.pyx", line 1985, in ray._raylet.execute_task_with_cancellation_handler
  File "/opt/conda/lib/python3.12/site-packages/ray/_private/function_manager.py", line 610, in temporary_actor_method
    raise RuntimeError(
RuntimeError: The actor with name LabelEncodingWorker failed to import on the worker. This may be because needed library dependencies are not installed in the worker environment:

Traceback (most recent call last):
  File "/opt/conda/lib/python3.12/site-packages/ray/_private/function_manager.py", line 649, in _load_actor_class_from_gcs
    actor_class = pickle.loads(pickled_class)
                  ^^^^^^^^^^^^^^^^^^^^^^^^^^^
ModuleNotFoundError: No module named 'verify_textcraft_native_readout'

An unexpected internal error occurred while the worker was executing a task.
[33m(raylet)[0m A worker died or was killed while executing a task by an unexpected system error. To troubleshoot the problem, check the logs for the dead worker. Lease ID: 0000000081578a2c8745d69645ee7a68464e0ae6ae50bab2b8c3734c531cbde2 Worker ID: 0c0aa1e139531238d4d9d7e2a2c8cd7c2ffa1fba28ab8d54d59adfab Node ID: 1099f36a53288374e9341154d4cdfb35b1351e23200830cbc14330ca Worker IP address: 10.200.111.35 Worker port: 42849 Worker PID: 3003285 Worker exit type: SYSTEM_ERROR Worker exit detail: Worker exits unexpectedly. Worker exits with an exit code None. Traceback (most recent call last):
  File "python/ray/_raylet.pyx", line 2164, in ray._raylet.task_execution_handler
  File "python/ray/_raylet.pyx", line 1985, in ray._raylet.execute_task_with_cancellation_handler
  File "/opt/conda/lib/python3.12/site-packages/ray/_private/function_manager.py", line 610, in temporary_actor_method
    raise RuntimeError(
RuntimeError: The actor with name LabelEncodingWorker failed to import on the worker. This may be because needed library dependencies are not installed in the worker environment:

Traceback (most recent call last):
  File "/opt/conda/lib/python3.12/site-packages/ray/_private/function_manager.py", line 649, in _load_actor_class_from_gcs
    actor_class = pickle.loads(pickled_class)
                  ^^^^^^^^^^^^^^^^^^^^^^^^^^^
ModuleNotFoundError: No module named 'verify_textcraft_native_readout'

An unexpected internal error occurred while the worker was executing a task.
[36m(pid=gcs_server)[0m [2026-10-06 08:43:47,008 E 3001818 3001818] (gcs_server) gcs_server.cc:303: Failed to establish connection to the event+metrics exporter agent. Events and metrics will not be exported. Exporter agent status: RpcError: Running out of retries to initialize the metrics agent. rpc_code: 14
[33m(raylet)[0m [2026-10-06 08:43:48,803 E 3002557 3002557] (raylet) main.cc:1032: Failed to establish connection to the metrics exporter agent. Metrics will not be exported. Exporter agent status: RpcError: Running out of retries to initialize the metrics agent. rpc_code: 14
[36m(bundle_reservation_check_func pid=3002685)[0m [2026-10-06 08:43:49,325 E 3002685 3002871] core_worker_process.cc:842: Failed to establish connection to the metrics exporter agent. Metrics will not be exported. Exporter agent status: RpcError: Running out of retries to initialize the metrics agent. rpc_code: 14
[2026-10-06 08:43:49,525 E 3000361 3002684] core_worker_process.cc:842: Failed to establish connection to the metrics exporter agent. Metrics will not be exported. Exporter agent status: RpcError: Running out of retries to initialize the metrics agent. rpc_code: 14
WARNING:2026-10-06 08:43:49,728:Waiting for register center actor W6stdg_register_center to be ready. Elapsed time: 30 seconds out of 300 seconds.
WARNING:2026-10-06 08:44:19,741:Waiting for register center actor W6stdg_register_center to be ready. Elapsed time: 60 seconds out of 300 seconds.
WARNING:2026-10-06 08:44:49,753:Waiting for register center actor W6stdg_register_center to be ready. Elapsed time: 90 seconds out of 300 seconds.
WARNING:2026-10-06 08:45:19,766:Waiting for register center actor W6stdg_register_center to be ready. Elapsed time: 120 seconds out of 300 seconds.
WARNING:2026-10-06 08:45:49,779:Waiting for register center actor W6stdg_register_center to be ready. Elapsed time: 150 seconds out of 300 seconds.
WARNING:2026-10-06 08:46:19,792:Waiting for register center actor W6stdg_register_center to be ready. Elapsed time: 180 seconds out of 300 seconds.
WARNING:2026-10-06 08:46:49,805:Waiting for register center actor W6stdg_register_center to be ready. Elapsed time: 210 seconds out of 300 seconds.
WARNING:2026-10-06 08:47:19,818:Waiting for register center actor W6stdg_register_center to be ready. Elapsed time: 240 seconds out of 300 seconds.
*** SIGTERM received at time=1791247644 on cpu 38 ***
PC: @     0x7f28be3527f8  (unknown)  clock_nanosleep
    @     0x7f28be2af520  (unknown)  (unknown)
    @ ... and at least 4 more frames
[2026-10-06 08:47:24,337 E 3000361 3000361] logging.cc:474: *** SIGTERM received at time=1791247644 on cpu 38 ***
[2026-10-06 08:47:24,337 E 3000361 3000361] logging.cc:474: PC: @     0x7f28be3527f8  (unknown)  clock_nanosleep
[2026-10-06 08:47:24,337 E 3000361 3000361] logging.cc:474:     @     0x7f28be2af520  (unknown)  (unknown)
[2026-10-06 08:47:24,337 E 3000361 3000361] logging.cc:474:     @ ... and at least 4 more frames
[36m(pid=3002687)[0m [2026-10-06 08:43:49,363 E 3002687 3003061] core_worker_process.cc:842: Failed to establish connection to the metrics exporter agent. Metrics will not be exported. Exporter agent status: RpcError: Running out of retries to initialize the metrics agent. rpc_code: 14[32m [repeated 5x across cluster] (Ray deduplicates logs by default. Set RAY_DEDUP_LOGS=0 to disable log deduplication, or see https://docs.ray.io/en/master/ray-observability/user-guides/configure-logging.html#log-deduplication for more options.)[0m
