Current Triton version 3.0.0 is below the recommended 3.2.0 version. Errors may occur and these issues will not be fixed. Please consider upgrading Triton.
${SITE_PACKAGES}/torchvision/datapoints/__init__.py:12: UserWarning: The torchvision.datapoints and torchvision.transforms.v2 namespaces are still Beta. While we do not expect major breaking changes, some APIs may still change according to user feedback. Please submit any feedback you may have in this issue: https://github.com/pytorch/vision/issues/6753, and you can also check out https://github.com/pytorch/vision/issues/7319 to learn more about the APIs that we suspect might involve future changes. You can silence this warning by calling torchvision.disable_beta_transforms_warning().
  warnings.warn(_BETA_TRANSFORMS_WARNING)
${SITE_PACKAGES}/torchvision/transforms/v2/__init__.py:54: UserWarning: The torchvision.datapoints and torchvision.transforms.v2 namespaces are still Beta. While we do not expect major breaking changes, some APIs may still change according to user feedback. Please submit any feedback you may have in this issue: https://github.com/pytorch/vision/issues/6753, and you can also check out https://github.com/pytorch/vision/issues/7319 to learn more about the APIs that we suspect might involve future changes. You can silence this warning by calling torchvision.disable_beta_transforms_warning().
  warnings.warn(_BETA_TRANSFORMS_WARNING)
[transformers] You are attempting to use Flash Attention 2 without specifying a dtype. This might lead to unexpected behaviour
Traceback (most recent call last):
  File "${ARTIFACT_ROOT}/codex_qwen35_finite_fa_actual_20260908_v1/study.py", line 203, in <module>
    r['job_seconds']=time.perf_counter()-start;save()
                                               ^^^^^^
  File "${ARTIFACT_ROOT}/codex_qwen35_finite_fa_actual_20260908_v1/study.py", line 18, in save
    f=HERE/'results.partial';f.write_text(json.dumps(r,indent=2));f.replace(HERE/'results.json')
                                          ^^^^^^^^^^^^^^^^^^^^^^
  File "/opt/conda/lib/python3.12/json/__init__.py", line 238, in dumps
    **kw).encode(obj)
          ^^^^^^^^^^^
  File "/opt/conda/lib/python3.12/json/encoder.py", line 202, in encode
    chunks = list(chunks)
             ^^^^^^^^^^^^
  File "/opt/conda/lib/python3.12/json/encoder.py", line 432, in _iterencode
    yield from _iterencode_dict(o, _current_indent_level)
  File "/opt/conda/lib/python3.12/json/encoder.py", line 406, in _iterencode_dict
    yield from chunks
  File "/opt/conda/lib/python3.12/json/encoder.py", line 406, in _iterencode_dict
    yield from chunks
  File "/opt/conda/lib/python3.12/json/encoder.py", line 439, in _iterencode
    o = _default(o)
        ^^^^^^^^^^^
  File "/opt/conda/lib/python3.12/json/encoder.py", line 180, in default
    raise TypeError(f'Object of type {o.__class__.__name__} '
TypeError: Object of type Tensor is not JSON serializable
