Current Triton version 3.0.0 is below the recommended 3.2.0 version. Errors may occur and these issues will not be fixed. Please consider upgrading Triton.
Current Triton version 3.0.0 is below the recommended 3.2.0 version. Errors may occur and these issues will not be fixed. Please consider upgrading Triton.
Traceback (most recent call last):
  File "${ARTIFACT_ROOT}/codex_qwen35_isolated_import_20260908_v1/import_probe.py", line 3, in <module>
    from transformers.models.qwen3_5 import modeling_qwen3_5 as m
  File "${ARTIFACT_ROOT}/codex_qwen35_isolated_import_20260908_v1/env/lib/python3.12/site-packages/transformers/models/qwen3_5/modeling_qwen3_5.py", line 74, in <module>
    from fla.modules import FusedRMSNormGated
  File "${ARTIFACT_ROOT}/codex_qwen35_isolated_import_20260908_v1/env/lib/python3.12/site-packages/fla/modules/__init__.py", line 2, in <module>
    from fla.modules.convolution import ImplicitLongConvolution, LongConvolution, ShortConvolution
  File "${ARTIFACT_ROOT}/codex_qwen35_isolated_import_20260908_v1/env/lib/python3.12/site-packages/fla/modules/convolution.py", line 13, in <module>
    from fla.ops.utils import prepare_chunk_indices, prepare_sequence_ids
  File "${ARTIFACT_ROOT}/codex_qwen35_isolated_import_20260908_v1/env/lib/python3.12/site-packages/fla/ops/__init__.py", line 2, in <module>
    from .abc import chunk_abc
  File "${ARTIFACT_ROOT}/codex_qwen35_isolated_import_20260908_v1/env/lib/python3.12/site-packages/fla/ops/abc/__init__.py", line 2, in <module>
    from .chunk import chunk_abc
  File "${ARTIFACT_ROOT}/codex_qwen35_isolated_import_20260908_v1/env/lib/python3.12/site-packages/fla/ops/abc/chunk.py", line 8, in <module>
    from fla.ops.utils import softmax_bwd, softmax_fwd
  File "${ARTIFACT_ROOT}/codex_qwen35_isolated_import_20260908_v1/env/lib/python3.12/site-packages/fla/ops/utils/__init__.py", line 1, in <module>
    from .cumsum import (
  File "${ARTIFACT_ROOT}/codex_qwen35_isolated_import_20260908_v1/env/lib/python3.12/site-packages/fla/ops/utils/cumsum.py", line 8, in <module>
    from fla.ops.utils.index import prepare_chunk_indices
  File "${ARTIFACT_ROOT}/codex_qwen35_isolated_import_20260908_v1/env/lib/python3.12/site-packages/fla/ops/utils/index.py", line 8, in <module>
    from fla.utils import autotune_cache_kwargs, tensor_cache
  File "${ARTIFACT_ROOT}/codex_qwen35_isolated_import_20260908_v1/env/lib/python3.12/site-packages/fla/utils.py", line 389, in <module>
    device_torch_lib = getattr(torch, device)
                       ^^^^^^^^^^^^^^^^^^^^^^
  File "${SITE_PACKAGES}/torch/__init__.py", line 2750, in __getattr__
    raise AttributeError(f"module '{__name__}' has no attribute '{name}'")
AttributeError: module 'torch' has no attribute 'maca'
