{"message_type":"status","seconds_elapsed":1,"percent_done":0.02591177019368064,"total_files":754,"files_done":129,"total_bytes":58520201,"bytes_done":1516362,"current_files":["/mnt/si0021787ci2/default/lzq/deepresearch/deltatrace_rl_20260922/candidates/appworld-fresh-official-padding-20261007-v1/verl/agent_system/environments/env_package/alfworld/alfworld/gen/ff_planner/samples/PutTask_domain.pddl"]}
{"message_type":"status","seconds_elapsed":1,"percent_done":0.030463183278342635,"total_files":1182,"files_done":354,"total_bytes":70388573,"bytes_done":2144260}
{"message_type":"status","seconds_elapsed":1,"percent_done":0.1157366455820027,"total_files":1493,"files_done":550,"total_bytes":72903383,"bytes_done":8437593}
{"message_type":"status","seconds_elapsed":1,"percent_done":0.5522695116776886,"total_files":1794,"files_done":699,"total_bytes":75364957,"bytes_done":41621768}
{"message_type":"status","seconds_elapsed":1,"percent_done":0.7816261508328736,"total_files":1937,"files_done":884,"total_bytes":76931240,"bytes_done":60131469}
{"message_type":"status","seconds_elapsed":1,"percent_done":0.8841405099467744,"total_files":2190,"files_done":1090,"total_bytes":77278771,"bytes_done":68325292}
{"message_type":"status","seconds_elapsed":1,"percent_done":0.7092686769548936,"total_files":2362,"files_done":1296,"total_bytes":100607099,"bytes_done":71357464}
{"message_type":"status","seconds_elapsed":1,"percent_done":0.6214273039133615,"total_files":2455,"files_done":1428,"total_bytes":116679355,"bytes_done":72507737}
{"message_type":"status","seconds_elapsed":1,"percent_done":0.5481339147605546,"total_files":2547,"files_done":1666,"total_bytes":134706226,"bytes_done":73837051}
{"message_type":"status","seconds_elapsed":1,"percent_done":0.5678664107574077,"total_files":2640,"files_done":1892,"total_bytes":135200527,"bytes_done":76775838,"current_files":["/mnt/si0021787ci2/default/lzq/deepresearch/deltatrace_rl_20260922/candidates/official-verl-20bd331-sql-padding-20261001/agent_system/environments/env_package/alfworld/alfworld/gen/game_states/task_game_state.py"]}
{"message_type":"status","seconds_elapsed":2,"percent_done":0.5570768845189555,"total_files":2754,"files_done":2140,"total_bytes":138640407,"bytes_done":77233366}
{"message_type":"status","seconds_elapsed":2,"percent_done":0.6120005164446266,"total_files":2867,"files_done":2322,"total_bytes":143612686,"bytes_done":87891038}
{"message_type":"status","seconds_elapsed":2,"percent_done":0.8241852254458888,"total_files":2944,"files_done":2468,"total_bytes":145484201,"bytes_done":119905929,"current_files":["/mnt/si0021787ci2/default/lzq/deepresearch/deltatrace_rl_20260922/candidates/official-verl-20bd331-sql-padding-20261001/agent_system/environments/env_package/webshop/webshop/web_agent_site/envs/chromedriver"]}
{"message_type":"status","seconds_elapsed":2,"percent_done":0.9227736727099988,"total_files":3022,"files_done":2575,"total_bytes":146170411,"bytes_done":134882207}
{"message_type":"status","seconds_elapsed":2,"percent_done":0.9362852146663488,"total_files":3140,"files_done":2738,"total_bytes":147102842,"bytes_done":137730216}
{"message_type":"status","seconds_elapsed":2,"percent_done":0.9806311819217844,"total_files":3285,"files_done":2925,"total_bytes":148246578,"bytes_done":145375217}
{"message_type":"status","seconds_elapsed":2,"percent_done":0.991486663523525,"total_files":3285,"files_done":3119,"total_bytes":148246578,"bytes_done":146984505}
{"message_type":"status","seconds_elapsed":2,"percent_done":0.6693101619623957,"total_files":4754,"files_done":3285,"total_bytes":221491599,"bytes_done":148246578}
{"message_type":"status","seconds_elapsed":2,"percent_done":0.5028338316839726,"total_files":4884,"files_done":3285,"total_bytes":294822203,"bytes_done":148246578}
{"message_type":"status","seconds_elapsed":2,"percent_done":0.4991302565481406,"total_files":5009,"files_done":3504,"total_bytes":300542073,"bytes_done":150009642}
{"message_type":"status","seconds_elapsed":3,"percent_done":0.4899703496570788,"total_files":5178,"files_done":3747,"total_bytes":306773855,"bytes_done":150310093}
{"message_type":"status","seconds_elapsed":3,"percent_done":0.47098765411844873,"total_files":5281,"files_done":3904,"total_bytes":368775367,"bytes_done":173688645}
{"message_type":"status","seconds_elapsed":3,"percent_done":0.5618402016621882,"total_files":5361,"files_done":4089,"total_bytes":369939455,"bytes_done":207846858}
{"message_type":"status","seconds_elapsed":3,"percent_done":0.5727197404610457,"total_files":5452,"files_done":4287,"total_bytes":370081787,"bytes_done":211953145}
{"message_type":"status","seconds_elapsed":3,"percent_done":0.5900393328731178,"total_files":5528,"files_done":4482,"total_bytes":370381537,"bytes_done":218539675}
{"message_type":"status","seconds_elapsed":3,"percent_done":0.5942705923795532,"total_files":5608,"files_done":4682,"total_bytes":370610496,"bytes_done":220242919,"current_files":["/mnt/si0021787ci2/default/lzq/deepresearch/deltatrace_rl_20260922/candidates/textcraft-official-whitening-20261006-v1/verl/verl/utils/seqlen_balancing.py"]}
{"message_type":"status","seconds_elapsed":3,"percent_done":0.6325800138091103,"total_files":5686,"files_done":4840,"total_bytes":370834895,"bytes_done":234582743,"current_files":["/mnt/si0021787ci2/default/lzq/deepresearch/deltatrace_rl_20260922/receipts/appworld-efficiency-20261007/actor-mcTracer-1791319423/rank0-1189140.json","/mnt/si0021787ci2/default/lzq/deepresearch/deltatrace_rl_20260922/receipts/appworld-efficiency-20261007/row-prefix-owner-fresh-v1/source-template.json"]}
{"message_type":"status","seconds_elapsed":3,"percent_done":0.7811413676770028,"total_files":5794,"files_done":5030,"total_bytes":371003182,"bytes_done":289805933,"current_files":["/mnt/si0021787ci2/default/lzq/deepresearch/deltatrace_rl_20260922/receipts/appworld-efficiency-20261007/actor-mcTracer-1791319423/rank0-1189140.json","/mnt/si0021787ci2/default/lzq/deepresearch/deltatrace_rl_20260922/receipts/dt-extremes-side-20260925-1027/first-sample-sequence.json"]}
{"message_type":"status","seconds_elapsed":3,"percent_done":0.8315842522678007,"total_files":5910,"files_done":5263,"total_bytes":371221883,"bytes_done":308702272,"current_files":["/mnt/si0021787ci2/default/lzq/deepresearch/deltatrace_rl_20260922/receipts/environment-only-20260930/entry/textcraft-service.log"]}
{"message_type":"status","seconds_elapsed":3,"percent_done":0.9585411423342979,"total_files":6007,"files_done":5437,"total_bytes":371437031,"bytes_done":356037676,"current_files":["/mnt/si0021787ci2/default/lzq/deepresearch/deltatrace_rl_20260922/receipts/environment-only-20260930/entry/textcraft-service.log"]}
{"message_type":"status","seconds_elapsed":4,"percent_done":0.9970375859370809,"total_files":6102,"files_done":5627,"total_bytes":371771122,"bytes_done":370669782}
{"message_type":"status","seconds_elapsed":4,"percent_done":0.9974483868050614,"total_files":6214,"files_done":5832,"total_bytes":372040716,"bytes_done":371091412,"current_files":["/mnt/si0021787ci2/default/lzq/deepresearch/deltatrace_rl_20260922/receipts/environment-only-20260930/loop-entry/appworld-root/experiments/outputs/runner_015035/tasks/ce359b5_2/logs/api_calls.jsonl"]}
{"message_type":"status","seconds_elapsed":4,"percent_done":0.9976608956574954,"total_files":6330,"files_done":6023,"total_bytes":372382704,"bytes_done":371511662}
{"message_type":"status","seconds_elapsed":4,"percent_done":0.9983002422582365,"total_files":6442,"files_done":6226,"total_bytes":372675461,"bytes_done":372042003}
{"message_type":"status","seconds_elapsed":4,"percent_done":0.9992994614475431,"total_files":6535,"files_done":6399,"total_bytes":372824592,"bytes_done":372563414}
{"message_type":"status","seconds_elapsed":4,"percent_done":0.9998199230032256,"total_files":6651,"files_done":6597,"total_bytes":373062641,"bytes_done":372995461}
{"message_type":"status","seconds_elapsed":4,"percent_done":1,"total_files":6746,"files_done":6746,"total_bytes":373215462,"bytes_done":373215462}
{"message_type":"status","seconds_elapsed":4,"percent_done":1,"total_files":6841,"files_done":6841,"total_bytes":373454808,"bytes_done":373454808}
{"message_type":"status","seconds_elapsed":4,"percent_done":1,"total_files":6934,"files_done":6934,"total_bytes":373608806,"bytes_done":373608806}
{"message_type":"status","seconds_elapsed":4,"percent_done":1,"total_files":7012,"files_done":7012,"total_bytes":373782738,"bytes_done":373782738}
{"message_type":"status","seconds_elapsed":5,"percent_done":1,"total_files":7105,"files_done":7105,"total_bytes":373903672,"bytes_done":373903672}
{"message_type":"status","seconds_elapsed":5,"percent_done":0.9999865288322303,"total_files":7208,"files_done":7206,"total_bytes":374058143,"bytes_done":374053104,"current_files":["/mnt/si0021787ci2/default/lzq/deepresearch/deltatrace_rl_20260922/receipts/environment-only-20260930/loop-entry/appworld-root/experiments/outputs/runner_015686/tasks/29caf6f_1/dbs/phone.jsonl"]}
{"message_type":"status","seconds_elapsed":5,"percent_done":0.9999384994602459,"total_files":7312,"files_done":7311,"total_bytes":374305658,"bytes_done":374282638}
{"message_type":"status","seconds_elapsed":5,"percent_done":0.9999899568433653,"total_files":7402,"files_done":7400,"total_bytes":374583424,"bytes_done":374579662}
{"message_type":"status","seconds_elapsed":5,"percent_done":1,"total_files":7469,"files_done":7467,"total_bytes":374705462,"bytes_done":374705462}
{"message_type":"status","seconds_elapsed":5,"percent_done":1,"total_files":7561,"files_done":7561,"total_bytes":374903316,"bytes_done":374903316}
{"message_type":"status","seconds_elapsed":5,"percent_done":0.9999244158219208,"total_files":7673,"files_done":7672,"total_bytes":375210801,"bytes_done":375182441}
{"message_type":"status","seconds_elapsed":5,"percent_done":1,"total_files":7770,"files_done":7770,"total_bytes":375379745,"bytes_done":375379745}
{"message_type":"status","seconds_elapsed":5,"percent_done":0.9999996272302597,"total_files":7870,"files_done":7868,"total_bytes":375566965,"bytes_done":375566825}
{"message_type":"status","seconds_elapsed":5,"percent_done":1,"total_files":7973,"files_done":7973,"total_bytes":375768799,"bytes_done":375768799}
{"message_type":"status","seconds_elapsed":6,"percent_done":0.9999382902767736,"total_files":8089,"files_done":8087,"total_bytes":376099564,"bytes_done":376076355}
{"message_type":"status","seconds_elapsed":6,"percent_done":1,"total_files":8186,"files_done":8186,"total_bytes":376389909,"bytes_done":376389909}
{"message_type":"status","seconds_elapsed":6,"percent_done":1,"total_files":8275,"files_done":8275,"total_bytes":376518050,"bytes_done":376518050}
{"message_type":"status","seconds_elapsed":6,"percent_done":1,"total_files":8353,"files_done":8353,"total_bytes":376620042,"bytes_done":376620042}
{"message_type":"status","seconds_elapsed":6,"percent_done":1,"total_files":8459,"files_done":8457,"total_bytes":376843421,"bytes_done":376843421}
{"message_type":"status","seconds_elapsed":6,"percent_done":0.9999999734976,"total_files":8555,"files_done":8554,"total_bytes":377324317,"bytes_done":377324307}
{"message_type":"status","seconds_elapsed":6,"percent_done":1,"total_files":8647,"files_done":8647,"total_bytes":377467038,"bytes_done":377467038}
{"message_type":"status","seconds_elapsed":6,"percent_done":1,"total_files":8730,"files_done":8728,"total_bytes":377644896,"bytes_done":377644896}
{"message_type":"status","seconds_elapsed":6,"percent_done":1,"total_files":8820,"files_done":8820,"total_bytes":377899802,"bytes_done":377899802}
{"message_type":"status","seconds_elapsed":6,"percent_done":0.9999999867844301,"total_files":8917,"files_done":8915,"total_bytes":378341613,"bytes_done":378341608,"current_files":["/mnt/si0021787ci2/default/lzq/deepresearch/deltatrace_rl_20260922/receipts/environment-only-20260930/loop-entry/appworld-root/experiments/outputs/runner_016413/tasks/e3d6c94_2/version/code.txt"]}
{"message_type":"status","seconds_elapsed":7,"percent_done":1,"total_files":9029,"files_done":9029,"total_bytes":378719964,"bytes_done":378719964}
{"message_type":"status","seconds_elapsed":7,"percent_done":0.9999963572674273,"total_files":9106,"files_done":9105,"total_bytes":378836484,"bytes_done":378835104}
{"message_type":"status","seconds_elapsed":7,"percent_done":1,"total_files":9198,"files_done":9196,"total_bytes":379174940,"bytes_done":379174940}
{"message_type":"status","seconds_elapsed":7,"percent_done":1,"total_files":9291,"files_done":9291,"total_bytes":379370345,"bytes_done":379370345}
{"message_type":"status","seconds_elapsed":7,"percent_done":1,"total_files":9291,"files_done":9291,"total_bytes":379370345,"bytes_done":379370345}
{"message_type":"status","seconds_elapsed":7,"percent_done":1,"total_files":9291,"files_done":9291,"total_bytes":379370345,"bytes_done":379370345}
{"message_type":"status","seconds_elapsed":7,"percent_done":1,"total_files":9291,"files_done":9291,"total_bytes":379370345,"bytes_done":379370345}
{"message_type":"status","seconds_elapsed":7,"percent_done":1,"total_files":9291,"files_done":9291,"total_bytes":379370345,"bytes_done":379370345}
{"message_type":"status","seconds_elapsed":7,"percent_done":1,"total_files":9291,"files_done":9291,"total_bytes":379370345,"bytes_done":379370345}
{"message_type":"status","seconds_elapsed":7,"percent_done":1,"total_files":9291,"files_done":9291,"total_bytes":379370345,"bytes_done":379370345}
{"message_type":"status","seconds_elapsed":8,"percent_done":1,"total_files":9291,"files_done":9291,"total_bytes":379370345,"bytes_done":379370345}
{"message_type":"status","seconds_elapsed":8,"percent_done":1,"total_files":9291,"files_done":9291,"total_bytes":379370345,"bytes_done":379370345}
{"message_type":"status","seconds_elapsed":8,"percent_done":1,"total_files":9291,"files_done":9291,"total_bytes":379370345,"bytes_done":379370345}
{"message_type":"status","seconds_elapsed":8,"percent_done":1,"total_files":9291,"files_done":9291,"total_bytes":379370345,"bytes_done":379370345}
{"message_type":"status","seconds_elapsed":8,"percent_done":1,"total_files":9291,"files_done":9291,"total_bytes":379370345,"bytes_done":379370345}
{"message_type":"status","seconds_elapsed":8,"percent_done":1,"total_files":9291,"files_done":9291,"total_bytes":379370345,"bytes_done":379370345}
{"message_type":"status","seconds_elapsed":8,"percent_done":1,"total_files":9291,"files_done":9291,"total_bytes":379370345,"bytes_done":379370345}
{"message_type":"status","seconds_elapsed":8,"percent_done":1,"total_files":9291,"files_done":9291,"total_bytes":379370345,"bytes_done":379370345}
{"message_type":"status","seconds_elapsed":8,"percent_done":1,"total_files":9327,"files_done":9327,"total_bytes":379440658,"bytes_done":379440658}
{"message_type":"status","seconds_elapsed":8,"percent_done":1,"total_files":9433,"files_done":9431,"total_bytes":379656450,"bytes_done":379656450}
{"message_type":"status","seconds_elapsed":9,"percent_done":0.9999902218422179,"total_files":9549,"files_done":9547,"total_bytes":380030685,"bytes_done":380026969}
{"message_type":"status","seconds_elapsed":9,"percent_done":0.9999999736998902,"total_files":9648,"files_done":9646,"total_bytes":380226550,"bytes_done":380226540,"current_files":["/mnt/si0021787ci2/default/lzq/deepresearch/deltatrace_rl_20260922/receipts/environment-only-20260930/loop-entry/appworld-root/experiments/outputs/runner_016658/tasks/c901732_1/evaluation/report.md"]}
{"message_type":"status","seconds_elapsed":9,"percent_done":1,"total_files":9726,"files_done":9726,"total_bytes":380408969,"bytes_done":380408969}
{"message_type":"status","seconds_elapsed":9,"percent_done":1,"total_files":9781,"files_done":9781,"total_bytes":380808115,"bytes_done":380808115}
{"message_type":"status","seconds_elapsed":9,"percent_done":1.0001272346835361,"total_files":9781,"files_done":9800,"total_bytes":380808115,"bytes_done":380856567}
{"message_type":"status","seconds_elapsed":9,"percent_done":0.9999999868762329,"total_files":9861,"files_done":9860,"total_bytes":380988170,"bytes_done":380988165}
{"message_type":"status","seconds_elapsed":9,"percent_done":1,"total_files":9950,"files_done":9950,"total_bytes":381260997,"bytes_done":381260997}
{"message_type":"status","seconds_elapsed":9,"percent_done":1,"total_files":10047,"files_done":10047,"total_bytes":381459898,"bytes_done":381459898}
{"message_type":"status","seconds_elapsed":9,"percent_done":0.999990087905994,"total_files":10139,"files_done":10137,"total_bytes":381654976,"bytes_done":381651193}
{"message_type":"status","seconds_elapsed":9,"percent_done":0.9999496941329691,"total_files":10218,"files_done":10217,"total_bytes":381824251,"bytes_done":381805043}
{"message_type":"status","seconds_elapsed":10,"percent_done":0.9999658161903757,"total_files":10313,"files_done":10311,"total_bytes":382022956,"bytes_done":382009897}
{"message_type":"status","seconds_elapsed":10,"percent_done":1,"total_files":10410,"files_done":10410,"total_bytes":382251081,"bytes_done":382251081}
{"message_type":"status","seconds_elapsed":10,"percent_done":0.9999578027831835,"total_files":10522,"files_done":10521,"total_bytes":382584474,"bytes_done":382568330}
{"message_type":"status","seconds_elapsed":10,"percent_done":1,"total_files":10634,"files_done":10634,"total_bytes":382830515,"bytes_done":382830515}
{"message_type":"status","seconds_elapsed":10,"percent_done":1,"total_files":10708,"files_done":10708,"total_bytes":382975680,"bytes_done":382975680}
{"message_type":"status","seconds_elapsed":10,"percent_done":1,"total_files":10803,"files_done":10803,"total_bytes":383121845,"bytes_done":383121845}
{"message_type":"status","seconds_elapsed":10,"percent_done":0.9999910853811901,"total_files":10896,"files_done":10894,"total_bytes":383302985,"bytes_done":383299568}
{"message_type":"status","seconds_elapsed":10,"percent_done":1,"total_files":10978,"files_done":10978,"total_bytes":383479601,"bytes_done":383479601}
{"message_type":"status","seconds_elapsed":10,"percent_done":1,"total_files":11056,"files_done":11056,"total_bytes":383637159,"bytes_done":383637159}
{"message_type":"status","seconds_elapsed":10,"percent_done":1,"total_files":11159,"files_done":11157,"total_bytes":383794445,"bytes_done":383794445}
{"message_type":"status","seconds_elapsed":11,"percent_done":0.9999713552849633,"total_files":11244,"files_done":11243,"total_bytes":383980081,"bytes_done":383969082,"current_files":["/mnt/si0021787ci2/default/lzq/deepresearch/deltatrace_rl_20260922/receipts/environment-only-20260930/loop-entry/appworld-root/experiments/outputs/runner_017043/tasks/2a163ab_3/logs/environment_io.md"]}
{"message_type":"status","seconds_elapsed":11,"percent_done":1,"total_files":11346,"files_done":11344,"total_bytes":384099492,"bytes_done":384099492}
{"message_type":"status","seconds_elapsed":11,"percent_done":1,"total_files":11417,"files_done":11417,"total_bytes":384275409,"bytes_done":384275409}
{"message_type":"status","seconds_elapsed":11,"percent_done":1,"total_files":11479,"files_done":11478,"total_bytes":384438929,"bytes_done":384438929}
{"message_type":"status","seconds_elapsed":11,"percent_done":1,"total_files":11572,"files_done":11570,"total_bytes":384632923,"bytes_done":384632923}
{"message_type":"status","seconds_elapsed":11,"percent_done":1,"total_files":11668,"files_done":11666,"total_bytes":384812644,"bytes_done":384812644}
{"message_type":"status","seconds_elapsed":11,"percent_done":0.999999961044649,"total_files":11770,"files_done":11768,"total_bytes":385056215,"bytes_done":385056200,"current_files":["/mnt/si0021787ci2/default/lzq/deepresearch/deltatrace_rl_20260922/receipts/environment-only-20260930/loop-entry/appworld-root/experiments/outputs/runner_017355/tasks/aa8502b_2/version/code.txt"]}
{"message_type":"status","seconds_elapsed":11,"percent_done":0.99999987802151,"total_files":11871,"files_done":11869,"total_bytes":385313837,"bytes_done":385313790}
{"message_type":"status","seconds_elapsed":11,"percent_done":1,"total_files":11954,"files_done":11954,"total_bytes":385492899,"bytes_done":385492899}
{"message_type":"status","seconds_elapsed":11,"percent_done":0.9999959858069648,"total_files":12064,"files_done":12062,"total_bytes":385631679,"bytes_done":385630131}
{"message_type":"status","seconds_elapsed":12,"percent_done":0.9999408884584964,"total_files":12155,"files_done":12151,"total_bytes":385779146,"bytes_done":385756342,"current_files":["/mnt/si0021787ci2/default/lzq/deepresearch/deltatrace_rl_20260922/receipts/environment-only-20260930/loop-entry/appworld-root/experiments/outputs/runner_017445/tasks/229360a_2/dbs/simple_note.jsonl"]}
{"message_type":"status","seconds_elapsed":12,"percent_done":0.999999987046528,"total_files":12256,"files_done":12255,"total_bytes":385996899,"bytes_done":385996894}
{"message_type":"status","seconds_elapsed":12,"percent_done":1,"total_files":12349,"files_done":12349,"total_bytes":386195584,"bytes_done":386195584}
{"message_type":"status","seconds_elapsed":12,"percent_done":0.9999948497653386,"total_files":12441,"files_done":12440,"total_bytes":386390161,"bytes_done":386388171}
{"message_type":"status","seconds_elapsed":12,"percent_done":1,"total_files":12518,"files_done":12518,"total_bytes":386569587,"bytes_done":386569587}
{"message_type":"status","seconds_elapsed":12,"percent_done":1,"total_files":12590,"files_done":12590,"total_bytes":386737603,"bytes_done":386737603}
{"message_type":"status","seconds_elapsed":12,"percent_done":1,"total_files":12676,"files_done":12674,"total_bytes":386914113,"bytes_done":386914113}
{"message_type":"status","seconds_elapsed":12,"percent_done":0.9999999612529283,"total_files":12782,"files_done":12780,"total_bytes":387126029,"bytes_done":387126014,"current_files":["/mnt/si0021787ci2/default/lzq/deepresearch/deltatrace_rl_20260922/receipts/environment-only-20260930/loop-entry/appworld-root/experiments/outputs/runner_017548/tasks/cf6abd2_3/version/code.txt"]}
{"message_type":"status","seconds_elapsed":12,"percent_done":1,"total_files":12878,"files_done":12876,"total_bytes":387327825,"bytes_done":387327825}
{"message_type":"status","seconds_elapsed":12,"percent_done":1,"total_files":12968,"files_done":12968,"total_bytes":387445475,"bytes_done":387445475}
{"message_type":"status","seconds_elapsed":13,"percent_done":0.9999921329803041,"total_files":13078,"files_done":13075,"total_bytes":387694466,"bytes_done":387691416}
{"message_type":"status","seconds_elapsed":13,"percent_done":0.9998469963355692,"total_files":13194,"files_done":13192,"total_bytes":388003779,"bytes_done":387944413}
{"message_type":"status","seconds_elapsed":13,"percent_done":1,"total_files":13285,"files_done":13285,"total_bytes":388238301,"bytes_done":388238301}
{"message_type":"status","seconds_elapsed":13,"percent_done":0.9999797521983674,"total_files":13398,"files_done":13397,"total_bytes":388437231,"bytes_done":388429366}
{"message_type":"status","seconds_elapsed":13,"percent_done":1,"total_files":13496,"files_done":13496,"total_bytes":388699816,"bytes_done":388699816}
{"message_type":"status","seconds_elapsed":13,"percent_done":0.9998503792745693,"total_files":13623,"files_done":13620,"total_bytes":389057063,"bytes_done":388998852}
{"message_type":"status","seconds_elapsed":13,"percent_done":1,"total_files":13703,"files_done":13703,"total_bytes":389366793,"bytes_done":389366793}
{"message_type":"status","seconds_elapsed":13,"percent_done":1,"total_files":13794,"files_done":13794,"total_bytes":389604716,"bytes_done":389604716}
{"message_type":"status","seconds_elapsed":13,"percent_done":1,"total_files":13895,"files_done":13895,"total_bytes":389868111,"bytes_done":389868111}
{"message_type":"status","seconds_elapsed":13,"percent_done":1,"total_files":13990,"files_done":13990,"total_bytes":390007664,"bytes_done":390007664}
{"message_type":"status","seconds_elapsed":14,"percent_done":0.9999349953936771,"total_files":14119,"files_done":14118,"total_bytes":390264651,"bytes_done":390239282,"current_files":["/mnt/si0021787ci2/default/lzq/deepresearch/deltatrace_rl_20260922/receipts/environment-only-20260930/loop-entry/appworld-root/experiments/outputs/runner_017866/tasks/b7a9ee9_2/logs/environment_io.md"]}
{"message_type":"status","seconds_elapsed":14,"percent_done":1,"total_files":14214,"files_done":14214,"total_bytes":390438289,"bytes_done":390438289}
{"message_type":"status","seconds_elapsed":14,"percent_done":1,"total_files":14303,"files_done":14302,"total_bytes":390625594,"bytes_done":390625594}
{"message_type":"status","seconds_elapsed":14,"percent_done":1,"total_files":14381,"files_done":14381,"total_bytes":390728388,"bytes_done":390728388}
{"message_type":"status","seconds_elapsed":14,"percent_done":0.9999909173145285,"total_files":14493,"files_done":14490,"total_bytes":390963665,"bytes_done":390960114,"current_files":["/mnt/si0021787ci2/default/lzq/deepresearch/deltatrace_rl_20260922/receipts/environment-only-20260930/loop-entry/appworld-root/experiments/outputs/runner_017979/tasks/771d8fc_1/dbs/supervisor.jsonl"]}
{"message_type":"status","seconds_elapsed":14,"percent_done":1,"total_files":14593,"files_done":14592,"total_bytes":391125618,"bytes_done":391125618}
{"message_type":"status","seconds_elapsed":14,"percent_done":0.9999998799148916,"total_files":14693,"files_done":14692,"total_bytes":391389079,"bytes_done":391389032}
{"message_type":"status","seconds_elapsed":14,"percent_done":1,"total_files":14782,"files_done":14782,"total_bytes":391617139,"bytes_done":391617139}
{"message_type":"status","seconds_elapsed":14,"percent_done":1,"total_files":14873,"files_done":14873,"total_bytes":391747229,"bytes_done":391747229}
{"message_type":"status","seconds_elapsed":14,"percent_done":1,"total_files":14973,"files_done":14972,"total_bytes":391991284,"bytes_done":391991284}
{"message_type":"status","seconds_elapsed":15,"percent_done":1,"total_files":15082,"files_done":15082,"total_bytes":392240675,"bytes_done":392240675}
{"message_type":"status","seconds_elapsed":15,"percent_done":0.9999978110702079,"total_files":15191,"files_done":15190,"total_bytes":392429215,"bytes_done":392428356}
{"message_type":"status","seconds_elapsed":15,"percent_done":1,"total_files":15298,"files_done":15296,"total_bytes":392632046,"bytes_done":392632046}
{"message_type":"status","seconds_elapsed":15,"percent_done":0.9999916565846791,"total_files":15401,"files_done":15399,"total_bytes":392764818,"bytes_done":392761541,"current_files":["/mnt/si0021787ci2/default/lzq/deepresearch/deltatrace_rl_20260922/receipts/environment-only-20260930/loop-entry/appworld-root/experiments/outputs/runner_018350/tasks/287e338_1/dbs/spotify.jsonl"]}
{"message_type":"status","seconds_elapsed":15,"percent_done":1,"total_files":15494,"files_done":15492,"total_bytes":392960798,"bytes_done":392960798}
{"message_type":"status","seconds_elapsed":15,"percent_done":1,"total_files":15597,"files_done":15597,"total_bytes":393180222,"bytes_done":393180222}
{"message_type":"status","seconds_elapsed":15,"percent_done":1,"total_files":15694,"files_done":15694,"total_bytes":393418296,"bytes_done":393418296}
{"message_type":"status","seconds_elapsed":15,"percent_done":0.9999999618964293,"total_files":15789,"files_done":15787,"total_bytes":393663893,"bytes_done":393663878}
{"message_type":"status","seconds_elapsed":15,"percent_done":1,"total_files":15897,"files_done":15897,"total_bytes":393862534,"bytes_done":393862534}
{"message_type":"status","seconds_elapsed":15,"percent_done":1,"total_files":16013,"files_done":16013,"total_bytes":394028009,"bytes_done":394028009}
{"message_type":"status","seconds_elapsed":16,"percent_done":1,"total_files":16110,"files_done":16110,"total_bytes":394210446,"bytes_done":394210446}
{"message_type":"status","seconds_elapsed":16,"percent_done":0.9999999873243448,"total_files":16207,"files_done":16206,"total_bytes":394456926,"bytes_done":394456921}
{"message_type":"status","seconds_elapsed":16,"percent_done":1,"total_files":16298,"files_done":16298,"total_bytes":394669718,"bytes_done":394669718}
{"message_type":"status","seconds_elapsed":16,"percent_done":1,"total_files":16381,"files_done":16379,"total_bytes":394961044,"bytes_done":394961044}
{"message_type":"status","seconds_elapsed":16,"percent_done":0.999996347849807,"total_files":16469,"files_done":16467,"total_bytes":395109709,"bytes_done":395108266}
{"message_type":"status","seconds_elapsed":16,"percent_done":1,"total_files":16581,"files_done":16581,"total_bytes":395344129,"bytes_done":395344129}
{"message_type":"status","seconds_elapsed":16,"percent_done":1,"total_files":16676,"files_done":16676,"total_bytes":395541060,"bytes_done":395541060}
{"message_type":"status","seconds_elapsed":16,"percent_done":1,"total_files":16758,"files_done":16758,"total_bytes":395685221,"bytes_done":395685221}
{"message_type":"status","seconds_elapsed":16,"percent_done":0.9999944827431358,"total_files":16869,"files_done":16868,"total_bytes":395848889,"bytes_done":395846705}
{"message_type":"status","seconds_elapsed":16,"percent_done":1,"total_files":16967,"files_done":16967,"total_bytes":396012060,"bytes_done":396012060}
{"message_type":"status","seconds_elapsed":17,"percent_done":1,"total_files":17042,"files_done":17041,"total_bytes":396189267,"bytes_done":396189267}
{"message_type":"status","seconds_elapsed":17,"percent_done":1,"total_files":17060,"files_done":17060,"total_bytes":396213999,"bytes_done":396213999}
{"message_type":"status","seconds_elapsed":17,"percent_done":1,"total_files":17060,"files_done":17060,"total_bytes":396213999,"bytes_done":396213999}
{"message_type":"status","seconds_elapsed":17,"percent_done":1,"total_files":17060,"files_done":17060,"total_bytes":396213999,"bytes_done":396213999}
{"message_type":"status","seconds_elapsed":17,"percent_done":1,"total_files":17060,"files_done":17060,"total_bytes":396213999,"bytes_done":396213999}
{"message_type":"status","seconds_elapsed":17,"percent_done":1,"total_files":17060,"files_done":17060,"total_bytes":396213999,"bytes_done":396213999}
{"message_type":"status","seconds_elapsed":17,"percent_done":1,"total_files":17060,"files_done":17060,"total_bytes":396213999,"bytes_done":396213999}
{"message_type":"status","seconds_elapsed":17,"percent_done":1,"total_files":17060,"files_done":17060,"total_bytes":396213999,"bytes_done":396213999}
{"message_type":"status","seconds_elapsed":17,"percent_done":1,"total_files":17060,"files_done":17060,"total_bytes":396213999,"bytes_done":396213999}
{"message_type":"status","seconds_elapsed":17,"percent_done":1,"total_files":17060,"files_done":17060,"total_bytes":396213999,"bytes_done":396213999}
{"message_type":"status","seconds_elapsed":18,"percent_done":1,"total_files":17073,"files_done":17073,"total_bytes":396225988,"bytes_done":396225988}
{"message_type":"status","seconds_elapsed":18,"percent_done":0.9999437370247092,"total_files":17172,"files_done":17171,"total_bytes":396406338,"bytes_done":396384035}
{"message_type":"status","seconds_elapsed":18,"percent_done":0.9999886054353481,"total_files":17262,"files_done":17259,"total_bytes":396504837,"bytes_done":396500319}
{"message_type":"status","seconds_elapsed":18,"percent_done":1,"total_files":17379,"files_done":17379,"total_bytes":396878469,"bytes_done":396878469}
{"message_type":"status","seconds_elapsed":18,"percent_done":0.9999661643683226,"total_files":17488,"files_done":17487,"total_bytes":397214396,"bytes_done":397200956}
{"message_type":"status","seconds_elapsed":18,"percent_done":0.9999945818330568,"total_files":17606,"files_done":17605,"total_bytes":397551427,"bytes_done":397549273}
{"message_type":"status","seconds_elapsed":18,"percent_done":1,"total_files":17708,"files_done":17706,"total_bytes":397728760,"bytes_done":397728760}
{"message_type":"status","seconds_elapsed":18,"percent_done":1,"total_files":17814,"files_done":17814,"total_bytes":397930740,"bytes_done":397930740}
{"message_type":"status","seconds_elapsed":18,"percent_done":1,"total_files":17909,"files_done":17909,"total_bytes":398156419,"bytes_done":398156419}
{"message_type":"status","seconds_elapsed":18,"percent_done":0.999991121826099,"total_files":18002,"files_done":18000,"total_bytes":398392737,"bytes_done":398389200}
{"message_type":"status","seconds_elapsed":19,"percent_done":1,"total_files":18101,"files_done":18101,"total_bytes":398575015,"bytes_done":398575015}
{"message_type":"status","seconds_elapsed":19,"percent_done":1,"total_files":18215,"files_done":18215,"total_bytes":398784554,"bytes_done":398784554}
{"message_type":"status","seconds_elapsed":19,"percent_done":0.9999907070965475,"total_files":18322,"files_done":18320,"total_bytes":399014153,"bytes_done":399010445}
{"message_type":"status","seconds_elapsed":19,"percent_done":1,"total_files":18424,"files_done":18424,"total_bytes":399327755,"bytes_done":399327755}
{"message_type":"status","seconds_elapsed":19,"percent_done":1,"total_files":18534,"files_done":18534,"total_bytes":399591985,"bytes_done":399591985}
{"message_type":"status","seconds_elapsed":19,"percent_done":1,"total_files":18627,"files_done":18627,"total_bytes":399717452,"bytes_done":399717452}
{"message_type":"status","seconds_elapsed":19,"percent_done":1,"total_files":18722,"files_done":18722,"total_bytes":399911093,"bytes_done":399911093}
{"message_type":"status","seconds_elapsed":19,"percent_done":1,"total_files":18819,"files_done":18819,"total_bytes":400080861,"bytes_done":400080861}
{"message_type":"status","seconds_elapsed":19,"percent_done":1,"total_files":18931,"files_done":18931,"total_bytes":400406798,"bytes_done":400406798}
{"message_type":"status","seconds_elapsed":19,"percent_done":1,"total_files":19041,"files_done":19041,"total_bytes":400761351,"bytes_done":400761351}
{"message_type":"status","seconds_elapsed":20,"percent_done":1,"total_files":19136,"files_done":19136,"total_bytes":401001501,"bytes_done":401001501}
{"message_type":"status","seconds_elapsed":20,"percent_done":0.999999962609206,"total_files":19218,"files_done":19216,"total_bytes":401168266,"bytes_done":401168251}
{"message_type":"status","seconds_elapsed":20,"percent_done":1,"total_files":19332,"files_done":19332,"total_bytes":401495908,"bytes_done":401495908}
{"message_type":"status","seconds_elapsed":20,"percent_done":1,"total_files":19444,"files_done":19444,"total_bytes":401747854,"bytes_done":401747854}
{"message_type":"status","seconds_elapsed":20,"percent_done":1,"total_files":19541,"files_done":19541,"total_bytes":401961160,"bytes_done":401961160}
{"message_type":"status","seconds_elapsed":20,"percent_done":1,"total_files":19636,"files_done":19636,"total_bytes":402208658,"bytes_done":402208658}
{"message_type":"status","seconds_elapsed":20,"percent_done":1,"total_files":19729,"files_done":19729,"total_bytes":402428553,"bytes_done":402428553}
{"message_type":"status","seconds_elapsed":20,"percent_done":1,"total_files":19807,"files_done":19807,"total_bytes":402555129,"bytes_done":402555129}
{"message_type":"status","seconds_elapsed":20,"percent_done":1,"total_files":19907,"files_done":19906,"total_bytes":402726550,"bytes_done":402726550}
{"message_type":"status","seconds_elapsed":20,"percent_done":1,"total_files":20008,"files_done":20008,"total_bytes":402899640,"bytes_done":402899640}
{"message_type":"status","seconds_elapsed":21,"percent_done":1,"total_files":20090,"files_done":20090,"total_bytes":403074089,"bytes_done":403074089}
{"message_type":"status","seconds_elapsed":21,"percent_done":1,"total_files":20200,"files_done":20200,"total_bytes":403240386,"bytes_done":403240386}
{"message_type":"status","seconds_elapsed":21,"percent_done":1,"total_files":20260,"files_done":20259,"total_bytes":403442621,"bytes_done":403442621}
{"message_type":"status","seconds_elapsed":21,"percent_done":1,"total_files":20352,"files_done":20352,"total_bytes":403952825,"bytes_done":403952825}
{"message_type":"status","seconds_elapsed":21,"percent_done":0.9999999876358375,"total_files":20468,"files_done":20467,"total_bytes":404394558,"bytes_done":404394553}
{"message_type":"status","seconds_elapsed":21,"percent_done":1,"total_files":20561,"files_done":20561,"total_bytes":404649545,"bytes_done":404649545}
{"message_type":"status","seconds_elapsed":21,"percent_done":1,"total_files":20652,"files_done":20652,"total_bytes":404781916,"bytes_done":404781916}
{"message_type":"status","seconds_elapsed":21,"percent_done":1,"total_files":20726,"files_done":20726,"total_bytes":405051029,"bytes_done":405051029}
{"message_type":"status","seconds_elapsed":21,"percent_done":0.9999910885101826,"total_files":20832,"files_done":20829,"total_bytes":405319433,"bytes_done":405315821}
{"message_type":"status","seconds_elapsed":21,"percent_done":1,"total_files":20937,"files_done":20936,"total_bytes":405531664,"bytes_done":405531664}
{"message_type":"status","seconds_elapsed":22,"percent_done":1,"total_files":21030,"files_done":21030,"total_bytes":405786506,"bytes_done":405786506}
{"message_type":"status","seconds_elapsed":22,"percent_done":1,"total_files":21128,"files_done":21126,"total_bytes":405948338,"bytes_done":405948338}
{"message_type":"status","seconds_elapsed":22,"percent_done":1,"total_files":21220,"files_done":21220,"total_bytes":406264491,"bytes_done":406264491}
{"message_type":"status","seconds_elapsed":22,"percent_done":1,"total_files":21317,"files_done":21315,"total_bytes":406455283,"bytes_done":406455283,"current_files":["/mnt/si0021787ci2/default/lzq/deepresearch/deltatrace_rl_20260922/receipts/environment-only-20260930/loop-entry/appworld-root/experiments/outputs/runner_019371/tasks/b7a9ee9_2/dbs/admin.jsonl"]}
{"message_type":"status","seconds_elapsed":22,"percent_done":0.9999930501577566,"total_files":21425,"files_done":21423,"total_bytes":406627935,"bytes_done":406625109}
{"message_type":"status","seconds_elapsed":22,"percent_done":1,"total_files":21509,"files_done":21509,"total_bytes":406807296,"bytes_done":406807296}
{"message_type":"status","seconds_elapsed":22,"percent_done":1,"total_files":21613,"files_done":21612,"total_bytes":407007899,"bytes_done":407007899}
{"message_type":"status","seconds_elapsed":22,"percent_done":1,"total_files":21695,"files_done":21695,"total_bytes":407256600,"bytes_done":407256600}
{"message_type":"status","seconds_elapsed":22,"percent_done":1,"total_files":21790,"files_done":21790,"total_bytes":407521362,"bytes_done":407521362}
{"message_type":"status","seconds_elapsed":22,"percent_done":0.9999905293414144,"total_files":21877,"files_done":21874,"total_bytes":407891380,"bytes_done":407887517}
{"message_type":"status","seconds_elapsed":23,"percent_done":0.9999997721458387,"total_files":21967,"files_done":21965,"total_bytes":408155811,"bytes_done":408155718}
{"message_type":"status","seconds_elapsed":23,"percent_done":1,"total_files":22068,"files_done":22066,"total_bytes":408353565,"bytes_done":408353565}
{"message_type":"status","seconds_elapsed":23,"percent_done":1,"total_files":22170,"files_done":22170,"total_bytes":408551143,"bytes_done":408551143}
{"message_type":"status","seconds_elapsed":23,"percent_done":1,"total_files":22284,"files_done":22284,"total_bytes":408827136,"bytes_done":408827136}
{"message_type":"status","seconds_elapsed":23,"percent_done":1,"total_files":22376,"files_done":22375,"total_bytes":409018581,"bytes_done":409018581,"current_files":["/mnt/si0021787ci2/default/lzq/deepresearch/deltatrace_rl_20260922/receipts/environment-only-20260930/loop-entry/appworld-root/experiments/outputs/runner_019819/tasks/302c169_3/dbs/admin.jsonl"]}
{"message_type":"status","seconds_elapsed":23,"percent_done":1,"total_files":22483,"files_done":22483,"total_bytes":409202305,"bytes_done":409202305}
{"message_type":"status","seconds_elapsed":23,"percent_done":1,"total_files":22565,"files_done":22563,"total_bytes":409419731,"bytes_done":409419731}
{"message_type":"status","seconds_elapsed":23,"percent_done":0.9999999633792884,"total_files":22675,"files_done":22673,"total_bytes":409604274,"bytes_done":409604259}
{"message_type":"status","seconds_elapsed":23,"percent_done":0.9999997461739866,"total_files":22772,"files_done":22770,"total_bytes":409729478,"bytes_done":409729374}
{"message_type":"status","seconds_elapsed":23,"percent_done":1,"total_files":22877,"files_done":22876,"total_bytes":409872533,"bytes_done":409872533}
{"message_type":"status","seconds_elapsed":24,"percent_done":1,"total_files":22973,"files_done":22973,"total_bytes":410050752,"bytes_done":410050752}
{"message_type":"status","seconds_elapsed":24,"percent_done":1,"total_files":23083,"files_done":23083,"total_bytes":410254289,"bytes_done":410254289}
{"message_type":"status","seconds_elapsed":24,"percent_done":1,"total_files":23176,"files_done":23176,"total_bytes":410418743,"bytes_done":410418743}
{"message_type":"status","seconds_elapsed":24,"percent_done":1,"total_files":23277,"files_done":23277,"total_bytes":410685355,"bytes_done":410685355}
{"message_type":"status","seconds_elapsed":24,"percent_done":1,"total_files":23391,"files_done":23391,"total_bytes":410939073,"bytes_done":410939073}
{"message_type":"status","seconds_elapsed":24,"percent_done":1,"total_files":23469,"files_done":23468,"total_bytes":411099947,"bytes_done":411099947}
{"message_type":"status","seconds_elapsed":24,"percent_done":1,"total_files":23570,"files_done":23568,"total_bytes":411263522,"bytes_done":411263522}
{"message_type":"status","seconds_elapsed":24,"percent_done":0.9999999756895771,"total_files":23675,"files_done":23674,"total_bytes":411346197,"bytes_done":411346187}
{"message_type":"status","seconds_elapsed":24,"percent_done":1,"total_files":23771,"files_done":23771,"total_bytes":411575314,"bytes_done":411575314}
{"message_type":"status","seconds_elapsed":24,"percent_done":0.999999766914783,"total_files":23873,"files_done":23871,"total_bytes":411866532,"bytes_done":411866436}
{"message_type":"status","seconds_elapsed":25,"percent_done":0.9999911044803635,"total_files":23969,"files_done":23967,"total_bytes":412005161,"bytes_done":412001496}
{"message_type":"status","seconds_elapsed":25,"percent_done":1,"total_files":24069,"files_done":24069,"total_bytes":412156082,"bytes_done":412156082}
{"message_type":"status","seconds_elapsed":25,"percent_done":1,"total_files":24179,"files_done":24179,"total_bytes":412362137,"bytes_done":412362137}
{"message_type":"status","seconds_elapsed":25,"percent_done":0.9999990618729548,"total_files":24290,"files_done":24289,"total_bytes":412524084,"bytes_done":412523697}
{"message_type":"status","seconds_elapsed":25,"percent_done":1,"total_files":24374,"files_done":24372,"total_bytes":412657489,"bytes_done":412657489}
{"message_type":"status","seconds_elapsed":25,"percent_done":1,"total_files":24477,"files_done":24477,"total_bytes":412820294,"bytes_done":412820294}
{"message_type":"status","seconds_elapsed":25,"percent_done":1,"total_files":24566,"files_done":24564,"total_bytes":412962221,"bytes_done":412962221}
{"message_type":"status","seconds_elapsed":25,"percent_done":0.999908762913955,"total_files":24684,"files_done":24682,"total_bytes":413318768,"bytes_done":413281058}
{"message_type":"status","seconds_elapsed":25,"percent_done":0.9999952046078364,"total_files":24776,"files_done":24775,"total_bytes":413521967,"bytes_done":413519984}
{"message_type":"status","seconds_elapsed":25,"percent_done":0.9999909179453356,"total_files":24866,"files_done":24863,"total_bytes":413672912,"bytes_done":413669155}
{"message_type":"status","seconds_elapsed":26,"percent_done":0.9999999879173218,"total_files":24950,"files_done":24949,"total_bytes":413815539,"bytes_done":413815534}
{"message_type":"status","seconds_elapsed":26,"percent_done":0.9999999758526072,"total_files":25041,"files_done":25040,"total_bytes":414123384,"bytes_done":414123374}
{"message_type":"status","seconds_elapsed":26,"percent_done":0.9999999879308722,"total_files":25121,"files_done":25120,"total_bytes":414280143,"bytes_done":414280138}
{"message_type":"status","seconds_elapsed":26,"percent_done":1,"total_files":25206,"files_done":25206,"total_bytes":414395605,"bytes_done":414395605}
{"message_type":"status","seconds_elapsed":26,"percent_done":1,"total_files":25301,"files_done":25301,"total_bytes":414602361,"bytes_done":414602361}
{"message_type":"status","seconds_elapsed":26,"percent_done":1,"total_files":25389,"files_done":25388,"total_bytes":414803045,"bytes_done":414803045}
{"message_type":"status","seconds_elapsed":26,"percent_done":1,"total_files":25438,"files_done":25438,"total_bytes":414876939,"bytes_done":414876939}
{"message_type":"status","seconds_elapsed":26,"percent_done":1,"total_files":25514,"files_done":25514,"total_bytes":414927744,"bytes_done":414927744}
{"message_type":"status","seconds_elapsed":26,"percent_done":1,"total_files":25605,"files_done":25604,"total_bytes":415252863,"bytes_done":415252863}
{"message_type":"status","seconds_elapsed":26,"percent_done":1,"total_files":25725,"files_done":25723,"total_bytes":415512852,"bytes_done":415512852}
{"message_type":"status","seconds_elapsed":27,"percent_done":1,"total_files":25829,"files_done":25829,"total_bytes":415702739,"bytes_done":415702739}
{"message_type":"status","seconds_elapsed":27,"percent_done":0.9999911331207186,"total_files":25922,"files_done":25920,"total_bytes":415929876,"bytes_done":415926188,"current_files":["/mnt/si0021787ci2/default/lzq/deepresearch/deltatrace_rl_20260922/receipts/environment-only-20260930/loop-entry/appworld-root/experiments/outputs/runner_021301/tasks/07b42fd_3/dbs/spotify.jsonl"]}
{"message_type":"status","seconds_elapsed":27,"percent_done":1,"total_files":26006,"files_done":26006,"total_bytes":416106558,"bytes_done":416106558}
{"message_type":"status","seconds_elapsed":27,"percent_done":1,"total_files":26099,"files_done":26099,"total_bytes":416288422,"bytes_done":416288422}
{"message_type":"status","seconds_elapsed":27,"percent_done":1,"total_files":26199,"files_done":26198,"total_bytes":416463644,"bytes_done":416463644}
{"message_type":"status","seconds_elapsed":27,"percent_done":1,"total_files":26319,"files_done":26318,"total_bytes":416752704,"bytes_done":416752704}
{"message_type":"status","seconds_elapsed":27,"percent_done":0.9999914424880139,"total_files":26410,"files_done":26408,"total_bytes":416943617,"bytes_done":416940049}
{"message_type":"status","seconds_elapsed":27,"percent_done":1,"total_files":26479,"files_done":26477,"total_bytes":416964355,"bytes_done":416964355}
{"message_type":"status","seconds_elapsed":27,"percent_done":0.9999999760254478,"total_files":26563,"files_done":26562,"total_bytes":417108937,"bytes_done":417108927}
{"message_type":"status","seconds_elapsed":27,"percent_done":0.9999951430044342,"total_files":26652,"files_done":26651,"total_bytes":417336185,"bytes_done":417334158}
{"message_type":"status","seconds_elapsed":28,"percent_done":1,"total_files":26731,"files_done":26731,"total_bytes":417572221,"bytes_done":417572221}
{"message_type":"status","seconds_elapsed":28,"percent_done":1,"total_files":26839,"files_done":26838,"total_bytes":417675368,"bytes_done":417675368}
{"message_type":"status","seconds_elapsed":28,"percent_done":0.9999593394821277,"total_files":26936,"files_done":26935,"total_bytes":417874658,"bytes_done":417857667}
{"message_type":"status","seconds_elapsed":28,"percent_done":1,"total_files":27031,"files_done":27031,"total_bytes":418009163,"bytes_done":418009163}
{"message_type":"status","seconds_elapsed":28,"percent_done":1,"total_files":27132,"files_done":27130,"total_bytes":418231207,"bytes_done":418231207}
{"message_type":"status","seconds_elapsed":28,"percent_done":1,"total_files":27215,"files_done":27215,"total_bytes":418379030,"bytes_done":418379030}
{"message_type":"status","seconds_elapsed":28,"percent_done":1,"total_files":27317,"files_done":27314,"total_bytes":418590231,"bytes_done":418590231}
{"message_type":"status","seconds_elapsed":28,"percent_done":1,"total_files":27418,"files_done":27418,"total_bytes":418873094,"bytes_done":418873094}
{"message_type":"status","seconds_elapsed":28,"percent_done":0.9999344974745079,"total_files":27490,"files_done":27488,"total_bytes":419083078,"bytes_done":419055627}
{"message_type":"status","seconds_elapsed":28,"percent_done":1,"total_files":27556,"files_done":27555,"total_bytes":419337308,"bytes_done":419337308}
{"message_type":"status","seconds_elapsed":29,"percent_done":0.999922269158363,"total_files":27654,"files_done":27652,"total_bytes":419640381,"bytes_done":419607762}
{"message_type":"status","seconds_elapsed":29,"percent_done":0.9999957264332716,"total_files":27759,"files_done":27758,"total_bytes":419789865,"bytes_done":419788071}
{"message_type":"status","seconds_elapsed":29,"percent_done":1,"total_files":27872,"files_done":27872,"total_bytes":419968762,"bytes_done":419968762}
{"message_type":"status","seconds_elapsed":29,"percent_done":1,"total_files":27931,"files_done":27931,"total_bytes":420088812,"bytes_done":420088812}
{"message_type":"status","seconds_elapsed":29,"percent_done":0.9999552097513378,"total_files":28022,"files_done":28020,"total_bytes":420270049,"bytes_done":420251225}
{"message_type":"status","seconds_elapsed":29,"percent_done":0.9999999762216865,"total_files":28105,"files_done":28104,"total_bytes":420551272,"bytes_done":420551262}
{"message_type":"status","seconds_elapsed":29,"percent_done":1,"total_files":28182,"files_done":28181,"total_bytes":420738413,"bytes_done":420738413}
{"message_type":"status","seconds_elapsed":29,"percent_done":0.9999999762438702,"total_files":28274,"files_done":28273,"total_bytes":420943987,"bytes_done":420943977}
{"message_type":"status","seconds_elapsed":29,"percent_done":0.9999960613487734,"total_files":28366,"files_done":28364,"total_bytes":421210182,"bytes_done":421208523,"current_files":["/mnt/si0021787ci2/default/lzq/deepresearch/deltatrace_rl_20260922/receipts/environment-only-20260930/loop-entry/appworld-root/experiments/outputs/runner_022176/tasks/c901732_2/evaluation/report.md"]}
{"message_type":"status","seconds_elapsed":29,"percent_done":0.9999913126235057,"total_files":28440,"files_done":28437,"total_bytes":421416063,"bytes_done":421412402}
{"message_type":"status","seconds_elapsed":30,"percent_done":1,"total_files":28522,"files_done":28522,"total_bytes":421659833,"bytes_done":421659833}
{"message_type":"status","seconds_elapsed":30,"percent_done":1,"total_files":28617,"files_done":28617,"total_bytes":421865915,"bytes_done":421865915}
{"message_type":"status","seconds_elapsed":30,"percent_done":1,"total_files":28717,"files_done":28716,"total_bytes":422043397,"bytes_done":422043397}
{"message_type":"status","seconds_elapsed":30,"percent_done":1,"total_files":28826,"files_done":28826,"total_bytes":422248343,"bytes_done":422248343}
{"message_type":"status","seconds_elapsed":30,"percent_done":1,"total_files":28932,"files_done":28932,"total_bytes":422376493,"bytes_done":422376493}
{"message_type":"status","seconds_elapsed":30,"percent_done":1,"total_files":29027,"files_done":29027,"total_bytes":422839076,"bytes_done":422839076}
{"message_type":"status","seconds_elapsed":30,"percent_done":1,"total_files":29124,"files_done":29124,"total_bytes":422990003,"bytes_done":422990003}
{"message_type":"status","seconds_elapsed":30,"percent_done":1,"total_files":29202,"files_done":29202,"total_bytes":423132664,"bytes_done":423132664}
{"message_type":"status","seconds_elapsed":30,"percent_done":0.9999997543965735,"total_files":29303,"files_done":29302,"total_bytes":423446861,"bytes_done":423446757}
{"message_type":"status","seconds_elapsed":30,"percent_done":0.9999999763925789,"total_files":29367,"files_done":29366,"total_bytes":423595611,"bytes_done":423595601}
{"message_type":"status","seconds_elapsed":31,"percent_done":1,"total_files":29450,"files_done":29448,"total_bytes":423771190,"bytes_done":423771190}
{"message_type":"status","seconds_elapsed":31,"percent_done":1,"total_files":29523,"files_done":29523,"total_bytes":423912047,"bytes_done":423912047}
{"message_type":"status","seconds_elapsed":31,"percent_done":1,"total_files":29578,"files_done":29578,"total_bytes":424110280,"bytes_done":424110280}
{"message_type":"status","seconds_elapsed":31,"percent_done":1,"total_files":29655,"files_done":29654,"total_bytes":424352315,"bytes_done":424352315}
{"message_type":"status","seconds_elapsed":31,"percent_done":1,"total_files":29730,"files_done":29730,"total_bytes":424491176,"bytes_done":424491176}
{"message_type":"status","seconds_elapsed":31,"percent_done":1,"total_files":29832,"files_done":29830,"total_bytes":424655552,"bytes_done":424655552,"current_files":["/mnt/si0021787ci2/default/lzq/deepresearch/deltatrace_rl_20260922/receipts/environment-only-20260930/loop-entry/appworld-root/experiments/outputs/runner_022751/tasks/ccb4494_2/dbs/model_hashes.json"]}
{"message_type":"status","seconds_elapsed":31,"percent_done":0.999999976457616,"total_files":29917,"files_done":29916,"total_bytes":424765818,"bytes_done":424765808}
{"message_type":"status","seconds_elapsed":31,"percent_done":1,"total_files":30013,"files_done":30013,"total_bytes":425007134,"bytes_done":425007134}
{"message_type":"status","seconds_elapsed":31,"percent_done":1,"total_files":30106,"files_done":30106,"total_bytes":425163484,"bytes_done":425163484}
{"message_type":"status","seconds_elapsed":31,"percent_done":1,"total_files":30203,"files_done":30203,"total_bytes":425424980,"bytes_done":425424980}
{"message_type":"status","seconds_elapsed":32,"percent_done":1,"total_files":30298,"files_done":30298,"total_bytes":425673380,"bytes_done":425673380}
{"message_type":"status","seconds_elapsed":32,"percent_done":1,"total_files":30355,"files_done":30355,"total_bytes":425770574,"bytes_done":425770574}
{"message_type":"status","seconds_elapsed":32,"percent_done":0.999997454981666,"total_files":30427,"files_done":30425,"total_bytes":425930134,"bytes_done":425929050,"current_files":["/mnt/si0021787ci2/default/lzq/deepresearch/deltatrace_rl_20260922/receipts/environment-only-20260930/loop-entry/appworld-root/experiments/outputs/runner_022896/tasks/d0b1f43_1/evaluation/report.md"]}
{"message_type":"status","seconds_elapsed":32,"percent_done":1,"total_files":30490,"files_done":30488,"total_bytes":426132516,"bytes_done":426132516,"current_files":["/mnt/si0021787ci2/default/lzq/deepresearch/deltatrace_rl_20260922/receipts/environment-only-20260930/loop-entry/appworld-root/experiments/outputs/runner_022941/tasks/e3d6c94_3/dbs/admin.jsonl"]}
{"message_type":"status","seconds_elapsed":32,"percent_done":1,"total_files":30562,"files_done":30562,"total_bytes":426328900,"bytes_done":426328900}
{"message_type":"status","seconds_elapsed":32,"percent_done":1,"total_files":30661,"files_done":30660,"total_bytes":426507060,"bytes_done":426507060}
{"message_type":"status","seconds_elapsed":32,"percent_done":1,"total_files":30748,"files_done":30748,"total_bytes":426649593,"bytes_done":426649593}
{"message_type":"status","seconds_elapsed":32,"percent_done":0.9999919624297118,"total_files":30853,"files_done":30850,"total_bytes":426870295,"bytes_done":426866864}
{"message_type":"status","seconds_elapsed":32,"percent_done":1,"total_files":30932,"files_done":30932,"total_bytes":426990142,"bytes_done":426990142}
{"message_type":"status","seconds_elapsed":32,"percent_done":1,"total_files":31029,"files_done":31029,"total_bytes":427200842,"bytes_done":427200842}
{"message_type":"status","seconds_elapsed":33,"percent_done":1,"total_files":31122,"files_done":31122,"total_bytes":427389196,"bytes_done":427389196}
{"message_type":"status","seconds_elapsed":33,"percent_done":1,"total_files":31236,"files_done":31236,"total_bytes":427679747,"bytes_done":427679747}
{"message_type":"status","seconds_elapsed":33,"percent_done":1,"total_files":31333,"files_done":31333,"total_bytes":427932812,"bytes_done":427932812}
{"message_type":"status","seconds_elapsed":33,"percent_done":1,"total_files":31447,"files_done":31447,"total_bytes":428127284,"bytes_done":428127284}
{"message_type":"status","seconds_elapsed":33,"percent_done":0.9999999766566233,"total_files":31543,"files_done":31542,"total_bytes":428387039,"bytes_done":428387029}
{"message_type":"status","seconds_elapsed":33,"percent_done":0.9999953927479212,"total_files":31654,"files_done":31652,"total_bytes":428672008,"bytes_done":428670033}
{"message_type":"status","seconds_elapsed":33,"percent_done":1,"total_files":31762,"files_done":31760,"total_bytes":428846790,"bytes_done":428846790,"current_files":["/mnt/si0021787ci2/default/lzq/deepresearch/deltatrace_rl_20260922/receipts/environment-only-20260930/loop-entry/appworld-root/experiments/outputs/runner_023098/tasks/ccb4494_1/dbs/simple_note.jsonl"]}
{"message_type":"status","seconds_elapsed":33,"percent_done":1,"total_files":31865,"files_done":31865,"total_bytes":429069266,"bytes_done":429069266}
{"message_type":"status","seconds_elapsed":33,"percent_done":1,"total_files":31962,"files_done":31962,"total_bytes":429225384,"bytes_done":429225384}
{"message_type":"status","seconds_elapsed":33,"percent_done":0.9999998905718773,"total_files":32082,"files_done":32080,"total_bytes":429505678,"bytes_done":429505631}
{"message_type":"status","seconds_elapsed":34,"percent_done":0.9999998906110137,"total_files":32177,"files_done":32175,"total_bytes":429659343,"bytes_done":429659296}
{"message_type":"status","seconds_elapsed":34,"percent_done":0.9999933542855319,"total_files":32281,"files_done":32279,"total_bytes":429901106,"bytes_done":429898249,"current_files":["/mnt/si0021787ci2/default/lzq/deepresearch/deltatrace_rl_20260922/receipts/environment-only-20260930/loop-entry/appworld-root/experiments/outputs/runner_023201/tasks/302c169_3/evaluation/report.md"]}
{"message_type":"status","seconds_elapsed":34,"percent_done":1,"total_files":32378,"files_done":32378,"total_bytes":430202213,"bytes_done":430202213}
{"message_type":"status","seconds_elapsed":34,"percent_done":0.9999917539048943,"total_files":32488,"files_done":32485,"total_bytes":430506798,"bytes_done":430503248}
{"message_type":"status","seconds_elapsed":34,"percent_done":1,"total_files":32583,"files_done":32583,"total_bytes":430746508,"bytes_done":430746508}
{"message_type":"status","seconds_elapsed":34,"percent_done":1,"total_files":32686,"files_done":32685,"total_bytes":430996202,"bytes_done":430996202}
{"message_type":"status","seconds_elapsed":34,"percent_done":0.9999357651278783,"total_files":32777,"files_done":32775,"total_bytes":431136532,"bytes_done":431108838}
{"message_type":"status","seconds_elapsed":34,"percent_done":1,"total_files":32872,"files_done":32872,"total_bytes":431352201,"bytes_done":431352201}
{"message_type":"status","seconds_elapsed":34,"percent_done":0.999991026688836,"total_files":32959,"files_done":32955,"total_bytes":431501809,"bytes_done":431497937}
{"message_type":"status","seconds_elapsed":34,"percent_done":1,"total_files":33049,"files_done":33047,"total_bytes":431672307,"bytes_done":431672307}
{"message_type":"status","seconds_elapsed":35,"percent_done":1,"total_files":33149,"files_done":33149,"total_bytes":432018729,"bytes_done":432018729}
{"message_type":"status","seconds_elapsed":35,"percent_done":1,"total_files":33244,"files_done":33244,"total_bytes":432244240,"bytes_done":432244240}
{"message_type":"status","seconds_elapsed":35,"percent_done":0.9999753400298312,"total_files":33335,"files_done":33333,"total_bytes":432482275,"bytes_done":432471610}
{"message_type":"status","seconds_elapsed":35,"percent_done":1,"total_files":33409,"files_done":33409,"total_bytes":432568658,"bytes_done":432568658}
{"message_type":"status","seconds_elapsed":35,"percent_done":0.9999978066492687,"total_files":33469,"files_done":33468,"total_bytes":432671340,"bytes_done":432670391}
{"message_type":"status","seconds_elapsed":35,"percent_done":0.9999999768955249,"total_files":33528,"files_done":33527,"total_bytes":432816585,"bytes_done":432816575}
{"message_type":"status","seconds_elapsed":35,"percent_done":0.9999999653559631,"total_files":33605,"files_done":33603,"total_bytes":432974946,"bytes_done":432974931}
{"message_type":"status","seconds_elapsed":35,"percent_done":1,"total_files":33681,"files_done":33681,"total_bytes":433179540,"bytes_done":433179540}
{"message_type":"status","seconds_elapsed":35,"percent_done":0.9999999654006497,"total_files":33795,"files_done":33793,"total_bytes":433534153,"bytes_done":433534138}
{"message_type":"status","seconds_elapsed":35,"percent_done":1,"total_files":33888,"files_done":33888,"total_bytes":433792705,"bytes_done":433792705}
{"message_type":"status","seconds_elapsed":36,"percent_done":1,"total_files":33998,"files_done":33998,"total_bytes":433968667,"bytes_done":433968667}
{"message_type":"status","seconds_elapsed":36,"percent_done":0.9999606788785966,"total_files":34097,"files_done":34095,"total_bytes":434092401,"bytes_done":434075332,"current_files":["/mnt/si0021787ci2/default/lzq/deepresearch/deltatrace_rl_20260922/receipts/environment-only-20260930/loop-entry/appworld-root/experiments/outputs/runner_023523/tasks/e85d92a_2/logs/api_calls.jsonl"]}
{"message_type":"status","seconds_elapsed":36,"percent_done":0.9999915488116208,"total_files":34185,"files_done":34181,"total_bytes":434258454,"bytes_done":434254784}
{"message_type":"status","seconds_elapsed":36,"percent_done":1,"total_files":34266,"files_done":34266,"total_bytes":434447793,"bytes_done":434447793}
{"message_type":"status","seconds_elapsed":36,"percent_done":1,"total_files":34342,"files_done":34342,"total_bytes":434642619,"bytes_done":434642619}
{"message_type":"status","seconds_elapsed":36,"percent_done":0.9999611695202374,"total_files":34437,"files_done":34435,"total_bytes":434838820,"bytes_done":434821935}
{"message_type":"status","seconds_elapsed":36,"percent_done":1,"total_files":34515,"files_done":34515,"total_bytes":435173056,"bytes_done":435173056}
{"message_type":"status","seconds_elapsed":36,"percent_done":1,"total_files":34610,"files_done":34610,"total_bytes":435407266,"bytes_done":435407266}
{"message_type":"status","seconds_elapsed":36,"percent_done":0.9999521184915076,"total_files":34722,"files_done":34720,"total_bytes":435637904,"bytes_done":435617045}
{"message_type":"status","seconds_elapsed":36,"percent_done":0.9999999770544856,"total_files":34818,"files_done":34817,"total_bytes":435815029,"bytes_done":435815019}
{"message_type":"status","seconds_elapsed":37,"percent_done":1,"total_files":34912,"files_done":34912,"total_bytes":436004128,"bytes_done":436004128}
{"message_type":"status","seconds_elapsed":37,"percent_done":0.9999915250423316,"total_files":34983,"files_done":34981,"total_bytes":436108373,"bytes_done":436104677}
{"message_type":"status","seconds_elapsed":37,"percent_done":1,"total_files":35028,"files_done":35028,"total_bytes":436200581,"bytes_done":436200581}
{"message_type":"status","seconds_elapsed":37,"percent_done":1,"total_files":35064,"files_done":35064,"total_bytes":436287708,"bytes_done":436287708}
{"message_type":"status","seconds_elapsed":37,"percent_done":1,"total_files":35140,"files_done":35140,"total_bytes":436491088,"bytes_done":436491088}
{"message_type":"status","seconds_elapsed":37,"percent_done":0.9999665687605669,"total_files":35235,"files_done":35234,"total_bytes":436627545,"bytes_done":436612948,"current_files":["/mnt/si0021787ci2/default/lzq/deepresearch/deltatrace_rl_20260922/receipts/environment-only-20260930/loop-entry/appworld-root/experiments/outputs/runner_023692/tasks/60d0b5b_3/logs/environment_io.md"]}
{"message_type":"status","seconds_elapsed":37,"percent_done":1,"total_files":35315,"files_done":35313,"total_bytes":436864359,"bytes_done":436864359}
{"message_type":"status","seconds_elapsed":37,"percent_done":1,"total_files":35408,"files_done":35408,"total_bytes":437022246,"bytes_done":437022246}
{"message_type":"status","seconds_elapsed":37,"percent_done":1,"total_files":35484,"files_done":35484,"total_bytes":437209228,"bytes_done":437209228}
{"message_type":"status","seconds_elapsed":37,"percent_done":0.9999520063037223,"total_files":35577,"files_done":35575,"total_bytes":437453283,"bytes_done":437432288,"current_files":["/mnt/si0021787ci2/default/lzq/deepresearch/deltatrace_rl_20260922/receipts/environment-only-20260930/loop-entry/appworld-root/experiments/outputs/runner_023709/tasks/7d7fbf6_1/logs/api_calls.jsonl"]}
{"message_type":"status","seconds_elapsed":38,"percent_done":0.9999997349115693,"total_files":35678,"files_done":35677,"total_bytes":437589825,"bytes_done":437589709}
{"message_type":"status","seconds_elapsed":38,"percent_done":0.9999999657350481,"total_files":35784,"files_done":35782,"total_bytes":437765098,"bytes_done":437765083}
{"message_type":"status","seconds_elapsed":38,"percent_done":0.9999969612873117,"total_files":35891,"files_done":35890,"total_bytes":438014428,"bytes_done":438013097}
{"message_type":"status","seconds_elapsed":38,"percent_done":0.9999913071266838,"total_files":36001,"files_done":35999,"total_bytes":438175027,"bytes_done":438171218,"current_files":["/mnt/si0021787ci2/default/lzq/deepresearch/deltatrace_rl_20260922/receipts/environment-only-20260930/loop-entry/appworld-root/experiments/outputs/runner_023772/tasks/302c169_1/dbs/supervisor.jsonl"]}
{"message_type":"status","seconds_elapsed":38,"percent_done":0.9999999771847063,"total_files":36080,"files_done":36079,"total_bytes":438302489,"bytes_done":438302479,"current_files":["/mnt/si0021787ci2/default/lzq/deepresearch/deltatrace_rl_20260922/receipts/environment-only-20260930/loop-entry/appworld-root/experiments/outputs/runner_023807/tasks/27e1026_1/evaluation/version.txt"]}
{"message_type":"status","seconds_elapsed":38,"percent_done":0.9999997403743175,"total_files":36185,"files_done":36183,"total_bytes":439093694,"bytes_done":439093580}
{"message_type":"status","seconds_elapsed":38,"percent_done":0.999996192077172,"total_files":36288,"files_done":36287,"total_bytes":439347139,"bytes_done":439345466}
{"message_type":"status","seconds_elapsed":38,"percent_done":1,"total_files":36386,"files_done":36386,"total_bytes":439530140,"bytes_done":439530140}
{"message_type":"status","seconds_elapsed":38,"percent_done":1,"total_files":36500,"files_done":36500,"total_bytes":439720110,"bytes_done":439720110}
{"message_type":"status","seconds_elapsed":38,"percent_done":1,"total_files":36578,"files_done":36578,"total_bytes":439946746,"bytes_done":439946746}
{"message_type":"status","seconds_elapsed":39,"percent_done":1,"total_files":36635,"files_done":36635,"total_bytes":440077928,"bytes_done":440077928}
{"message_type":"status","seconds_elapsed":39,"percent_done":0.9999916684092309,"total_files":36685,"files_done":36683,"total_bytes":440132035,"bytes_done":440128368}
{"message_type":"status","seconds_elapsed":39,"percent_done":0.9999968661982537,"total_files":36751,"files_done":36749,"total_bytes":440359701,"bytes_done":440358321}
{"message_type":"status","seconds_elapsed":39,"percent_done":1,"total_files":36857,"files_done":36856,"total_bytes":440560695,"bytes_done":440560695,"current_files":["/mnt/si0021787ci2/default/lzq/deepresearch/deltatrace_rl_20260922/receipts/environment-only-20260930/loop-entry/appworld-root/experiments/outputs/runner_023821/tasks/60d0b5b_2/dbs/venmo.jsonl"]}
{"message_type":"status","seconds_elapsed":39,"percent_done":1,"total_files":36944,"files_done":36942,"total_bytes":440797237,"bytes_done":440797237}
{"message_type":"status","seconds_elapsed":39,"percent_done":1,"total_files":37014,"files_done":37013,"total_bytes":441024834,"bytes_done":441024834}
{"message_type":"status","seconds_elapsed":39,"percent_done":1,"total_files":37108,"files_done":37108,"total_bytes":441275827,"bytes_done":441275827}
{"message_type":"status","seconds_elapsed":39,"percent_done":0.9999997892933746,"total_files":37192,"files_done":37189,"total_bytes":441371978,"bytes_done":441371885}
{"message_type":"status","seconds_elapsed":39,"percent_done":1,"total_files":37281,"files_done":37281,"total_bytes":441506323,"bytes_done":441506323}
{"message_type":"status","seconds_elapsed":39,"percent_done":1,"total_files":37374,"files_done":37374,"total_bytes":441671926,"bytes_done":441671926}
{"message_type":"status","seconds_elapsed":40,"percent_done":0.9999958673370658,"total_files":37485,"files_done":37484,"total_bytes":441845858,"bytes_done":441844032}
{"message_type":"status","seconds_elapsed":40,"percent_done":0.9998609611420932,"total_files":37596,"files_done":37591,"total_bytes":442092239,"bytes_done":442030771}
{"message_type":"status","seconds_elapsed":40,"percent_done":1,"total_files":37693,"files_done":37693,"total_bytes":442268633,"bytes_done":442268633}
{"message_type":"status","seconds_elapsed":40,"percent_done":1,"total_files":37788,"files_done":37788,"total_bytes":442530118,"bytes_done":442530118}
{"message_type":"status","seconds_elapsed":40,"percent_done":1,"total_files":37866,"files_done":37866,"total_bytes":442812659,"bytes_done":442812659}
{"message_type":"status","seconds_elapsed":40,"percent_done":1,"total_files":37961,"files_done":37959,"total_bytes":443111568,"bytes_done":443111568,"current_files":["/mnt/si0021787ci2/default/lzq/deepresearch/deltatrace_rl_20260922/receipts/environment-only-20260930/loop-entry/appworld-root/experiments/outputs/runner_023970/tasks/27e1026_3/dbs/admin.jsonl"]}
{"message_type":"status","seconds_elapsed":40,"percent_done":1,"total_files":38067,"files_done":38067,"total_bytes":443407064,"bytes_done":443407064}
{"message_type":"status","seconds_elapsed":40,"percent_done":1,"total_files":38149,"files_done":38147,"total_bytes":443583142,"bytes_done":443583142,"current_files":["/mnt/si0021787ci2/default/lzq/deepresearch/deltatrace_rl_20260922/receipts/environment-only-20260930/loop-entry/appworld-root/experiments/outputs/runner_024031/tasks/771d8fc_3/dbs/admin.jsonl"]}
{"message_type":"status","seconds_elapsed":40,"percent_done":1,"total_files":38240,"files_done":38240,"total_bytes":443812459,"bytes_done":443812459}
{"message_type":"status","seconds_elapsed":40,"percent_done":1,"total_files":38333,"files_done":38333,"total_bytes":444131862,"bytes_done":444131862}
{"message_type":"status","seconds_elapsed":41,"percent_done":1,"total_files":38414,"files_done":38413,"total_bytes":444256516,"bytes_done":444256516}
{"message_type":"status","seconds_elapsed":41,"percent_done":1,"total_files":38489,"files_done":38489,"total_bytes":444393982,"bytes_done":444393982}
{"message_type":"status","seconds_elapsed":41,"percent_done":1,"total_files":38594,"files_done":38593,"total_bytes":444565626,"bytes_done":444565626}
{"message_type":"status","seconds_elapsed":41,"percent_done":1,"total_files":38673,"files_done":38673,"total_bytes":444796984,"bytes_done":444796984}
{"message_type":"status","seconds_elapsed":41,"percent_done":1,"total_files":38772,"files_done":38772,"total_bytes":444998167,"bytes_done":444998167}
{"message_type":"status","seconds_elapsed":41,"percent_done":0.999990652913932,"total_files":38881,"files_done":38880,"total_bytes":445165474,"bytes_done":445161313}
{"message_type":"status","seconds_elapsed":41,"percent_done":1,"total_files":38960,"files_done":38960,"total_bytes":445369774,"bytes_done":445369774}
{"message_type":"status","seconds_elapsed":41,"percent_done":1,"total_files":39015,"files_done":39015,"total_bytes":445459169,"bytes_done":445459169}
{"message_type":"status","seconds_elapsed":41,"percent_done":1,"total_files":39089,"files_done":39089,"total_bytes":445670402,"bytes_done":445670402}
{"message_type":"status","seconds_elapsed":41,"percent_done":0.9999999887859772,"total_files":39188,"files_done":39187,"total_bytes":445870326,"bytes_done":445870321,"current_files":["/mnt/si0021787ci2/default/lzq/deepresearch/deltatrace_rl_20260922/receipts/environment-only-20260930/loop-entry/appworld-root/experiments/outputs/runner_024271/tasks/ccb4494_1/version/data.txt"]}
{"message_type":"status","seconds_elapsed":42,"percent_done":0.9998989787854149,"total_files":39262,"files_done":39261,"total_bytes":446064722,"bytes_done":446019660}
{"message_type":"status","seconds_elapsed":42,"percent_done":1,"total_files":39323,"files_done":39321,"total_bytes":446153587,"bytes_done":446153587}
{"message_type":"status","seconds_elapsed":42,"percent_done":1,"total_files":39395,"files_done":39395,"total_bytes":446288702,"bytes_done":446288702}
{"message_type":"status","seconds_elapsed":42,"percent_done":1,"total_files":39488,"files_done":39488,"total_bytes":446562215,"bytes_done":446562215}
{"message_type":"status","seconds_elapsed":42,"percent_done":1,"total_files":39562,"files_done":39562,"total_bytes":446763776,"bytes_done":446763776}
{"message_type":"status","seconds_elapsed":42,"percent_done":1,"total_files":39606,"files_done":39606,"total_bytes":446876695,"bytes_done":446876695}
{"message_type":"status","seconds_elapsed":42,"percent_done":1,"total_files":39676,"files_done":39676,"total_bytes":447033582,"bytes_done":447033582}
{"message_type":"status","seconds_elapsed":42,"percent_done":0.9999911272988962,"total_files":39751,"files_done":39749,"total_bytes":447327139,"bytes_done":447323170}
{"message_type":"status","seconds_elapsed":42,"percent_done":1,"total_files":39834,"files_done":39834,"total_bytes":447531927,"bytes_done":447531927}
{"message_type":"status","seconds_elapsed":42,"percent_done":1,"total_files":39925,"files_done":39925,"total_bytes":447764704,"bytes_done":447764704}
{"message_type":"status","seconds_elapsed":43,"percent_done":0.9999998950981898,"total_files":40013,"files_done":40010,"total_bytes":448038026,"bytes_done":448037979,"current_files":["/mnt/si0021787ci2/default/lzq/deepresearch/deltatrace_rl_20260922/receipts/environment-only-20260930/loop-entry/appworld-root/experiments/outputs/runner_024526/tasks/692c77d_1/dbs/model_hashes.json"]}
{"message_type":"status","seconds_elapsed":43,"percent_done":1,"total_files":40115,"files_done":40115,"total_bytes":448325676,"bytes_done":448325676}
{"message_type":"status","seconds_elapsed":43,"percent_done":1,"total_files":40211,"files_done":40211,"total_bytes":448542452,"bytes_done":448542452}
{"message_type":"status","seconds_elapsed":43,"percent_done":1,"total_files":40297,"files_done":40295,"total_bytes":448674780,"bytes_done":448674780,"current_files":["/mnt/si0021787ci2/default/lzq/deepresearch/deltatrace_rl_20260922/receipts/environment-only-20260930/loop-entry/appworld-root/experiments/outputs/runner_024526/tasks/cf6abd2_3/dbs/model_hashes.json"]}
{"message_type":"status","seconds_elapsed":43,"percent_done":1,"total_files":40410,"files_done":40408,"total_bytes":448958248,"bytes_done":448958248}
{"message_type":"status","seconds_elapsed":43,"percent_done":1,"total_files":40521,"files_done":40521,"total_bytes":449154530,"bytes_done":449154530}
{"message_type":"status","seconds_elapsed":43,"percent_done":1,"total_files":40614,"files_done":40612,"total_bytes":449491183,"bytes_done":449491183}
{"message_type":"status","seconds_elapsed":43,"percent_done":0.9999962793599504,"total_files":40701,"files_done":40700,"total_bytes":449653817,"bytes_done":449652144}
{"message_type":"status","seconds_elapsed":43,"percent_done":0.9999997465608964,"total_files":40788,"files_done":40786,"total_bytes":449812197,"bytes_done":449812083}
{"message_type":"status","seconds_elapsed":43,"percent_done":1,"total_files":40854,"files_done":40854,"total_bytes":450011783,"bytes_done":450011783}
{"message_type":"status","seconds_elapsed":44,"percent_done":1,"total_files":40949,"files_done":40949,"total_bytes":450179228,"bytes_done":450179228}
{"message_type":"status","seconds_elapsed":44,"percent_done":1,"total_files":41044,"files_done":41044,"total_bytes":450664630,"bytes_done":450664630}
{"message_type":"status","seconds_elapsed":44,"percent_done":0.999999977818146,"total_files":41119,"files_done":41118,"total_bytes":450818944,"bytes_done":450818934}
{"message_type":"status","seconds_elapsed":44,"percent_done":1,"total_files":41207,"files_done":41207,"total_bytes":450957418,"bytes_done":450957418}
{"message_type":"status","seconds_elapsed":44,"percent_done":1,"total_files":41287,"files_done":41287,"total_bytes":451118587,"bytes_done":451118587}
{"message_type":"status","seconds_elapsed":44,"percent_done":0.9999588897402156,"total_files":41354,"files_done":41352,"total_bytes":451249885,"bytes_done":451231334}
{"message_type":"status","seconds_elapsed":44,"percent_done":0.9999766910284416,"total_files":41437,"files_done":41436,"total_bytes":451328364,"bytes_done":451317844}
{"message_type":"status","seconds_elapsed":44,"percent_done":1,"total_files":41452,"files_done":41452,"total_bytes":451348625,"bytes_done":451348625}
{"message_type":"status","seconds_elapsed":44,"percent_done":1,"total_files":41452,"files_done":41452,"total_bytes":451348625,"bytes_done":451348625}
{"message_type":"status","seconds_elapsed":44,"percent_done":1,"total_files":41452,"files_done":41452,"total_bytes":451348625,"bytes_done":451348625}
{"message_type":"status","seconds_elapsed":45,"percent_done":1,"total_files":41452,"files_done":41452,"total_bytes":451348625,"bytes_done":451348625}
{"message_type":"status","seconds_elapsed":45,"percent_done":1,"total_files":41452,"files_done":41452,"total_bytes":451348625,"bytes_done":451348625}
{"message_type":"status","seconds_elapsed":45,"percent_done":1,"total_files":41452,"files_done":41452,"total_bytes":451348625,"bytes_done":451348625}
{"message_type":"status","seconds_elapsed":45,"percent_done":1,"total_files":41452,"files_done":41452,"total_bytes":451348625,"bytes_done":451348625}
{"message_type":"status","seconds_elapsed":45,"percent_done":0.9999841600231995,"total_files":41474,"files_done":41473,"total_bytes":451389550,"bytes_done":451382400}
{"message_type":"status","seconds_elapsed":45,"percent_done":1,"total_files":41551,"files_done":41551,"total_bytes":451684119,"bytes_done":451684119}
{"message_type":"status","seconds_elapsed":45,"percent_done":1,"total_files":41646,"files_done":41646,"total_bytes":451915034,"bytes_done":451915034}
{"message_type":"status","seconds_elapsed":45,"percent_done":0.9999970560492784,"total_files":41738,"files_done":41737,"total_bytes":452113546,"bytes_done":452112215}
{"message_type":"status","seconds_elapsed":45,"percent_done":1,"total_files":41834,"files_done":41834,"total_bytes":452296911,"bytes_done":452296911}
{"message_type":"status","seconds_elapsed":45,"percent_done":1,"total_files":41933,"files_done":41933,"total_bytes":452594348,"bytes_done":452594348}
{"message_type":"status","seconds_elapsed":46,"percent_done":1,"total_files":42024,"files_done":42024,"total_bytes":452754048,"bytes_done":452754048}
{"message_type":"status","seconds_elapsed":46,"percent_done":1,"total_files":42104,"files_done":42104,"total_bytes":452884930,"bytes_done":452884930}
{"message_type":"status","seconds_elapsed":46,"percent_done":1,"total_files":42189,"files_done":42188,"total_bytes":453107446,"bytes_done":453107446}
{"message_type":"status","seconds_elapsed":46,"percent_done":1,"total_files":42292,"files_done":42292,"total_bytes":453420116,"bytes_done":453420116}
{"message_type":"status","seconds_elapsed":46,"percent_done":0.9999943179084075,"total_files":42384,"files_done":42383,"total_bytes":453530176,"bytes_done":453527599}
{"message_type":"status","seconds_elapsed":46,"percent_done":1,"total_files":42466,"files_done":42464,"total_bytes":453680346,"bytes_done":453680346,"current_files":["/mnt/si0021787ci2/default/lzq/deepresearch/deltatrace_rl_20260922/receipts/environment-only-20260930/loop-entry/appworld-root/experiments/outputs/runner_025584/tasks/6ea6792_2/dbs/amazon.jsonl"]}
{"message_type":"status","seconds_elapsed":46,"percent_done":0.9999942071751264,"total_files":42552,"files_done":42550,"total_bytes":453837300,"bytes_done":453834671}
{"message_type":"status","seconds_elapsed":46,"percent_done":1,"total_files":42645,"files_done":42643,"total_bytes":454200300,"bytes_done":454200300}
{"message_type":"status","seconds_elapsed":46,"percent_done":1,"total_files":42723,"files_done":42723,"total_bytes":454339742,"bytes_done":454339742}
{"message_type":"status","seconds_elapsed":46,"percent_done":1,"total_files":42822,"files_done":42822,"total_bytes":454981830,"bytes_done":454981830}
{"message_type":"status","seconds_elapsed":47,"percent_done":1,"total_files":42917,"files_done":42917,"total_bytes":455271154,"bytes_done":455271154}
{"message_type":"status","seconds_elapsed":47,"percent_done":1,"total_files":42996,"files_done":42994,"total_bytes":455457530,"bytes_done":455457530}
{"message_type":"status","seconds_elapsed":47,"percent_done":0.99999996708056,"total_files":43107,"files_done":43105,"total_bytes":455657812,"bytes_done":455657797}
{"message_type":"status","seconds_elapsed":47,"percent_done":1,"total_files":43215,"files_done":43215,"total_bytes":455868985,"bytes_done":455868985}
{"message_type":"status","seconds_elapsed":47,"percent_done":0.9999103003416409,"total_files":43314,"files_done":43312,"total_bytes":456066397,"bytes_done":456025488}
{"message_type":"status","seconds_elapsed":47,"percent_done":0.9998772801940451,"total_files":43405,"files_done":43404,"total_bytes":456283316,"bytes_done":456227321}
{"message_type":"status","seconds_elapsed":47,"percent_done":1,"total_files":43490,"files_done":43488,"total_bytes":456461269,"bytes_done":456461269}
{"message_type":"status","seconds_elapsed":47,"percent_done":1,"total_files":43576,"files_done":43576,"total_bytes":457002756,"bytes_done":457002756}
{"message_type":"status","seconds_elapsed":47,"percent_done":1,"total_files":43637,"files_done":43637,"total_bytes":457204022,"bytes_done":457204022}
{"message_type":"status","seconds_elapsed":47,"percent_done":0.9999999781354995,"total_files":43733,"files_done":43732,"total_bytes":457362380,"bytes_done":457362370}
{"message_type":"status","seconds_elapsed":48,"percent_done":1,"total_files":43820,"files_done":43818,"total_bytes":457506803,"bytes_done":457506803}
{"message_type":"status","seconds_elapsed":48,"percent_done":1,"total_files":43867,"files_done":43867,"total_bytes":457879045,"bytes_done":457879045}
{"message_type":"status","seconds_elapsed":48,"percent_done":1,"total_files":43944,"files_done":43943,"total_bytes":458020199,"bytes_done":458020199}
{"message_type":"status","seconds_elapsed":48,"percent_done":0.9999465192974256,"total_files":44031,"files_done":44028,"total_bytes":458333545,"bytes_done":458309033}
{"message_type":"status","seconds_elapsed":48,"percent_done":1,"total_files":44135,"files_done":44133,"total_bytes":458670221,"bytes_done":458670221,"current_files":["/mnt/si0021787ci2/default/lzq/deepresearch/deltatrace_rl_20260922/receipts/environment-only-20260930/loop-entry/appworld-root/experiments/outputs/runner_025862/tasks/692c77d_1/dbs/admin.jsonl"]}
{"message_type":"status","seconds_elapsed":48,"percent_done":0.9999554581519208,"total_files":44245,"files_done":44243,"total_bytes":459073902,"bytes_done":459053454}
{"message_type":"status","seconds_elapsed":48,"percent_done":1,"total_files":44323,"files_done":44323,"total_bytes":459244252,"bytes_done":459244252}
{"message_type":"status","seconds_elapsed":48,"percent_done":1,"total_files":44433,"files_done":44433,"total_bytes":459398411,"bytes_done":459398411}
{"message_type":"status","seconds_elapsed":48,"percent_done":1,"total_files":44513,"files_done":44513,"total_bytes":459554373,"bytes_done":459554373}
{"message_type":"status","seconds_elapsed":48,"percent_done":0.9999999782460661,"total_files":44605,"files_done":44604,"total_bytes":459686973,"bytes_done":459686963}
{"message_type":"status","seconds_elapsed":49,"percent_done":1,"total_files":44699,"files_done":44699,"total_bytes":459861566,"bytes_done":459861566}
{"message_type":"status","seconds_elapsed":49,"percent_done":0.9999999782608862,"total_files":44793,"files_done":44792,"total_bytes":460000350,"bytes_done":460000340}
{"message_type":"status","seconds_elapsed":49,"percent_done":1,"total_files":44868,"files_done":44868,"total_bytes":460087725,"bytes_done":460087725}
{"message_type":"status","seconds_elapsed":49,"percent_done":1,"total_files":44963,"files_done":44963,"total_bytes":460291097,"bytes_done":460291097}
{"message_type":"status","seconds_elapsed":49,"percent_done":0.999999967425886,"total_files":45058,"files_done":45056,"total_bytes":460488351,"bytes_done":460488336}
{"message_type":"status","seconds_elapsed":49,"percent_done":1,"total_files":45166,"files_done":45166,"total_bytes":460681688,"bytes_done":460681688}
{"message_type":"status","seconds_elapsed":49,"percent_done":0.9999999783010612,"total_files":45247,"files_done":45246,"total_bytes":460852030,"bytes_done":460852020}
{"message_type":"status","seconds_elapsed":49,"percent_done":1,"total_files":45362,"files_done":45362,"total_bytes":461080134,"bytes_done":461080134}
{"message_type":"status","seconds_elapsed":49,"percent_done":1,"total_files":45468,"files_done":45468,"total_bytes":461212210,"bytes_done":461212210}
{"message_type":"status","seconds_elapsed":49,"percent_done":1,"total_files":45527,"files_done":45527,"total_bytes":461410090,"bytes_done":461410090}
{"message_type":"status","seconds_elapsed":50,"percent_done":1,"total_files":45616,"files_done":45613,"total_bytes":461541808,"bytes_done":461541808}
{"message_type":"status","seconds_elapsed":50,"percent_done":1,"total_files":45698,"files_done":45698,"total_bytes":461842371,"bytes_done":461842371}
{"message_type":"status","seconds_elapsed":50,"percent_done":1,"total_files":45810,"files_done":45810,"total_bytes":462089001,"bytes_done":462089001}
{"message_type":"status","seconds_elapsed":50,"percent_done":1,"total_files":45905,"files_done":45905,"total_bytes":462257517,"bytes_done":462257517}
{"message_type":"status","seconds_elapsed":50,"percent_done":1,"total_files":46013,"files_done":46013,"total_bytes":462440384,"bytes_done":462440384}
{"message_type":"status","seconds_elapsed":50,"percent_done":0.9999630102572983,"total_files":46110,"files_done":46109,"total_bytes":462587700,"bytes_done":462570589}
{"message_type":"status","seconds_elapsed":50,"percent_done":1,"total_files":46186,"files_done":46186,"total_bytes":462729322,"bytes_done":462729322}
{"message_type":"status","seconds_elapsed":50,"percent_done":1,"total_files":46281,"files_done":46281,"total_bytes":462882742,"bytes_done":462882742}
{"message_type":"status","seconds_elapsed":50,"percent_done":1,"total_files":46384,"files_done":46382,"total_bytes":463099467,"bytes_done":463099467}
{"message_type":"status","seconds_elapsed":50,"percent_done":1,"total_files":46488,"files_done":46488,"total_bytes":463365185,"bytes_done":463365185}
{"message_type":"status","seconds_elapsed":51,"percent_done":1,"total_files":46604,"files_done":46604,"total_bytes":463637872,"bytes_done":463637872}
{"message_type":"status","seconds_elapsed":51,"percent_done":1,"total_files":46707,"files_done":46705,"total_bytes":463790865,"bytes_done":463790865}
{"message_type":"status","seconds_elapsed":51,"percent_done":1,"total_files":46806,"files_done":46804,"total_bytes":463972104,"bytes_done":463972104}
{"message_type":"status","seconds_elapsed":51,"percent_done":1,"total_files":46883,"files_done":46883,"total_bytes":464076628,"bytes_done":464076628}
{"message_type":"status","seconds_elapsed":51,"percent_done":1,"total_files":46978,"files_done":46978,"total_bytes":464291117,"bytes_done":464291117}
{"message_type":"status","seconds_elapsed":51,"percent_done":1,"total_files":47074,"files_done":47073,"total_bytes":464514938,"bytes_done":464514938}
{"message_type":"status","seconds_elapsed":51,"percent_done":1,"total_files":47187,"files_done":47187,"total_bytes":464706719,"bytes_done":464706719}
{"message_type":"status","seconds_elapsed":51,"percent_done":0.999991808271581,"total_files":47276,"files_done":47273,"total_bytes":464859161,"bytes_done":464855353}
{"message_type":"status","seconds_elapsed":51,"percent_done":1,"total_files":47377,"files_done":47377,"total_bytes":465168013,"bytes_done":465168013}
{"message_type":"status","seconds_elapsed":51,"percent_done":1,"total_files":47472,"files_done":47472,"total_bytes":465387502,"bytes_done":465387502}
{"message_type":"status","seconds_elapsed":52,"percent_done":0.9999916498329977,"total_files":47560,"files_done":47558,"total_bytes":465619430,"bytes_done":465615542}
{"message_type":"status","seconds_elapsed":52,"percent_done":1,"total_files":47651,"files_done":47650,"total_bytes":465768853,"bytes_done":465768853}
{"message_type":"status","seconds_elapsed":52,"percent_done":1,"total_files":47730,"files_done":47730,"total_bytes":466024208,"bytes_done":466024208}
{"message_type":"status","seconds_elapsed":52,"percent_done":1,"total_files":47829,"files_done":47827,"total_bytes":466222197,"bytes_done":466222197,"current_files":["/mnt/si0021787ci2/default/lzq/deepresearch/deltatrace_rl_20260922/receipts/environment-only-20260930/loop-entry/appworld-root/experiments/outputs/runner_027450/tasks/d0b1f43_2/dbs/admin.jsonl"]}
{"message_type":"status","seconds_elapsed":52,"percent_done":1,"total_files":47922,"files_done":47922,"total_bytes":466370772,"bytes_done":466370772}
{"message_type":"status","seconds_elapsed":52,"percent_done":0.9999577141282286,"total_files":48025,"files_done":48022,"total_bytes":466538803,"bytes_done":466519075,"current_files":["/mnt/si0021787ci2/default/lzq/deepresearch/deltatrace_rl_20260922/receipts/environment-only-20260930/loop-entry/appworld-root/experiments/outputs/runner_027642/tasks/692c77d_1/dbs/simple_note.jsonl"]}
{"message_type":"status","seconds_elapsed":52,"percent_done":0.9999982199180121,"total_files":48125,"files_done":48123,"total_bytes":466832430,"bytes_done":466831599}
{"message_type":"status","seconds_elapsed":52,"percent_done":0.9999963841384446,"total_files":48220,"files_done":48218,"total_bytes":467108592,"bytes_done":467106903,"current_files":["/mnt/si0021787ci2/default/lzq/deepresearch/deltatrace_rl_20260922/receipts/environment-only-20260930/loop-entry/appworld-root/experiments/outputs/runner_027648/tasks/aa8502b_2/evaluation/report.md"]}
{"message_type":"status","seconds_elapsed":52,"percent_done":0.9998468111803774,"total_files":48336,"files_done":48334,"total_bytes":467423146,"bytes_done":467351542}
{"message_type":"status","seconds_elapsed":52,"percent_done":0.9999982443273747,"total_files":48447,"files_done":48446,"total_bytes":467627044,"bytes_done":467626223}
{"message_type":"status","seconds_elapsed":53,"percent_done":1,"total_files":48526,"files_done":48526,"total_bytes":467759231,"bytes_done":467759231}
{"message_type":"status","seconds_elapsed":53,"percent_done":1,"total_files":48619,"files_done":48619,"total_bytes":468039943,"bytes_done":468039943}
{"message_type":"status","seconds_elapsed":53,"percent_done":1,"total_files":48714,"files_done":48714,"total_bytes":468399709,"bytes_done":468399709}
{"message_type":"status","seconds_elapsed":53,"percent_done":1,"total_files":48794,"files_done":48793,"total_bytes":468600035,"bytes_done":468600035}
{"message_type":"status","seconds_elapsed":53,"percent_done":1,"total_files":48867,"files_done":48866,"total_bytes":468788812,"bytes_done":468788812,"current_files":["/mnt/si0021787ci2/default/lzq/deepresearch/deltatrace_rl_20260922/receipts/environment-only-20260930/loop-entry/appworld-root/experiments/outputs/runner_027795/tasks/60d0b5b_3/version/code.txt"]}
{"message_type":"status","seconds_elapsed":53,"percent_done":0.9999999893401094,"total_files":48963,"files_done":48962,"total_bytes":469047963,"bytes_done":469047958}
{"message_type":"status","seconds_elapsed":53,"percent_done":0.9999999680328432,"total_files":49077,"files_done":49075,"total_bytes":469231595,"bytes_done":469231580}
{"message_type":"status","seconds_elapsed":53,"percent_done":1,"total_files":49182,"files_done":49180,"total_bytes":469400072,"bytes_done":469400072}
{"message_type":"status","seconds_elapsed":53,"percent_done":1,"total_files":49265,"files_done":49265,"total_bytes":469587537,"bytes_done":469587537}
{"message_type":"status","seconds_elapsed":53,"percent_done":1,"total_files":49365,"files_done":49363,"total_bytes":469745000,"bytes_done":469745000}
client_loop: send disconnect: Connection reset
