Loading checkpoint shards:   0%|          | 0/5 [00:00<?, ?it/s]Loading checkpoint shards:  20%|██        | 1/5 [00:02<00:09,  2.29s/it]Loading checkpoint shards:  40%|████      | 2/5 [00:04<00:06,  2.25s/it]Loading checkpoint shards:  60%|██████    | 3/5 [00:06<00:04,  2.23s/it]Loading checkpoint shards:  80%|████████  | 4/5 [00:08<00:02,  2.05s/it]Loading checkpoint shards: 100%|██████████| 5/5 [00:09<00:00,  1.56s/it]Loading checkpoint shards: 100%|██████████| 5/5 [00:09<00:00,  1.84s/it]
{"case": "niah_mq_q2_3", "mode": "single", "rise": 0.10707094918504315, "mas": 0.13977669084139843, "needle": 0.47368421052631576}
{"case": "niah_mq_q2_3", "mode": "batch", "rise": 0.10707094918504315, "mas": 0.13989723663300604, "needle": 0.47368421052631576}
{"case": "niah_mq_q2_0", "mode": "single", "rise": 0.08545112781954886, "mas": 0.10933687647137935, "needle": 0.425}
{"case": "niah_mq_q2_0", "mode": "batch", "rise": 0.08545112781954886, "mas": 0.10931945268514387, "needle": 0.425}
{"case": "niah_mq_q2_6", "mode": "single", "rise": 0.05636986301369863, "mas": 0.08683371500071609, "needle": 0.4594594594594595}
{"case": "niah_mq_q2_6", "mode": "batch", "rise": 0.05636986301369863, "mas": 0.08678796509428617, "needle": 0.4594594594594595}
{"case": "niah_mq_q2_4", "mode": "single", "rise": 0.0386986301369863, "mas": 0.06644638708617352, "needle": 0.9743589743589743}
{"case": "niah_mq_q2_4", "mode": "batch", "rise": 0.0386986301369863, "mas": 0.06645341326745863, "needle": 0.9743589743589743}
{"case": "niah_mq_q2_1", "mode": "single", "rise": 0.0410655737704918, "mas": 0.06099932807942576, "needle": 0.9736842105263158}
{"case": "niah_mq_q2_1", "mode": "batch", "rise": 0.0410655737704918, "mas": 0.060943830198630825, "needle": 0.9736842105263158}
{"case": "niah_mq_q2_7", "mode": "single", "rise": 0.048666462293071734, "mas": 0.07102312846560811, "needle": 0.9743589743589743}
{"case": "niah_mq_q2_7", "mode": "batch", "rise": 0.04940220723482526, "mas": 0.07091821125239317, "needle": 0.9743589743589743}
{"case": "niah_mq_q2_5", "mode": "single", "rise": 0.04196969696969697, "mas": 0.05250739287479972, "needle": 1.0}
{"case": "niah_mq_q2_5", "mode": "batch", "rise": 0.04196969696969697, "mas": 0.052503328735736376, "needle": 1.0}
{"case": "niah_mq_q2_2", "mode": "single", "rise": 0.03960084033613446, "mas": 0.05806260304714013, "needle": 0.9210526315789473}
{"case": "niah_mq_q2_2", "mode": "batch", "rise": 0.03960084033613446, "mas": 0.058218493932459925, "needle": 0.9210526315789473}
{"case": "morehopqa_5", "mode": "single", "rise": 0.09092960288808664, "mas": 0.14390117729024895, "needle": null}
{"case": "morehopqa_5", "mode": "batch", "rise": 0.09092960288808664, "mas": 0.14377652762170007, "needle": null}
{"case": "morehopqa_1", "mode": "single", "rise": 0.026527689369828134, "mas": 0.10173728511942007, "needle": null}
{"case": "morehopqa_1", "mode": "batch", "rise": 0.026527689369828134, "mas": 0.10181114195898448, "needle": null}
{"case": "morehopqa_6", "mode": "single", "rise": 0.07412917271407836, "mas": 0.13065774261376134, "needle": null}
{"case": "morehopqa_6", "mode": "batch", "rise": 0.07412917271407836, "mas": 0.13081208770159874, "needle": null}
{"case": "morehopqa_7", "mode": "single", "rise": 0.08506616257088846, "mas": 0.12412129585786154, "needle": null}
{"case": "morehopqa_7", "mode": "batch", "rise": 0.08506616257088846, "mas": 0.12402880070791322, "needle": null}
{"case": "morehopqa_2", "mode": "single", "rise": 0.06764264264264264, "mas": 0.09933480055815273, "needle": null}
{"case": "morehopqa_2", "mode": "batch", "rise": 0.06869369369369369, "mas": 0.10290323395558251, "needle": null}
{"case": "morehopqa_4", "mode": "single", "rise": 0.05522388059701492, "mas": 0.14421606813713428, "needle": null}
{"case": "morehopqa_4", "mode": "batch", "rise": 0.05522388059701492, "mas": 0.14421361339246383, "needle": null}
{"case": "morehopqa_3", "mode": "single", "rise": 0.04122992392223161, "mas": 0.08960909378095146, "needle": null}
{"case": "morehopqa_3", "mode": "batch", "rise": 0.04122992392223161, "mas": 0.0897382018717382, "needle": null}
{"case": "morehopqa_0", "mode": "single", "rise": 0.02705479452054794, "mas": 0.10460429758241234, "needle": null}
{"case": "morehopqa_0", "mode": "batch", "rise": 0.02705479452054794, "mas": 0.10429416590735274, "needle": null}
